<?xml version="1.0" encoding="ISO-8859-1" ?>
<link_info>
   <banner>TI ARM Linker PC v20.2.0.LTS</banner>
   <copyright>Copyright (c) 1996-2018 Texas Instruments Incorporated</copyright>
   <link_time>0x5f073adc</link_time>
   <link_errors>0x0</link_errors>
   <output_file>empty_CC3220SF_LAUNCHXL_freertos_ccs.out</output_file>
   <entry_point>
      <name>resetISR</name>
      <address>0x10053a5</address>
   </entry_point>
   <input_file_list>
      <input_file id="fl-2">
         <path>.\</path>
         <kind>object</kind>
         <file>debug.obj</file>
         <name>debug.obj</name>
      </input_file>
      <input_file id="fl-3">
         <path>.\</path>
         <kind>object</kind>
         <file>empty.obj</file>
         <name>empty.obj</name>
      </input_file>
      <input_file id="fl-4">
         <path>.\syscfg\</path>
         <kind>object</kind>
         <file>ti_drivers_config.obj</file>
         <name>ti_drivers_config.obj</name>
      </input_file>
      <input_file id="fl-5">
         <path>.\</path>
         <kind>object</kind>
         <file>main_freertos.obj</file>
         <name>main_freertos.obj</name>
      </input_file>
      <input_file id="fl-6">
         <path>.\</path>
         <kind>object</kind>
         <file>sensor_queue.obj</file>
         <name>sensor_queue.obj</name>
      </input_file>
      <input_file id="fl-7">
         <path>.\</path>
         <kind>object</kind>
         <file>timerone.obj</file>
         <name>timerone.obj</name>
      </input_file>
      <input_file id="fl-8">
         <path>.\</path>
         <kind>object</kind>
         <file>ultrasonic.obj</file>
         <name>ultrasonic.obj</name>
      </input_file>
      <input_file id="fl-13">
         <kind>object</kind>
         <file>&lt;internal&gt;</file>
         <name>&lt;internal&gt;</name>
      </input_file>
      <input_file id="fl-14">
         <path>C:\ti\simplelink_cc32xx_sdk_4_10_00_07\source\ti\drivers\lib\</path>
         <kind>archive</kind>
         <file>drivers_cc32xx.aem4</file>
         <name>GPIOCC32XX.oem4</name>
      </input_file>
      <input_file id="fl-15">
         <path>C:\ti\simplelink_cc32xx_sdk_4_10_00_07\source\ti\drivers\lib\</path>
         <kind>archive</kind>
         <file>drivers_cc32xx.aem4</file>
         <name>PowerCC32XX.oem4</name>
      </input_file>
      <input_file id="fl-16">
         <path>C:\ti\simplelink_cc32xx_sdk_4_10_00_07\source\ti\drivers\lib\</path>
         <kind>archive</kind>
         <file>drivers_cc32xx.aem4</file>
         <name>PowerCC32XX_asm.oem4</name>
      </input_file>
      <input_file id="fl-17">
         <path>C:\ti\simplelink_cc32xx_sdk_4_10_00_07\source\ti\drivers\lib\</path>
         <kind>archive</kind>
         <file>drivers_cc32xx.aem4</file>
         <name>Timer.oem4</name>
      </input_file>
      <input_file id="fl-18">
         <path>C:\ti\simplelink_cc32xx_sdk_4_10_00_07\source\ti\drivers\lib\</path>
         <kind>archive</kind>
         <file>drivers_cc32xx.aem4</file>
         <name>TimerCC32XX.oem4</name>
      </input_file>
      <input_file id="fl-19">
         <path>C:\ti\simplelink_cc32xx_sdk_4_10_00_07\source\ti\drivers\lib\</path>
         <kind>archive</kind>
         <file>drivers_cc32xx.aem4</file>
         <name>UART.oem4</name>
      </input_file>
      <input_file id="fl-1a">
         <path>C:\ti\simplelink_cc32xx_sdk_4_10_00_07\source\ti\drivers\lib\</path>
         <kind>archive</kind>
         <file>drivers_cc32xx.aem4</file>
         <name>UARTCC32XX.oem4</name>
      </input_file>
      <input_file id="fl-1b">
         <path>C:\ti\simplelink_cc32xx_sdk_4_10_00_07\source\ti\drivers\lib\</path>
         <kind>archive</kind>
         <file>drivers_cc32xx.aem4</file>
         <name>List.oem4</name>
      </input_file>
      <input_file id="fl-1c">
         <path>C:\ti\simplelink_cc32xx_sdk_4_10_00_07\source\ti\drivers\lib\</path>
         <kind>archive</kind>
         <file>drivers_cc32xx.aem4</file>
         <name>RingBuf.oem4</name>
      </input_file>
      <input_file id="fl-1d">
         <path>C:\Users\Kaito\Desktop\CCS\freertos_builds_CC3220SF_LAUNCHXL_release_ccs\Debug\</path>
         <kind>archive</kind>
         <file>freertos_builds_CC3220SF_LAUNCHXL_release_ccs.lib</file>
         <name>ClockP_freertos.obj</name>
      </input_file>
      <input_file id="fl-1e">
         <path>C:\Users\Kaito\Desktop\CCS\freertos_builds_CC3220SF_LAUNCHXL_release_ccs\Debug\</path>
         <kind>archive</kind>
         <file>freertos_builds_CC3220SF_LAUNCHXL_release_ccs.lib</file>
         <name>HwiPCC32XX_freertos.obj</name>
      </input_file>
      <input_file id="fl-1f">
         <path>C:\Users\Kaito\Desktop\CCS\freertos_builds_CC3220SF_LAUNCHXL_release_ccs\Debug\</path>
         <kind>archive</kind>
         <file>freertos_builds_CC3220SF_LAUNCHXL_release_ccs.lib</file>
         <name>PowerCC32XX_freertos.obj</name>
      </input_file>
      <input_file id="fl-20">
         <path>C:\Users\Kaito\Desktop\CCS\freertos_builds_CC3220SF_LAUNCHXL_release_ccs\Debug\</path>
         <kind>archive</kind>
         <file>freertos_builds_CC3220SF_LAUNCHXL_release_ccs.lib</file>
         <name>SemaphoreP_freertos.obj</name>
      </input_file>
      <input_file id="fl-21">
         <path>C:\Users\Kaito\Desktop\CCS\freertos_builds_CC3220SF_LAUNCHXL_release_ccs\Debug\</path>
         <kind>archive</kind>
         <file>freertos_builds_CC3220SF_LAUNCHXL_release_ccs.lib</file>
         <name>heap_4.obj</name>
      </input_file>
      <input_file id="fl-22">
         <path>C:\Users\Kaito\Desktop\CCS\freertos_builds_CC3220SF_LAUNCHXL_release_ccs\Debug\</path>
         <kind>archive</kind>
         <file>freertos_builds_CC3220SF_LAUNCHXL_release_ccs.lib</file>
         <name>queue.obj</name>
      </input_file>
      <input_file id="fl-23">
         <path>C:\Users\Kaito\Desktop\CCS\freertos_builds_CC3220SF_LAUNCHXL_release_ccs\Debug\</path>
         <kind>archive</kind>
         <file>freertos_builds_CC3220SF_LAUNCHXL_release_ccs.lib</file>
         <name>tasks.obj</name>
      </input_file>
      <input_file id="fl-24">
         <path>C:\Users\Kaito\Desktop\CCS\freertos_builds_CC3220SF_LAUNCHXL_release_ccs\Debug\</path>
         <kind>archive</kind>
         <file>freertos_builds_CC3220SF_LAUNCHXL_release_ccs.lib</file>
         <name>timers.obj</name>
      </input_file>
      <input_file id="fl-25">
         <path>C:\Users\Kaito\Desktop\CCS\freertos_builds_CC3220SF_LAUNCHXL_release_ccs\Debug\</path>
         <kind>archive</kind>
         <file>freertos_builds_CC3220SF_LAUNCHXL_release_ccs.lib</file>
         <name>port.obj</name>
      </input_file>
      <input_file id="fl-26">
         <path>C:\Users\Kaito\Desktop\CCS\freertos_builds_CC3220SF_LAUNCHXL_release_ccs\Debug\</path>
         <kind>archive</kind>
         <file>freertos_builds_CC3220SF_LAUNCHXL_release_ccs.lib</file>
         <name>portasm.obj</name>
      </input_file>
      <input_file id="fl-27">
         <path>C:\Users\Kaito\Desktop\CCS\freertos_builds_CC3220SF_LAUNCHXL_release_ccs\Debug\</path>
         <kind>archive</kind>
         <file>freertos_builds_CC3220SF_LAUNCHXL_release_ccs.lib</file>
         <name>startup_cc32xx_ccs.obj</name>
      </input_file>
      <input_file id="fl-28">
         <path>C:\Users\Kaito\Desktop\CCS\freertos_builds_CC3220SF_LAUNCHXL_release_ccs\Debug\</path>
         <kind>archive</kind>
         <file>freertos_builds_CC3220SF_LAUNCHXL_release_ccs.lib</file>
         <name>PTLS.obj</name>
      </input_file>
      <input_file id="fl-29">
         <path>C:\Users\Kaito\Desktop\CCS\freertos_builds_CC3220SF_LAUNCHXL_release_ccs\Debug\</path>
         <kind>archive</kind>
         <file>freertos_builds_CC3220SF_LAUNCHXL_release_ccs.lib</file>
         <name>pthread.obj</name>
      </input_file>
      <input_file id="fl-2a">
         <path>C:\Users\Kaito\Desktop\CCS\freertos_builds_CC3220SF_LAUNCHXL_release_ccs\Debug\</path>
         <kind>archive</kind>
         <file>freertos_builds_CC3220SF_LAUNCHXL_release_ccs.lib</file>
         <name>sleep.obj</name>
      </input_file>
      <input_file id="fl-2b">
         <path>C:\Users\Kaito\Desktop\CCS\freertos_builds_CC3220SF_LAUNCHXL_release_ccs\Debug\</path>
         <kind>archive</kind>
         <file>freertos_builds_CC3220SF_LAUNCHXL_release_ccs.lib</file>
         <name>list.obj</name>
      </input_file>
      <input_file id="fl-2c">
         <path>C:\Users\Kaito\Desktop\CCS\freertos_builds_CC3220SF_LAUNCHXL_release_ccs\Debug\</path>
         <kind>archive</kind>
         <file>freertos_builds_CC3220SF_LAUNCHXL_release_ccs.lib</file>
         <name>aeabi_portable.obj</name>
      </input_file>
      <input_file id="fl-2d">
         <path>C:\ti\simplelink_cc32xx_sdk_4_10_00_07\source\ti\devices\cc32xx\driverlib\ccs\Release\</path>
         <kind>archive</kind>
         <file>driverlib.a</file>
         <name>interrupt.obj</name>
      </input_file>
      <input_file id="fl-2e">
         <path>C:\ti\simplelink_cc32xx_sdk_4_10_00_07\source\ti\devices\cc32xx\driverlib\ccs\Release\</path>
         <kind>archive</kind>
         <file>driverlib.a</file>
         <name>pin.obj</name>
      </input_file>
      <input_file id="fl-2f">
         <path>C:\ti\simplelink_cc32xx_sdk_4_10_00_07\source\ti\devices\cc32xx\driverlib\ccs\Release\</path>
         <kind>archive</kind>
         <file>driverlib.a</file>
         <name>prcm.obj</name>
      </input_file>
      <input_file id="fl-30">
         <path>C:\ti\simplelink_cc32xx_sdk_4_10_00_07\source\ti\devices\cc32xx\driverlib\ccs\Release\</path>
         <kind>archive</kind>
         <file>driverlib.a</file>
         <name>systick.obj</name>
      </input_file>
      <input_file id="fl-31">
         <path>C:\ti\simplelink_cc32xx_sdk_4_10_00_07\source\ti\devices\cc32xx\driverlib\ccs\Release\</path>
         <kind>archive</kind>
         <file>driverlib.a</file>
         <name>timer.obj</name>
      </input_file>
      <input_file id="fl-32">
         <path>C:\ti\simplelink_cc32xx_sdk_4_10_00_07\source\ti\devices\cc32xx\driverlib\ccs\Release\</path>
         <kind>archive</kind>
         <file>driverlib.a</file>
         <name>uart.obj</name>
      </input_file>
      <input_file id="fl-33">
         <path>C:\ti\simplelink_cc32xx_sdk_4_10_00_07\source\ti\devices\cc32xx\driverlib\ccs\Release\</path>
         <kind>archive</kind>
         <file>driverlib.a</file>
         <name>utils.obj</name>
      </input_file>
      <input_file id="fl-34">
         <path>C:\ti\simplelink_cc32xx_sdk_4_10_00_07\source\ti\devices\cc32xx\driverlib\ccs\Release\</path>
         <kind>archive</kind>
         <file>driverlib.a</file>
         <name>cpu.obj</name>
      </input_file>
      <input_file id="fl-35">
         <path>C:\ti\simplelink_cc32xx_sdk_4_10_00_07\source\ti\devices\cc32xx\driverlib\ccs\Release\</path>
         <kind>archive</kind>
         <file>driverlib.a</file>
         <name>flash.obj</name>
      </input_file>
      <input_file id="fl-eb">
         <path>C:\ti\ccs1000\ccs\tools\compiler\ti-cgt-arm_20.2.0.LTS\lib\</path>
         <kind>archive</kind>
         <file>rtsv7M4_T_le_eabi.lib</file>
         <name>ll_mul_t2.asm.obj</name>
      </input_file>
      <input_file id="fl-ec">
         <path>C:\ti\ccs1000\ccs\tools\compiler\ti-cgt-arm_20.2.0.LTS\lib\</path>
         <kind>archive</kind>
         <file>rtsv7M4_T_le_eabi.lib</file>
         <name>memcpy_t2.asm.obj</name>
      </input_file>
      <input_file id="fl-ed">
         <path>C:\ti\ccs1000\ccs\tools\compiler\ti-cgt-arm_20.2.0.LTS\lib\</path>
         <kind>archive</kind>
         <file>rtsv7M4_T_le_eabi.lib</file>
         <name>memset_t2.asm.obj</name>
      </input_file>
      <input_file id="fl-ee">
         <path>C:\ti\ccs1000\ccs\tools\compiler\ti-cgt-arm_20.2.0.LTS\lib\</path>
         <kind>archive</kind>
         <file>rtsv7M4_T_le_eabi.lib</file>
         <name>ull_div_t2.asm.obj</name>
      </input_file>
      <input_file id="fl-ef">
         <path>C:\ti\ccs1000\ccs\tools\compiler\ti-cgt-arm_20.2.0.LTS\lib\</path>
         <kind>archive</kind>
         <file>rtsv7M4_T_le_eabi.lib</file>
         <name>copy_zero_init.c.obj</name>
      </input_file>
      <input_file id="fl-f0">
         <path>C:\ti\ccs1000\ccs\tools\compiler\ti-cgt-arm_20.2.0.LTS\lib\</path>
         <kind>archive</kind>
         <file>rtsv7M4_T_le_eabi.lib</file>
         <name>copy_decompress_none.c.obj</name>
      </input_file>
      <input_file id="fl-f1">
         <path>C:\ti\ccs1000\ccs\tools\compiler\ti-cgt-arm_20.2.0.LTS\lib\</path>
         <kind>archive</kind>
         <file>rtsv7M4_T_le_eabi.lib</file>
         <name>copy_decompress_lzss.c.obj</name>
      </input_file>
      <input_file id="fl-f2">
         <path>C:\ti\ccs1000\ccs\tools\compiler\ti-cgt-arm_20.2.0.LTS\lib\</path>
         <kind>archive</kind>
         <file>rtsv7M4_T_le_eabi.lib</file>
         <name>boot_cortex_m.c.obj</name>
      </input_file>
      <input_file id="fl-f3">
         <path>C:\ti\ccs1000\ccs\tools\compiler\ti-cgt-arm_20.2.0.LTS\lib\</path>
         <kind>archive</kind>
         <file>rtsv7M4_T_le_eabi.lib</file>
         <name>div0.asm.obj</name>
      </input_file>
      <input_file id="fl-f4">
         <path>C:\ti\ccs1000\ccs\tools\compiler\ti-cgt-arm_20.2.0.LTS\lib\</path>
         <kind>archive</kind>
         <file>rtsv7M4_T_le_eabi.lib</file>
         <name>autoinit.c.obj</name>
      </input_file>
      <input_file id="fl-f5">
         <path>C:\ti\ccs1000\ccs\tools\compiler\ti-cgt-arm_20.2.0.LTS\lib\</path>
         <kind>archive</kind>
         <file>rtsv7M4_T_le_eabi.lib</file>
         <name>pre_init.c.obj</name>
      </input_file>
      <input_file id="fl-f6">
         <path>C:\ti\ccs1000\ccs\tools\compiler\ti-cgt-arm_20.2.0.LTS\lib\</path>
         <kind>archive</kind>
         <file>rtsv7M4_T_le_eabi.lib</file>
         <name>cpy_tbl.c.obj</name>
      </input_file>
      <input_file id="fl-f7">
         <path>C:\ti\ccs1000\ccs\tools\compiler\ti-cgt-arm_20.2.0.LTS\lib\</path>
         <kind>archive</kind>
         <file>rtsv7M4_T_le_eabi.lib</file>
         <name>exit.c.obj</name>
      </input_file>
      <input_file id="fl-f8">
         <path>C:\ti\ccs1000\ccs\tools\compiler\ti-cgt-arm_20.2.0.LTS\lib\</path>
         <kind>archive</kind>
         <file>rtsv7M4_T_le_eabi.lib</file>
         <name>_lock.c.obj</name>
      </input_file>
      <input_file id="fl-f9">
         <path>C:\ti\ccs1000\ccs\tools\compiler\ti-cgt-arm_20.2.0.LTS\lib\</path>
         <kind>archive</kind>
         <file>rtsv7M4_T_le_eabi.lib</file>
         <name>args_main.c.obj</name>
      </input_file>
   </input_file_list>
   <object_component_list>
      <object_component id="oc-22e">
         <name>.text:PRCMCC3200MCUInit</name>
         <load_address>0x1000840</load_address>
         <run_address>0x1000840</run_address>
         <size>0x42c</size>
         <input_file_ref idref="fl-2f"/>
      </object_component>
      <object_component id="oc-2a2">
         <name>.text:GPIO_setConfig</name>
         <load_address>0x1000c6c</load_address>
         <run_address>0x1000c6c</run_address>
         <size>0x1e4</size>
         <input_file_ref idref="fl-14"/>
      </object_component>
      <object_component id="oc-573">
         <name>.text:xQueueSemaphoreTake</name>
         <load_address>0x1000e50</load_address>
         <run_address>0x1000e50</run_address>
         <size>0x1d0</size>
         <input_file_ref idref="fl-22"/>
      </object_component>
      <object_component id="oc-510">
         <name>.text:xQueueGenericSend</name>
         <load_address>0x1001020</load_address>
         <run_address>0x1001020</run_address>
         <size>0x1b8</size>
         <input_file_ref idref="fl-22"/>
      </object_component>
      <object_component id="oc-4aa">
         <name>.text:PowerCC32XX_sleepPolicy</name>
         <load_address>0x10011d8</load_address>
         <run_address>0x10011d8</run_address>
         <size>0x1b0</size>
         <input_file_ref idref="fl-1f"/>
      </object_component>
      <object_component id="oc-249">
         <name>.text:pvPortMalloc</name>
         <load_address>0x1001388</load_address>
         <run_address>0x1001388</run_address>
         <size>0x17c</size>
         <input_file_ref idref="fl-21"/>
      </object_component>
      <object_component id="oc-704">
         <name>.text:xQueueReceive</name>
         <load_address>0x1001504</load_address>
         <run_address>0x1001504</run_address>
         <size>0x17c</size>
         <input_file_ref idref="fl-22"/>
      </object_component>
      <object_component id="oc-544">
         <name>.text:prvProcessReceivedCommands</name>
         <load_address>0x1001680</load_address>
         <run_address>0x1001680</run_address>
         <size>0x164</size>
         <input_file_ref idref="fl-24"/>
      </object_component>
      <object_component id="oc-da">
         <name>.text:xTaskIncrementTick</name>
         <load_address>0x10017e4</load_address>
         <run_address>0x10017e4</run_address>
         <size>0x158</size>
         <input_file_ref idref="fl-23"/>
      </object_component>
      <object_component id="oc-777">
         <name>.text:parkPins</name>
         <load_address>0x100193c</load_address>
         <run_address>0x100193c</run_address>
         <size>0x148</size>
         <input_file_ref idref="fl-15"/>
      </object_component>
      <object_component id="oc-64a">
         <name>.text:Power_sleep</name>
         <load_address>0x1001a84</load_address>
         <run_address>0x1001a84</run_address>
         <size>0x138</size>
         <input_file_ref idref="fl-15"/>
      </object_component>
      <object_component id="oc-180">
         <name>.text:pthread_create</name>
         <load_address>0x1001bbc</load_address>
         <run_address>0x1001bbc</run_address>
         <size>0x138</size>
         <input_file_ref idref="fl-29"/>
      </object_component>
      <object_component id="oc-36d">
         <name>.text:prvInitialiseNewTask</name>
         <load_address>0x1001cf4</load_address>
         <run_address>0x1001cf4</run_address>
         <size>0x128</size>
         <input_file_ref idref="fl-23"/>
      </object_component>
      <object_component id="oc-279">
         <name>.text:xTaskResumeAll</name>
         <load_address>0x1001e1c</load_address>
         <run_address>0x1001e1c</run_address>
         <size>0x11c</size>
         <input_file_ref idref="fl-23"/>
      </object_component>
      <object_component id="oc-7eb">
         <name>.text:xQueueGenericSendFromISR</name>
         <load_address>0x1001f38</load_address>
         <run_address>0x1001f38</run_address>
         <size>0x10a</size>
         <input_file_ref idref="fl-22"/>
      </object_component>
      <object_component id="oc-23a">
         <name>.text:Board_initHook</name>
         <load_address>0x1002042</load_address>
         <run_address>0x1002042</run_address>
         <size>0x2</size>
         <input_file_ref idref="fl-4"/>
      </object_component>
      <object_component id="oc-737">
         <name>.text:vTaskPriorityDisinheritAfterTimeout</name>
         <load_address>0x1002044</load_address>
         <run_address>0x1002044</run_address>
         <size>0x104</size>
         <input_file_ref idref="fl-23"/>
      </object_component>
      <object_component id="oc-51c">
         <name>.text:vTaskDelete</name>
         <load_address>0x1002148</load_address>
         <run_address>0x1002148</run_address>
         <size>0x100</size>
         <input_file_ref idref="fl-23"/>
      </object_component>
      <object_component id="oc-516">
         <name>.text:vTaskSuspend</name>
         <load_address>0x1002248</load_address>
         <run_address>0x1002248</run_address>
         <size>0xfc</size>
         <input_file_ref idref="fl-23"/>
      </object_component>
      <object_component id="oc-587">
         <name>.text:xQueueGiveFromISR</name>
         <load_address>0x1002344</load_address>
         <run_address>0x1002344</run_address>
         <size>0xf0</size>
         <input_file_ref idref="fl-22"/>
      </object_component>
      <object_component id="oc-7bc">
         <name>.text:xTaskPriorityDisinherit</name>
         <load_address>0x1002434</load_address>
         <run_address>0x1002434</run_address>
         <size>0xe0</size>
         <input_file_ref idref="fl-23"/>
      </object_component>
      <object_component id="oc-d3">
         <name>.text:vTaskSwitchContext</name>
         <load_address>0x1002514</load_address>
         <run_address>0x1002514</run_address>
         <size>0xdc</size>
         <input_file_ref idref="fl-23"/>
      </object_component>
      <object_component id="oc-56d">
         <name>.text:xQueueReceiveFromISR</name>
         <load_address>0x10025f0</load_address>
         <run_address>0x10025f0</run_address>
         <size>0xd8</size>
         <input_file_ref idref="fl-22"/>
      </object_component>
      <object_component id="oc-72b">
         <name>.text:xTaskPriorityInherit</name>
         <load_address>0x10026c8</load_address>
         <run_address>0x10026c8</run_address>
         <size>0xd4</size>
         <input_file_ref idref="fl-23"/>
      </object_component>
      <object_component id="oc-29c">
         <name>.text:GPIO_init</name>
         <load_address>0x100279c</load_address>
         <run_address>0x100279c</run_address>
         <size>0xc4</size>
         <input_file_ref idref="fl-14"/>
      </object_component>
      <object_component id="oc-373">
         <name>.text:prvAddNewTaskToReadyList</name>
         <load_address>0x1002860</load_address>
         <run_address>0x1002860</run_address>
         <size>0xc4</size>
         <input_file_ref idref="fl-23"/>
      </object_component>
      <object_component id="oc-794">
         <name>.text:restoreParkedPins</name>
         <load_address>0x1002924</load_address>
         <run_address>0x1002924</run_address>
         <size>0xc0</size>
         <input_file_ref idref="fl-15"/>
      </object_component>
      <object_component id="oc-28f">
         <name>.text:xPortStartScheduler</name>
         <load_address>0x10029e4</load_address>
         <run_address>0x10029e4</run_address>
         <size>0xc0</size>
         <input_file_ref idref="fl-25"/>
      </object_component>
      <object_component id="oc-6a8">
         <name>.text:prvCopyDataToQueue</name>
         <load_address>0x1002aa4</load_address>
         <run_address>0x1002aa4</run_address>
         <size>0xbc</size>
         <input_file_ref idref="fl-22"/>
      </object_component>
      <object_component id="oc-349">
         <name>.text:prvHeapInit</name>
         <load_address>0x1002b60</load_address>
         <run_address>0x1002b60</run_address>
         <size>0xbc</size>
         <input_file_ref idref="fl-21"/>
      </object_component>
      <object_component id="oc-7dc">
         <name>.text:prvSwitchTimerLists</name>
         <load_address>0x1002c1c</load_address>
         <run_address>0x1002c1c</run_address>
         <size>0xbc</size>
         <input_file_ref idref="fl-24"/>
      </object_component>
      <object_component id="oc-70">
         <name>.text</name>
         <load_address>0x1002cd8</load_address>
         <run_address>0x1002cd8</run_address>
         <size>0xba</size>
         <input_file_ref idref="fl-26"/>
      </object_component>
      <object_component id="oc-4a4">
         <name>.text:PowerCC32XX_initPolicy</name>
         <load_address>0x1002d92</load_address>
         <run_address>0x1002d92</run_address>
         <size>0x2</size>
         <input_file_ref idref="fl-1f"/>
      </object_component>
      <object_component id="oc-4d2">
         <name>.text:xQueueGenericReset</name>
         <load_address>0x1002d94</load_address>
         <run_address>0x1002d94</run_address>
         <size>0xb8</size>
         <input_file_ref idref="fl-22"/>
      </object_component>
      <object_component id="oc-5e5">
         <name>.text:prvAddCurrentTaskToDelayedList</name>
         <load_address>0x1002e4c</load_address>
         <run_address>0x1002e4c</run_address>
         <size>0xb0</size>
         <input_file_ref idref="fl-23"/>
      </object_component>
      <object_component id="oc-6b4">
         <name>.text:xTaskCheckForTimeOut</name>
         <load_address>0x1002efc</load_address>
         <run_address>0x1002efc</run_address>
         <size>0xb0</size>
         <input_file_ref idref="fl-23"/>
      </object_component>
      <object_component id="oc-6c6">
         <name>.text:prvUnlockQueue</name>
         <load_address>0x1002fac</load_address>
         <run_address>0x1002fac</run_address>
         <size>0xae</size>
         <input_file_ref idref="fl-22"/>
      </object_component>
      <object_component id="oc-6a">
         <name>.text:busFaultHandler</name>
         <load_address>0x100305a</load_address>
         <run_address>0x100305a</run_address>
         <size>0x2</size>
         <input_file_ref idref="fl-27"/>
      </object_component>
      <object_component id="oc-a7">
         <name>.text:IntEnable</name>
         <load_address>0x100305c</load_address>
         <run_address>0x100305c</run_address>
         <size>0xa8</size>
         <input_file_ref idref="fl-2d"/>
      </object_component>
      <object_component id="oc-323">
         <name>.text:PowerCC32XX_configureWakeup</name>
         <load_address>0x1003104</load_address>
         <run_address>0x1003104</run_address>
         <size>0xa8</size>
         <input_file_ref idref="fl-15"/>
      </object_component>
      <object_component id="oc-34f">
         <name>.text:prvInsertBlockIntoFreeList</name>
         <load_address>0x10031ac</load_address>
         <run_address>0x10031ac</run_address>
         <size>0xa8</size>
         <input_file_ref idref="fl-21"/>
      </object_component>
      <object_component id="oc-255">
         <name>.text:vPortFree</name>
         <load_address>0x1003254</load_address>
         <run_address>0x1003254</run_address>
         <size>0xa8</size>
         <input_file_ref idref="fl-21"/>
      </object_component>
      <object_component id="oc-67f">
         <name>.text:xTaskRemoveFromEventList</name>
         <load_address>0x10032fc</load_address>
         <run_address>0x10032fc</run_address>
         <size>0xa8</size>
         <input_file_ref idref="fl-23"/>
      </object_component>
      <object_component id="oc-38">
         <name>.text</name>
         <load_address>0x10033a4</load_address>
         <run_address>0x10033a4</run_address>
         <size>0x9c</size>
         <input_file_ref idref="fl-ec"/>
      </object_component>
      <object_component id="oc-400">
         <name>.text:powerNotifyFxn</name>
         <load_address>0x1003440</load_address>
         <run_address>0x1003440</run_address>
         <size>0x98</size>
         <input_file_ref idref="fl-14"/>
      </object_component>
      <object_component id="oc-639">
         <name>.text</name>
         <load_address>0x10034d8</load_address>
         <run_address>0x10034d8</run_address>
         <size>0x96</size>
         <input_file_ref idref="fl-ee"/>
      </object_component>
      <object_component id="oc-64">
         <name>.text:defaultHandler</name>
         <load_address>0x100356e</load_address>
         <run_address>0x100356e</run_address>
         <size>0x2</size>
         <input_file_ref idref="fl-27"/>
      </object_component>
      <object_component id="oc-186">
         <name>.text:vTaskStartScheduler</name>
         <load_address>0x1003570</load_address>
         <run_address>0x1003570</run_address>
         <size>0x94</size>
         <input_file_ref idref="fl-23"/>
      </object_component>
      <object_component id="oc-788">
         <name>.text:restoreNVICRegs</name>
         <load_address>0x1003604</load_address>
         <run_address>0x1003604</run_address>
         <size>0x90</size>
         <input_file_ref idref="fl-15"/>
      </object_component>
      <object_component id="oc-40f">
         <name>.text:PinConfigSet</name>
         <load_address>0x1003694</load_address>
         <run_address>0x1003694</run_address>
         <size>0x88</size>
         <input_file_ref idref="fl-2e"/>
      </object_component>
      <object_component id="oc-53e">
         <name>.text:prvProcessTimerOrBlockTask</name>
         <load_address>0x100371c</load_address>
         <run_address>0x100371c</run_address>
         <size>0x88</size>
         <input_file_ref idref="fl-24"/>
      </object_component>
      <object_component id="oc-234">
         <name>.text:Power_init</name>
         <load_address>0x10037a4</load_address>
         <run_address>0x10037a4</run_address>
         <size>0x84</size>
         <input_file_ref idref="fl-15"/>
      </object_component>
      <object_component id="oc-77d">
         <name>.text:saveNVICRegs</name>
         <load_address>0x1003828</load_address>
         <run_address>0x1003828</run_address>
         <size>0x84</size>
         <input_file_ref idref="fl-15"/>
      </object_component>
      <object_component id="oc-6fe">
         <name>.text:xTimerGenericCommand</name>
         <load_address>0x10038ac</load_address>
         <run_address>0x10038ac</run_address>
         <size>0x84</size>
         <input_file_ref idref="fl-24"/>
      </object_component>
      <object_component id="oc-415">
         <name>.text:Power_setDependency</name>
         <load_address>0x1003930</load_address>
         <run_address>0x1003930</run_address>
         <size>0x80</size>
         <input_file_ref idref="fl-15"/>
      </object_component>
      <object_component id="oc-6eb">
         <name>.text:prvProcessExpiredTimer</name>
         <load_address>0x10039b0</load_address>
         <run_address>0x10039b0</run_address>
         <size>0x80</size>
         <input_file_ref idref="fl-24"/>
      </object_component>
      <object_component id="oc-50a">
         <name>.text:removeThreadKeys</name>
         <load_address>0x1003a30</load_address>
         <run_address>0x1003a30</run_address>
         <size>0x7a</size>
         <input_file_ref idref="fl-29"/>
      </object_component>
      <object_component id="oc-95">
         <name>.text</name>
         <load_address>0x1003aaa</load_address>
         <run_address>0x1003aaa</run_address>
         <size>0x7a</size>
         <input_file_ref idref="fl-ed"/>
      </object_component>
      <object_component id="oc-267">
         <name>.text:xTaskCreate</name>
         <load_address>0x1003b24</load_address>
         <run_address>0x1003b24</run_address>
         <size>0x7a</size>
         <input_file_ref idref="fl-23"/>
      </object_component>
      <object_component id="oc-5e">
         <name>.text:faultISR</name>
         <load_address>0x1003b9e</load_address>
         <run_address>0x1003b9e</run_address>
         <size>0x2</size>
         <input_file_ref idref="fl-27"/>
      </object_component>
      <object_component id="oc-439">
         <name>.text:GPIO_hwiIntFxn</name>
         <load_address>0x1003ba0</load_address>
         <run_address>0x1003ba0</run_address>
         <size>0x78</size>
         <input_file_ref idref="fl-14"/>
      </object_component>
      <object_component id="oc-6f8">
         <name>.text:prvInsertTimerInActiveList</name>
         <load_address>0x1003c18</load_address>
         <run_address>0x1003c18</run_address>
         <size>0x78</size>
         <input_file_ref idref="fl-24"/>
      </object_component>
      <object_component id="oc-4ed">
         <name>.text:prvInitialiseTaskLists</name>
         <load_address>0x1003c90</load_address>
         <run_address>0x1003c90</run_address>
         <size>0x74</size>
         <input_file_ref idref="fl-23"/>
      </object_component>
      <object_component id="oc-712">
         <name>.text:vPortValidateInterruptPriority</name>
         <load_address>0x1003d04</load_address>
         <run_address>0x1003d04</run_address>
         <size>0x74</size>
         <input_file_ref idref="fl-25"/>
      </object_component>
      <object_component id="oc-14">
         <name>.text:decompress:lzss:__TI_decompress_lzss</name>
         <load_address>0x1003d78</load_address>
         <run_address>0x1003d78</run_address>
         <size>0x68</size>
         <input_file_ref idref="fl-f1"/>
      </object_component>
      <object_component id="oc-759">
         <name>.text:vListInsert</name>
         <load_address>0x1003de0</load_address>
         <run_address>0x1003de0</run_address>
         <size>0x66</size>
         <input_file_ref idref="fl-2b"/>
      </object_component>
      <object_component id="oc-58">
         <name>.text:nmiISR</name>
         <load_address>0x1003e46</load_address>
         <run_address>0x1003e46</run_address>
         <size>0x2</size>
         <input_file_ref idref="fl-27"/>
      </object_component>
      <object_component id="oc-2b4">
         <name>.text:GPIO_toggle</name>
         <load_address>0x1003e48</load_address>
         <run_address>0x1003e48</run_address>
         <size>0x64</size>
         <input_file_ref idref="fl-14"/>
      </object_component>
      <object_component id="oc-59a">
         <name>.text:PowerCC32XX_setParkState</name>
         <load_address>0x1003eac</load_address>
         <run_address>0x1003eac</run_address>
         <size>0x64</size>
         <input_file_ref idref="fl-15"/>
      </object_component>
      <object_component id="oc-110">
         <name>.text:main</name>
         <load_address>0x1003f10</load_address>
         <run_address>0x1003f10</run_address>
         <size>0x64</size>
         <input_file_ref idref="fl-5"/>
      </object_component>
      <object_component id="oc-3b9">
         <name>.text:prvGetExpectedIdleTime</name>
         <load_address>0x1003f74</load_address>
         <run_address>0x1003f74</run_address>
         <size>0x64</size>
         <input_file_ref idref="fl-23"/>
      </object_component>
      <object_component id="oc-421">
         <name>.text:HwiP_create</name>
         <load_address>0x1003fd8</load_address>
         <run_address>0x1003fd8</run_address>
         <size>0x60</size>
         <input_file_ref idref="fl-1e"/>
      </object_component>
      <object_component id="oc-2f1">
         <name>.text:PRCMSysResetCauseGet</name>
         <load_address>0x1004038</load_address>
         <run_address>0x1004038</run_address>
         <size>0x60</size>
         <input_file_ref idref="fl-2f"/>
      </object_component>
      <object_component id="oc-24f">
         <name>.text:xQueueGenericCreate</name>
         <load_address>0x1004098</load_address>
         <run_address>0x1004098</run_address>
         <size>0x60</size>
         <input_file_ref idref="fl-22"/>
      </object_component>
      <object_component id="oc-3e4">
         <name>.text:GPIO_setCallback</name>
         <load_address>0x10040f8</load_address>
         <run_address>0x10040f8</run_address>
         <size>0x5c</size>
         <input_file_ref idref="fl-14"/>
      </object_component>
      <object_component id="oc-295">
         <name>.text:prvIdleTask</name>
         <load_address>0x1004154</load_address>
         <run_address>0x1004154</run_address>
         <size>0x5c</size>
         <input_file_ref idref="fl-23"/>
      </object_component>
      <object_component id="oc-38f">
         <name>.text:pthread_exit</name>
         <load_address>0x10041b0</load_address>
         <run_address>0x10041b0</run_address>
         <size>0x5c</size>
         <input_file_ref idref="fl-29"/>
      </object_component>
      <object_component id="oc-6f1">
         <name>.text:vQueueWaitForMessageRestricted</name>
         <load_address>0x100420c</load_address>
         <run_address>0x100420c</run_address>
         <size>0x5c</size>
         <input_file_ref idref="fl-22"/>
      </object_component>
      <object_component id="oc-44d">
         <name>.text:vTaskDelay</name>
         <load_address>0x1004268</load_address>
         <run_address>0x1004268</run_address>
         <size>0x5c</size>
         <input_file_ref idref="fl-23"/>
      </object_component>
      <object_component id="oc-2a8">
         <name>.text:GPIO_write</name>
         <load_address>0x10042c4</load_address>
         <run_address>0x10042c4</run_address>
         <size>0x58</size>
         <input_file_ref idref="fl-14"/>
      </object_component>
      <object_component id="oc-30a">
         <name>.text:PRCMPeripheralReset</name>
         <load_address>0x100431c</load_address>
         <run_address>0x100431c</run_address>
         <size>0x58</size>
         <input_file_ref idref="fl-2f"/>
      </object_component>
      <object_component id="oc-621">
         <name>.text:eTaskConfirmSleepModeStatus</name>
         <load_address>0x1004374</load_address>
         <run_address>0x1004374</run_address>
         <size>0x58</size>
         <input_file_ref idref="fl-23"/>
      </object_component>
      <object_component id="oc-3a9">
         <name>.text:vPortSetupTimerInterrupt</name>
         <load_address>0x10043cc</load_address>
         <run_address>0x10043cc</run_address>
         <size>0x58</size>
         <input_file_ref idref="fl-25"/>
      </object_component>
      <object_component id="oc-5b3">
         <name>.text:IntPrioritySet</name>
         <load_address>0x1004424</load_address>
         <run_address>0x1004424</run_address>
         <size>0x54</size>
         <input_file_ref idref="fl-2d"/>
      </object_component>
      <object_component id="oc-289">
         <name>.text:xTimerCreateTimerTask</name>
         <load_address>0x1004478</load_address>
         <run_address>0x1004478</run_address>
         <size>0x54</size>
         <input_file_ref idref="fl-24"/>
      </object_component>
      <object_component id="oc-812">
         <name>.text:PowerCC32XX_resumeLPDS</name>
         <load_address>0x10044cc</load_address>
         <run_address>0x10044cc</run_address>
         <size>0x52</size>
         <input_file_ref idref="fl-16"/>
      </object_component>
      <object_component id="oc-769">
         <name>.text</name>
         <load_address>0x100451e</load_address>
         <run_address>0x100451e</run_address>
         <size>0x2</size>
         <input_file_ref idref="fl-f3"/>
      </object_component>
      <object_component id="oc-4e6">
         <name>.text:pxPortInitialiseStack</name>
         <load_address>0x1004520</load_address>
         <run_address>0x1004520</run_address>
         <size>0x50</size>
         <input_file_ref idref="fl-25"/>
      </object_component>
      <object_component id="oc-5a0">
         <name>.text:GPIO_enableInt</name>
         <load_address>0x1004570</load_address>
         <run_address>0x1004570</run_address>
         <size>0x4c</size>
         <input_file_ref idref="fl-14"/>
      </object_component>
      <object_component id="oc-809">
         <name>.text:PowerCC32XX_parkPin</name>
         <load_address>0x10045bc</load_address>
         <run_address>0x10045bc</run_address>
         <size>0x4c</size>
         <input_file_ref idref="fl-15"/>
      </object_component>
      <object_component id="oc-50">
         <name>.text:initVectors</name>
         <load_address>0x1004608</load_address>
         <run_address>0x1004608</run_address>
         <size>0x4c</size>
         <input_file_ref idref="fl-27"/>
      </object_component>
      <object_component id="oc-396">
         <name>.text:prvCheckForValidListAndQueue</name>
         <load_address>0x1004654</load_address>
         <run_address>0x1004654</run_address>
         <size>0x4c</size>
         <input_file_ref idref="fl-24"/>
      </object_component>
      <object_component id="oc-3b3">
         <name>.text:prvCheckTasksWaitingTermination</name>
         <load_address>0x10046a0</load_address>
         <run_address>0x10046a0</run_address>
         <size>0x4c</size>
         <input_file_ref idref="fl-23"/>
      </object_component>
      <object_component id="oc-78e">
         <name>.text:restorePeriphClocks</name>
         <load_address>0x10046ec</load_address>
         <run_address>0x10046ec</run_address>
         <size>0x4c</size>
         <input_file_ref idref="fl-15"/>
      </object_component>
      <object_component id="oc-37a">
         <name>.text:vPortEnterCritical</name>
         <load_address>0x1004738</load_address>
         <run_address>0x1004738</run_address>
         <size>0x4c</size>
         <input_file_ref idref="fl-25"/>
      </object_component>
      <object_component id="oc-82d">
         <name>.text:FlashDisable</name>
         <load_address>0x1004784</load_address>
         <run_address>0x1004784</run_address>
         <size>0x48</size>
         <input_file_ref idref="fl-35"/>
      </object_component>
      <object_component id="oc-5bc">
         <name>.text:HwiP_dispatch</name>
         <load_address>0x10047cc</load_address>
         <run_address>0x10047cc</run_address>
         <size>0x48</size>
         <input_file_ref idref="fl-1e"/>
      </object_component>
      <object_component id="oc-79a">
         <name>.text:PRCMLPDSEnter</name>
         <load_address>0x1004814</load_address>
         <run_address>0x1004814</run_address>
         <size>0x48</size>
         <input_file_ref idref="fl-2f"/>
      </object_component>
      <object_component id="oc-304">
         <name>.text:PRCMPeripheralClkEnable</name>
         <load_address>0x100485c</load_address>
         <run_address>0x100485c</run_address>
         <size>0x48</size>
         <input_file_ref idref="fl-2f"/>
      </object_component>
      <object_component id="oc-2ae">
         <name>.text:sleep</name>
         <load_address>0x10048a4</load_address>
         <run_address>0x10048a4</run_address>
         <size>0x48</size>
         <input_file_ref idref="fl-2a"/>
      </object_component>
      <object_component id="oc-142">
         <name>.text:uxListRemove</name>
         <load_address>0x10048ec</load_address>
         <run_address>0x10048ec</run_address>
         <size>0x48</size>
         <input_file_ref idref="fl-2b"/>
      </object_component>
      <object_component id="oc-817">
         <name>.text:PRCMLPDSRestoreInfoSet</name>
         <load_address>0x1004934</load_address>
         <run_address>0x1004934</run_address>
         <size>0x44</size>
         <input_file_ref idref="fl-2f"/>
      </object_component>
      <object_component id="oc-783">
         <name>.text:PowerCC32XX_enterLPDS</name>
         <load_address>0x1004978</load_address>
         <run_address>0x1004978</run_address>
         <size>0x44</size>
         <input_file_ref idref="fl-16"/>
      </object_component>
      <object_component id="oc-1a9">
         <name>.text:__TI_auto_init_nobinit_nopinit:__TI_auto_init_nobinit_nopinit</name>
         <load_address>0x10049bc</load_address>
         <run_address>0x10049bc</run_address>
         <size>0x44</size>
         <input_file_ref idref="fl-f4"/>
      </object_component>
      <object_component id="oc-35d">
         <name>.text:prvInitialiseNewQueue</name>
         <load_address>0x1004a00</load_address>
         <run_address>0x1004a00</run_address>
         <size>0x44</size>
         <input_file_ref idref="fl-22"/>
      </object_component>
      <object_component id="oc-655">
         <name>.text:vTaskStepTick</name>
         <load_address>0x1004a44</load_address>
         <run_address>0x1004a44</run_address>
         <size>0x44</size>
         <input_file_ref idref="fl-23"/>
      </object_component>
      <object_component id="oc-31c">
         <name>.text:PinModeSet</name>
         <load_address>0x1004a88</load_address>
         <run_address>0x1004a88</run_address>
         <size>0x40</size>
         <input_file_ref idref="fl-2e"/>
      </object_component>
      <object_component id="oc-7e3">
         <name>.text:vTaskPlaceOnEventListRestricted</name>
         <load_address>0x1004ac8</load_address>
         <run_address>0x1004ac8</run_address>
         <size>0x40</size>
         <input_file_ref idref="fl-23"/>
      </object_component>
      <object_component id="oc-4fe">
         <name>.text:pthread_setcancelstate</name>
         <load_address>0x1004b08</load_address>
         <run_address>0x1004b08</run_address>
         <size>0x3e</size>
         <input_file_ref idref="fl-29"/>
      </object_component>
      <object_component id="oc-615">
         <name>.text:PRCMSlowClkCtrFastGet</name>
         <load_address>0x1004b48</load_address>
         <run_address>0x1004b48</run_address>
         <size>0x3c</size>
         <input_file_ref idref="fl-2f"/>
      </object_component>
      <object_component id="oc-718">
         <name>.text:prvCopyDataFromQueue</name>
         <load_address>0x1004b84</load_address>
         <run_address>0x1004b84</run_address>
         <size>0x3c</size>
         <input_file_ref idref="fl-22"/>
      </object_component>
      <object_component id="oc-13c">
         <name>.text:prvResetNextTaskUnblockTime</name>
         <load_address>0x1004bc0</load_address>
         <run_address>0x1004bc0</run_address>
         <size>0x3c</size>
         <input_file_ref idref="fl-23"/>
      </object_component>
      <object_component id="oc-7ce">
         <name>.text:pvTaskGetThreadLocalStoragePointer</name>
         <load_address>0x1004bfc</load_address>
         <run_address>0x1004bfc</run_address>
         <size>0x3c</size>
         <input_file_ref idref="fl-23"/>
      </object_component>
      <object_component id="oc-148">
         <name>.text:vListInsertEnd</name>
         <load_address>0x1004c38</load_address>
         <run_address>0x1004c38</run_address>
         <size>0x3c</size>
         <input_file_ref idref="fl-2b"/>
      </object_component>
      <object_component id="oc-7a0">
         <name>.text:PRCMLPDSEnterKeepDebugIf</name>
         <load_address>0x1004c74</load_address>
         <run_address>0x1004c74</run_address>
         <size>0x38</size>
         <input_file_ref idref="fl-2f"/>
      </object_component>
      <object_component id="oc-771">
         <name>.text:notify</name>
         <load_address>0x1004cac</load_address>
         <run_address>0x1004cac</run_address>
         <size>0x38</size>
         <input_file_ref idref="fl-15"/>
      </object_component>
      <object_component id="oc-538">
         <name>.text:prvGetNextExpireTime</name>
         <load_address>0x1004ce4</load_address>
         <run_address>0x1004ce4</run_address>
         <size>0x38</size>
         <input_file_ref idref="fl-24"/>
      </object_component>
      <object_component id="oc-687">
         <name>.text:prvTaskExitError</name>
         <load_address>0x1004d1c</load_address>
         <run_address>0x1004d1c</run_address>
         <size>0x38</size>
         <input_file_ref idref="fl-25"/>
      </object_component>
      <object_component id="oc-316">
         <name>.text:PinModeGet</name>
         <load_address>0x1004d54</load_address>
         <run_address>0x1004d54</run_address>
         <size>0x34</size>
         <input_file_ref idref="fl-2e"/>
      </object_component>
      <object_component id="oc-3de">
         <name>.text:SemaphoreP_pend</name>
         <load_address>0x1004d88</load_address>
         <run_address>0x1004d88</run_address>
         <size>0x34</size>
         <input_file_ref idref="fl-20"/>
      </object_component>
      <object_component id="oc-6e9">
         <name>.text:prvSampleTimeNow</name>
         <load_address>0x1004dbc</load_address>
         <run_address>0x1004dbc</run_address>
         <size>0x34</size>
         <input_file_ref idref="fl-24"/>
      </object_component>
      <object_component id="oc-6c0">
         <name>.text:vTaskPlaceOnEventList</name>
         <load_address>0x1004df0</load_address>
         <run_address>0x1004df0</run_address>
         <size>0x34</size>
         <input_file_ref idref="fl-23"/>
      </object_component>
      <object_component id="oc-826">
         <name>.text:PowerCC32XX_restoreParkedPin</name>
         <load_address>0x1004e24</load_address>
         <run_address>0x1004e24</run_address>
         <size>0x30</size>
         <input_file_ref idref="fl-15"/>
      </object_component>
      <object_component id="oc-523">
         <name>.text:vListInitialise</name>
         <load_address>0x1004e54</load_address>
         <run_address>0x1004e54</run_address>
         <size>0x30</size>
         <input_file_ref idref="fl-2b"/>
      </object_component>
      <object_component id="oc-380">
         <name>.text:vPortExitCritical</name>
         <load_address>0x1004e84</load_address>
         <run_address>0x1004e84</run_address>
         <size>0x30</size>
         <input_file_ref idref="fl-25"/>
      </object_component>
      <object_component id="oc-25b">
         <name>.text:xTaskGetSchedulerState</name>
         <load_address>0x1004eb4</load_address>
         <run_address>0x1004eb4</run_address>
         <size>0x30</size>
         <input_file_ref idref="fl-23"/>
      </object_component>
      <object_component id="oc-3cc">
         <name>.text:HwiP_disable</name>
         <load_address>0x1004ee4</load_address>
         <run_address>0x1004ee4</run_address>
         <size>0x2c</size>
         <input_file_ref idref="fl-1e"/>
      </object_component>
      <object_component id="oc-63e">
         <name>.text:PRCMLPDSIntervalSet</name>
         <load_address>0x1004f10</load_address>
         <run_address>0x1004f10</run_address>
         <size>0x2c</size>
         <input_file_ref idref="fl-2f"/>
      </object_component>
      <object_component id="oc-3c6">
         <name>.text:SemaphoreP_createBinary</name>
         <load_address>0x1004f3c</load_address>
         <run_address>0x1004f3c</run_address>
         <size>0x2c</size>
         <input_file_ref idref="fl-20"/>
      </object_component>
      <object_component id="oc-26d">
         <name>.text:vTaskSetApplicationTaskTag</name>
         <load_address>0x1004f68</load_address>
         <run_address>0x1004f68</run_address>
         <size>0x2c</size>
         <input_file_ref idref="fl-23"/>
      </object_component>
      <object_component id="oc-75">
         <name>.text:xPortSysTickHandler</name>
         <load_address>0x1004f94</load_address>
         <run_address>0x1004f94</run_address>
         <size>0x2c</size>
         <input_file_ref idref="fl-25"/>
      </object_component>
      <object_component id="oc-18c">
         <name>.text:mainThread</name>
         <load_address>0x1004fc0</load_address>
         <run_address>0x1004fc0</run_address>
         <size>0x2a</size>
         <input_file_ref idref="fl-3"/>
      </object_component>
      <object_component id="oc-567">
         <name>.text:HwiP_inISR</name>
         <load_address>0x1004fec</load_address>
         <run_address>0x1004fec</run_address>
         <size>0x28</size>
         <input_file_ref idref="fl-1e"/>
      </object_component>
      <object_component id="oc-644">
         <name>.text:PRCMLPDSWakeupSourceEnable</name>
         <load_address>0x1005014</load_address>
         <run_address>0x1005014</run_address>
         <size>0x28</size>
         <input_file_ref idref="fl-2f"/>
      </object_component>
      <object_component id="oc-310">
         <name>.text:PRCMPeripheralClkDisable</name>
         <load_address>0x100503c</load_address>
         <run_address>0x100503c</run_address>
         <size>0x28</size>
         <input_file_ref idref="fl-2f"/>
      </object_component>
      <object_component id="oc-3ea">
         <name>.text:Power_registerNotify</name>
         <load_address>0x1005064</load_address>
         <run_address>0x1005064</run_address>
         <size>0x28</size>
         <input_file_ref idref="fl-15"/>
      </object_component>
      <object_component id="oc-16e">
         <name>.text:pthread_attr_setschedparam</name>
         <load_address>0x100508c</load_address>
         <run_address>0x100508c</run_address>
         <size>0x28</size>
         <input_file_ref idref="fl-29"/>
      </object_component>
      <object_component id="oc-69e">
         <name>.text:xTaskGetApplicationTaskTag</name>
         <load_address>0x10050b4</load_address>
         <run_address>0x10050b4</run_address>
         <size>0x28</size>
         <input_file_ref idref="fl-23"/>
      </object_component>
      <object_component id="oc-57b">
         <name>.text:List_put</name>
         <load_address>0x10050dc</load_address>
         <run_address>0x10050dc</run_address>
         <size>0x26</size>
         <input_file_ref idref="fl-1b"/>
      </object_component>
      <object_component id="oc-504">
         <name>.text:_pthread_cleanup_pop</name>
         <load_address>0x1005102</load_address>
         <run_address>0x1005102</run_address>
         <size>0x26</size>
         <input_file_ref idref="fl-29"/>
      </object_component>
      <object_component id="oc-6ba">
         <name>.text:prvIsQueueFull</name>
         <load_address>0x1005128</load_address>
         <run_address>0x1005128</run_address>
         <size>0x26</size>
         <input_file_ref idref="fl-22"/>
      </object_component>
      <object_component id="oc-b7">
         <name>.text:_c_int00_noargs:_c_int00_noargs</name>
         <load_address>0x1005150</load_address>
         <run_address>0x1005150</run_address>
         <size>0x24</size>
         <input_file_ref idref="fl-f2"/>
      </object_component>
      <object_component id="oc-731">
         <name>.text:prvGetDisinheritPriorityAfterTimeout</name>
         <load_address>0x1005174</load_address>
         <run_address>0x1005174</run_address>
         <size>0x24</size>
         <input_file_ref idref="fl-22"/>
      </object_component>
      <object_component id="oc-273">
         <name>.text:vQueueDelete</name>
         <load_address>0x1005198</load_address>
         <run_address>0x1005198</run_address>
         <size>0x24</size>
         <input_file_ref idref="fl-22"/>
      </object_component>
      <object_component id="oc-6ae">
         <name>.text:vTaskInternalSetTimeOutState</name>
         <load_address>0x10051bc</load_address>
         <run_address>0x10051bc</run_address>
         <size>0x24</size>
         <input_file_ref idref="fl-23"/>
      </object_component>
      <object_component id="oc-3f0">
         <name>.text:SemaphoreP_post</name>
         <load_address>0x10051e0</load_address>
         <run_address>0x10051e0</run_address>
         <size>0x22</size>
         <input_file_ref idref="fl-20"/>
      </object_component>
      <object_component id="oc-174">
         <name>.text:pthread_attr_setdetachstate</name>
         <load_address>0x1005202</load_address>
         <run_address>0x1005202</run_address>
         <size>0x22</size>
         <input_file_ref idref="fl-29"/>
      </object_component>
      <object_component id="oc-3d2">
         <name>.text:HwiP_restore</name>
         <load_address>0x1005224</load_address>
         <run_address>0x1005224</run_address>
         <size>0x20</size>
         <input_file_ref idref="fl-1e"/>
      </object_component>
      <object_component id="oc-5ad">
         <name>.text:IntRegister</name>
         <load_address>0x1005244</load_address>
         <run_address>0x1005244</run_address>
         <size>0x20</size>
         <input_file_ref idref="fl-2d"/>
      </object_component>
      <object_component id="oc-725">
         <name>.text:prvIsQueueEmpty</name>
         <load_address>0x1005264</load_address>
         <run_address>0x1005264</run_address>
         <size>0x20</size>
         <input_file_ref idref="fl-22"/>
      </object_component>
      <object_component id="oc-41b">
         <name>.text:HwiP_Params_init</name>
         <load_address>0x1005284</load_address>
         <run_address>0x1005284</run_address>
         <size>0x1e</size>
         <input_file_ref idref="fl-1e"/>
      </object_component>
      <object_component id="oc-282">
         <name>.text:_pthread_runStub</name>
         <load_address>0x10052a2</load_address>
         <run_address>0x10052a2</run_address>
         <size>0x1e</size>
         <input_file_ref idref="fl-29"/>
      </object_component>
      <object_component id="oc-803">
         <name>.text:PinToPadGet</name>
         <load_address>0x10052c0</load_address>
         <run_address>0x10052c0</run_address>
         <size>0x1c</size>
         <input_file_ref idref="fl-2e"/>
      </object_component>
      <object_component id="oc-168">
         <name>.text:pthread_attr_init</name>
         <load_address>0x10052dc</load_address>
         <run_address>0x10052dc</run_address>
         <size>0x1c</size>
         <input_file_ref idref="fl-29"/>
      </object_component>
      <object_component id="oc-71f">
         <name>.text:pvTaskIncrementMutexHeldCount</name>
         <load_address>0x10052f8</load_address>
         <run_address>0x10052f8</run_address>
         <size>0x1c</size>
         <input_file_ref idref="fl-23"/>
      </object_component>
      <object_component id="oc-6ce">
         <name>.text:PTLS_taskDeleteHook</name>
         <load_address>0x1005314</load_address>
         <run_address>0x1005314</run_address>
         <size>0x1a</size>
         <input_file_ref idref="fl-28"/>
      </object_component>
      <object_component id="oc-3a2">
         <name>.text:prvTimerTask</name>
         <load_address>0x100532e</load_address>
         <run_address>0x100532e</run_address>
         <size>0x1a</size>
         <input_file_ref idref="fl-24"/>
      </object_component>
      <object_component id="oc-559">
         <name>.text:Power_idleFunc</name>
         <load_address>0x1005348</load_address>
         <run_address>0x1005348</run_address>
         <size>0x18</size>
         <input_file_ref idref="fl-15"/>
      </object_component>
      <object_component id="oc-650">
         <name>.text</name>
         <load_address>0x1005360</load_address>
         <run_address>0x1005360</run_address>
         <size>0x18</size>
         <input_file_ref idref="fl-eb"/>
      </object_component>
      <object_component id="oc-2fe">
         <name>.text:PRCMHIBRegRead</name>
         <load_address>0x1005378</load_address>
         <run_address>0x1005378</run_address>
         <size>0x16</size>
         <input_file_ref idref="fl-2f"/>
      </object_component>
      <object_component id="oc-2f8">
         <name>.text:PRCMHIBRegWrite</name>
         <load_address>0x100538e</load_address>
         <run_address>0x100538e</run_address>
         <size>0x16</size>
         <input_file_ref idref="fl-2f"/>
      </object_component>
      <object_component id="oc-21">
         <name>.text:resetISR</name>
         <load_address>0x10053a4</load_address>
         <run_address>0x10053a4</run_address>
         <size>0x16</size>
         <input_file_ref idref="fl-27"/>
      </object_component>
      <object_component id="oc-fd">
         <name>.text:CPUcpsie</name>
         <load_address>0x10053ba</load_address>
         <run_address>0x10053ba</run_address>
         <size>0x14</size>
         <input_file_ref idref="fl-34"/>
      </object_component>
      <object_component id="oc-9b">
         <name>.text:IntVTableBaseSet</name>
         <load_address>0x10053d0</load_address>
         <run_address>0x10053d0</run_address>
         <size>0x14</size>
         <input_file_ref idref="fl-2d"/>
      </object_component>
      <object_component id="oc-81f">
         <name>.text:Power_getDependencyCount</name>
         <load_address>0x10053e4</load_address>
         <run_address>0x10053e4</run_address>
         <size>0x14</size>
         <input_file_ref idref="fl-15"/>
      </object_component>
      <object_component id="oc-54e">
         <name>.text:prvDeleteTCB</name>
         <load_address>0x10053f8</load_address>
         <run_address>0x10053f8</run_address>
         <size>0x14</size>
         <input_file_ref idref="fl-23"/>
      </object_component>
      <object_component id="oc-17a">
         <name>.text:pthread_attr_setstacksize</name>
         <load_address>0x100540c</load_address>
         <run_address>0x100540c</run_address>
         <size>0x14</size>
         <input_file_ref idref="fl-29"/>
      </object_component>
      <object_component id="oc-4f8">
         <name>.text:pthread_self</name>
         <load_address>0x1005420</load_address>
         <run_address>0x1005420</run_address>
         <size>0x14</size>
         <input_file_ref idref="fl-29"/>
      </object_component>
      <object_component id="oc-3bf">
         <name>.text:vPortSuppressTicksAndSleep</name>
         <load_address>0x1005434</load_address>
         <run_address>0x1005434</run_address>
         <size>0x14</size>
         <input_file_ref idref="fl-1f"/>
      </object_component>
      <object_component id="oc-698">
         <name>.text:xTaskGetCurrentTaskHandle</name>
         <load_address>0x1005448</load_address>
         <run_address>0x1005448</run_address>
         <size>0x14</size>
         <input_file_ref idref="fl-23"/>
      </object_component>
      <object_component id="oc-7d6">
         <name>.text:xTaskGetTickCount</name>
         <load_address>0x100545c</load_address>
         <run_address>0x100545c</run_address>
         <size>0x14</size>
         <input_file_ref idref="fl-23"/>
      </object_component>
      <object_component id="oc-162">
         <name>.text:Board_init</name>
         <load_address>0x1005470</load_address>
         <run_address>0x1005470</run_address>
         <size>0x10</size>
         <input_file_ref idref="fl-4"/>
      </object_component>
      <object_component id="oc-62d">
         <name>.text:ClockP_getSystemTickPeriod</name>
         <load_address>0x1005480</load_address>
         <run_address>0x1005480</run_address>
         <size>0x10</size>
         <input_file_ref idref="fl-1d"/>
      </object_component>
      <object_component id="oc-61b">
         <name>.text:SysTickDisable</name>
         <load_address>0x1005490</load_address>
         <run_address>0x1005490</run_address>
         <size>0x10</size>
         <input_file_ref idref="fl-30"/>
      </object_component>
      <object_component id="oc-627">
         <name>.text:SysTickEnable</name>
         <load_address>0x10054a0</load_address>
         <run_address>0x10054a0</run_address>
         <size>0x10</size>
         <input_file_ref idref="fl-30"/>
      </object_component>
      <object_component id="oc-4e0">
         <name>.text:vListInitialiseItem</name>
         <load_address>0x10054b0</load_address>
         <run_address>0x10054b0</run_address>
         <size>0x10</size>
         <input_file_ref idref="fl-2b"/>
      </object_component>
      <object_component id="oc-261">
         <name>.text:vTaskSuspendAll</name>
         <load_address>0x10054c0</load_address>
         <run_address>0x10054c0</run_address>
         <size>0x10</size>
         <input_file_ref idref="fl-23"/>
      </object_component>
      <object_component id="oc-633">
         <name>.text:Power_getTransitionLatency</name>
         <load_address>0x10054d0</load_address>
         <run_address>0x10054d0</run_address>
         <size>0xe</size>
         <input_file_ref idref="fl-15"/>
      </object_component>
      <object_component id="oc-1a">
         <name>.text:decompress:none:__TI_decompress_none</name>
         <load_address>0x10054de</load_address>
         <run_address>0x10054de</run_address>
         <size>0xe</size>
         <input_file_ref idref="fl-f0"/>
      </object_component>
      <object_component id="oc-7a9">
         <name>.text:CPUwfi</name>
         <load_address>0x10054ec</load_address>
         <run_address>0x10054ec</run_address>
         <size>0xc</size>
         <input_file_ref idref="fl-34"/>
      </object_component>
      <object_component id="oc-60f">
         <name>.text:Power_getConstraintMask</name>
         <load_address>0x10054f8</load_address>
         <run_address>0x10054f8</run_address>
         <size>0xc</size>
         <input_file_ref idref="fl-15"/>
      </object_component>
      <object_component id="oc-3d8">
         <name>.text:SemaphoreP_delete</name>
         <load_address>0x1005504</load_address>
         <run_address>0x1005504</run_address>
         <size>0xc</size>
         <input_file_ref idref="fl-20"/>
      </object_component>
      <object_component id="oc-4a">
         <name>.text:decompress:ZI:__TI_zero_init</name>
         <load_address>0x1005510</load_address>
         <run_address>0x1005510</run_address>
         <size>0xc</size>
         <input_file_ref idref="fl-ef"/>
      </object_component>
      <object_component id="oc-7c7">
         <name>.text:vTaskMissedYield</name>
         <load_address>0x100551c</load_address>
         <run_address>0x100551c</run_address>
         <size>0xc</size>
         <input_file_ref idref="fl-23"/>
      </object_component>
      <object_component id="oc-a1">
         <name>.text:IntMasterEnable</name>
         <load_address>0x1005528</load_address>
         <run_address>0x1005528</run_address>
         <size>0xa</size>
         <input_file_ref idref="fl-2d"/>
      </object_component>
      <object_component id="oc-132">
         <name>.text:vApplicationStackOverflowHook</name>
         <load_address>0x1005532</load_address>
         <run_address>0x1005532</run_address>
         <size>0xa</size>
         <input_file_ref idref="fl-5"/>
      </object_component>
      <object_component id="oc-65b">
         <name>.text:PRCMSleepEnter</name>
         <load_address>0x100553c</load_address>
         <run_address>0x100553c</run_address>
         <size>0x8</size>
         <input_file_ref idref="fl-2f"/>
      </object_component>
      <object_component id="oc-2f7">
         <name>.text:UtilsDelay</name>
         <load_address>0x1005544</load_address>
         <run_address>0x1005544</run_address>
         <size>0x6</size>
         <input_file_ref idref="fl-33"/>
      </object_component>
      <object_component id="oc-10a">
         <name>.text:_system_pre_init</name>
         <load_address>0x100554a</load_address>
         <run_address>0x100554a</run_address>
         <size>0x4</size>
         <input_file_ref idref="fl-f5"/>
      </object_component>
      <object_component id="oc-19d">
         <name>.text:abort:abort</name>
         <load_address>0x100554e</load_address>
         <run_address>0x100554e</run_address>
         <size>0x4</size>
         <input_file_ref idref="fl-f7"/>
      </object_component>
      <object_component id="oc-495">
         <name>.const:g_ulPinToPadMap</name>
         <load_address>0x1005554</load_address>
         <run_address>0x1005554</run_address>
         <size>0x100</size>
         <input_file_ref idref="fl-2e"/>
      </object_component>
      <object_component id="oc-74f">
         <name>.const:g_pulRegs</name>
         <load_address>0x1005654</load_address>
         <run_address>0x1005654</run_address>
         <size>0xd4</size>
         <input_file_ref idref="fl-2d"/>
      </object_component>
      <object_component id="oc-48e">
         <name>.const:PRCM_PeriphRegsList</name>
         <load_address>0x1005728</load_address>
         <run_address>0x1005728</run_address>
         <size>0xa8</size>
         <input_file_ref idref="fl-2f"/>
      </object_component>
      <object_component id="oc-32c">
         <name>.const:PowerCC32XX_config</name>
         <load_address>0x10057d0</load_address>
         <run_address>0x10057d0</run_address>
         <size>0x40</size>
         <input_file_ref idref="fl-4"/>
      </object_component>
      <object_component id="oc-427">
         <name>.const:.string:pinTable</name>
         <load_address>0x1005810</load_address>
         <run_address>0x1005810</run_address>
         <size>0x21</size>
         <input_file_ref idref="fl-14"/>
      </object_component>
      <object_component id="oc-104">
         <name>.const:g_pulEnRegs</name>
         <load_address>0x1005834</load_address>
         <run_address>0x1005834</run_address>
         <size>0x18</size>
         <input_file_ref idref="fl-2d"/>
      </object_component>
      <object_component id="oc-3fa">
         <name>.const:GPIOCC32XX_config</name>
         <load_address>0x100584c</load_address>
         <run_address>0x100584c</run_address>
         <size>0x14</size>
         <input_file_ref idref="fl-4"/>
      </object_component>
      <object_component id="oc-442">
         <name>.const:gpioBaseAddresses</name>
         <load_address>0x1005860</load_address>
         <run_address>0x1005860</run_address>
         <size>0x14</size>
         <input_file_ref idref="fl-14"/>
      </object_component>
      <object_component id="oc-42a">
         <name>.const:powerResources</name>
         <load_address>0x1005874</load_address>
         <run_address>0x1005874</run_address>
         <size>0x14</size>
         <input_file_ref idref="fl-14"/>
      </object_component>
      <object_component id="oc-d0">
         <name>.const</name>
         <load_address>0x1005888</load_address>
         <run_address>0x1005888</run_address>
         <size>0x8</size>
         <input_file_ref idref="fl-25"/>
      </object_component>
      <object_component id="oc-430">
         <name>.const:outPinTypes</name>
         <load_address>0x1005890</load_address>
         <run_address>0x1005890</run_address>
         <size>0x8</size>
         <input_file_ref idref="fl-14"/>
      </object_component>
      <object_component id="oc-43f">
         <name>.const:.string:interruptType</name>
         <load_address>0x1005898</load_address>
         <run_address>0x1005898</run_address>
         <size>0x6</size>
         <input_file_ref idref="fl-14"/>
      </object_component>
      <object_component id="oc-433">
         <name>.const:inPinTypes</name>
         <load_address>0x100589e</load_address>
         <run_address>0x100589e</run_address>
         <size>0x6</size>
         <input_file_ref idref="fl-14"/>
      </object_component>
      <object_component id="oc-42d">
         <name>.const:outPinStrengths</name>
         <load_address>0x10058a4</load_address>
         <run_address>0x10058a4</run_address>
         <size>0x6</size>
         <input_file_ref idref="fl-14"/>
      </object_component>
      <object_component id="oc-436">
         <name>.const:.string:portInterruptIds</name>
         <load_address>0x10058aa</load_address>
         <run_address>0x10058aa</run_address>
         <size>0x4</size>
         <input_file_ref idref="fl-14"/>
      </object_component>
      <object_component id="oc-27f">
         <name>.const</name>
         <load_address>0x10058b0</load_address>
         <run_address>0x10058b0</run_address>
         <size>0x4</size>
         <input_file_ref idref="fl-29"/>
      </object_component>
      <object_component id="oc-38c">
         <name>.const:.string</name>
         <load_address>0x10058b4</load_address>
         <run_address>0x10058b4</run_address>
         <size>0x2</size>
         <input_file_ref idref="fl-29"/>
      </object_component>
      <object_component id="oc-877">
         <name>.cinit..data.load</name>
         <load_address>0x10058b8</load_address>
         <run_address>0x10058b8</run_address>
         <size>0xef</size>
      </object_component>
      <object_component id="oc-875">
         <name>__TI_handler_table</name>
         <load_address>0x10059a8</load_address>
         <run_address>0x10059a8</run_address>
         <size>0xc</size>
      </object_component>
      <object_component id="oc-878">
         <name>.cinit..bss.load</name>
         <load_address>0x10059b8</load_address>
         <run_address>0x10059b8</run_address>
         <size>0x8</size>
      </object_component>
      <object_component id="oc-876">
         <name>__TI_cinit_table</name>
         <load_address>0x10059c0</load_address>
         <run_address>0x10059c0</run_address>
         <size>0x10</size>
      </object_component>
      <object_component id="oc-590">
         <name>.data:gpioPinConfigs</name>
         <load_address>0x2000907c</load_address>
         <run_address>0x2000907c</run_address>
         <size>0x3c</size>
         <input_file_ref idref="fl-4"/>
      </object_component>
      <object_component id="oc-593">
         <name>.data:gpioCallbackFunctions</name>
         <load_address>0x20009040</load_address>
         <run_address>0x20009040</run_address>
         <size>0x3c</size>
         <input_file_ref idref="fl-4"/>
      </object_component>
      <object_component id="oc-4b0">
         <name>.data:parkInfo</name>
         <load_address>0x20008f48</load_address>
         <run_address>0x20008f48</run_address>
         <size>0xf8</size>
         <input_file_ref idref="fl-4"/>
      </object_component>
      <object_component id="oc-3f7">
         <name>.data</name>
         <load_address>0x2000913c</load_address>
         <run_address>0x2000913c</run_address>
         <size>0x9</size>
         <input_file_ref idref="fl-14"/>
      </object_component>
      <object_component id="oc-329">
         <name>.data:PowerCC32XX_module</name>
         <load_address>0x20008ddc</load_address>
         <run_address>0x20008ddc</run_address>
         <size>0x16c</size>
         <input_file_ref idref="fl-15"/>
      </object_component>
      <object_component id="oc-5b9">
         <name>.data:HwiP_dispatchTable</name>
         <load_address>0x200085dc</load_address>
         <run_address>0x200085dc</run_address>
         <size>0x800</size>
         <input_file_ref idref="fl-1e"/>
      </object_component>
      <object_component id="oc-755">
         <name>.data</name>
         <load_address>0x20009148</load_address>
         <run_address>0x20009148</run_address>
         <size>0x4</size>
         <input_file_ref idref="fl-1e"/>
      </object_component>
      <object_component id="oc-55f">
         <name>.data</name>
         <load_address>0x2000914c</load_address>
         <run_address>0x2000914c</run_address>
         <size>0x4</size>
         <input_file_ref idref="fl-1f"/>
      </object_component>
      <object_component id="oc-355">
         <name>.data</name>
         <load_address>0x200090ec</load_address>
         <run_address>0x200090ec</run_address>
         <size>0x18</size>
         <input_file_ref idref="fl-21"/>
      </object_component>
      <object_component id="oc-cd">
         <name>.data</name>
         <load_address>0x200090b8</load_address>
         <run_address>0x200090b8</run_address>
         <size>0x34</size>
         <input_file_ref idref="fl-23"/>
      </object_component>
      <object_component id="oc-39c">
         <name>.data</name>
         <load_address>0x20009130</load_address>
         <run_address>0x20009130</run_address>
         <size>0xc</size>
         <input_file_ref idref="fl-24"/>
      </object_component>
      <object_component id="oc-3af">
         <name>.data</name>
         <load_address>0x20009104</load_address>
         <run_address>0x20009104</run_address>
         <size>0x18</size>
         <input_file_ref idref="fl-25"/>
      </object_component>
      <object_component id="oc-241">
         <name>.data:defaultPthreadAttrs</name>
         <load_address>0x2000911c</load_address>
         <run_address>0x2000911c</run_address>
         <size>0x14</size>
         <input_file_ref idref="fl-29"/>
      </object_component>
      <object_component id="oc-406">
         <name>.bss:gpioCallbackInfo</name>
         <uninitialized>true</uninitialized>
         <run_address>0x20008500</run_address>
         <size>0x20</size>
         <input_file_ref idref="fl-14"/>
      </object_component>
      <object_component id="oc-3fd">
         <name>.bss:powerNotifyObj</name>
         <uninitialized>true</uninitialized>
         <run_address>0x20008520</run_address>
         <size>0x14</size>
         <input_file_ref idref="fl-14"/>
      </object_component>
      <object_component id="oc-3f6">
         <name>.bss</name>
         <uninitialized>true</uninitialized>
         <run_address>0x200085d8</run_address>
         <size>0x4</size>
         <input_file_ref idref="fl-14"/>
      </object_component>
      <object_component id="oc-4bd">
         <name>.bss:ucHeap</name>
         <uninitialized>true</uninitialized>
         <run_address>0x2000030c</run_address>
         <size>0x8000</size>
         <input_file_ref idref="fl-21"/>
      </object_component>
      <object_component id="oc-358">
         <name>.bss:xStart</name>
         <uninitialized>true</uninitialized>
         <run_address>0x200085d0</run_address>
         <size>0x8</size>
         <input_file_ref idref="fl-21"/>
      </object_component>
      <object_component id="oc-138">
         <name>.bss:pxReadyTasksLists</name>
         <uninitialized>true</uninitialized>
         <run_address>0x20008438</run_address>
         <size>0xc8</size>
         <input_file_ref idref="fl-23"/>
      </object_component>
      <object_component id="oc-68e">
         <name>.bss:xDelayedTaskList1</name>
         <uninitialized>true</uninitialized>
         <run_address>0x2000855c</run_address>
         <size>0x14</size>
         <input_file_ref idref="fl-23"/>
      </object_component>
      <object_component id="oc-691">
         <name>.bss:xDelayedTaskList2</name>
         <uninitialized>true</uninitialized>
         <run_address>0x20008570</run_address>
         <size>0x14</size>
         <input_file_ref idref="fl-23"/>
      </object_component>
      <object_component id="oc-14e">
         <name>.bss</name>
         <uninitialized>true</uninitialized>
         <run_address>0x200085c0</run_address>
         <size>0x8</size>
         <input_file_ref idref="fl-23"/>
      </object_component>
      <object_component id="oc-388">
         <name>.bss:xPendingReadyList</name>
         <uninitialized>true</uninitialized>
         <run_address>0x20008584</run_address>
         <size>0x14</size>
         <input_file_ref idref="fl-23"/>
      </object_component>
      <object_component id="oc-554">
         <name>.bss:xTasksWaitingTermination</name>
         <uninitialized>true</uninitialized>
         <run_address>0x200085ac</run_address>
         <size>0x14</size>
         <input_file_ref idref="fl-23"/>
      </object_component>
      <object_component id="oc-694">
         <name>.bss:xSuspendedTaskList</name>
         <uninitialized>true</uninitialized>
         <run_address>0x20008598</run_address>
         <size>0x14</size>
         <input_file_ref idref="fl-23"/>
      </object_component>
      <object_component id="oc-529">
         <name>.bss:xActiveTimerList1</name>
         <uninitialized>true</uninitialized>
         <run_address>0x20008534</run_address>
         <size>0x14</size>
         <input_file_ref idref="fl-24"/>
      </object_component>
      <object_component id="oc-52c">
         <name>.bss:xActiveTimerList2</name>
         <uninitialized>true</uninitialized>
         <run_address>0x20008548</run_address>
         <size>0x14</size>
         <input_file_ref idref="fl-24"/>
      </object_component>
      <object_component id="oc-52f">
         <name>.bss</name>
         <uninitialized>true</uninitialized>
         <run_address>0x200085c8</run_address>
         <size>0x8</size>
         <input_file_ref idref="fl-24"/>
      </object_component>
      <object_component id="oc-810">
         <name>.common:PowerCC32XX_contextSave</name>
         <uninitialized>true</uninitialized>
         <run_address>0x2000830c</run_address>
         <size>0x12c</size>
      </object_component>
      <object_component id="oc-2a">
         <name>.stack</name>
         <uninitialized>true</uninitialized>
         <run_address>0x2003fc00</run_address>
         <size>0x4</size>
         <input_file_ref idref="fl-f2"/>
      </object_component>
      <object_component id="oc-87a">
         <name>.stack</name>
         <uninitialized>true</uninitialized>
         <run_address>0x2003fc00</run_address>
         <size>0x0</size>
      </object_component>
      <object_component id="oc-27">
         <name>.resetVecs:retain</name>
         <load_address>0x1000800</load_address>
         <run_address>0x1000800</run_address>
         <size>0x40</size>
[...]
         <name>xQueueGiveFromISR</name>
         <value>0x1002345</value>
         <object_component_ref idref="oc-587"/>
      </symbol>
      <symbol id="sm-643">
         <name>vQueueWaitForMessageRestricted</name>
         <value>0x100420d</value>
         <object_component_ref idref="oc-6f1"/>
      </symbol>
      <symbol id="sm-644">
         <name>vQueueDelete</name>
         <value>0x1005199</value>
         <object_component_ref idref="oc-273"/>
      </symbol>
      <symbol id="sm-645">
         <name>xQueueReceive</name>
         <value>0x1001505</value>
         <object_component_ref idref="oc-704"/>
      </symbol>
      <symbol id="sm-90f">
         <name>vTaskDelay</name>
         <value>0x1004269</value>
         <object_component_ref idref="oc-44d"/>
      </symbol>
      <symbol id="sm-910">
         <name>vTaskSuspendAll</name>
         <value>0x10054c1</value>
         <object_component_ref idref="oc-261"/>
      </symbol>
      <symbol id="sm-911">
         <name>vTaskPlaceOnEventList</name>
         <value>0x1004df1</value>
         <object_component_ref idref="oc-6c0"/>
      </symbol>
      <symbol id="sm-912">
         <name>pvTaskGetThreadLocalStoragePointer</name>
         <value>0x1004bfd</value>
         <object_component_ref idref="oc-7ce"/>
      </symbol>
      <symbol id="sm-913">
         <name>xTaskCheckForTimeOut</name>
         <value>0x1002efd</value>
         <object_component_ref idref="oc-6b4"/>
      </symbol>
      <symbol id="sm-914">
         <name>xTaskPriorityDisinherit</name>
         <value>0x1002435</value>
         <object_component_ref idref="oc-7bc"/>
      </symbol>
      <symbol id="sm-915">
         <name>vTaskStartScheduler</name>
         <value>0x1003571</value>
         <object_component_ref idref="oc-186"/>
      </symbol>
      <symbol id="sm-916">
         <name>vTaskInternalSetTimeOutState</name>
         <value>0x10051bd</value>
         <object_component_ref idref="oc-6ae"/>
      </symbol>
      <symbol id="sm-917">
         <name>pvTaskIncrementMutexHeldCount</name>
         <value>0x10052f9</value>
         <object_component_ref idref="oc-71f"/>
      </symbol>
      <symbol id="sm-918">
         <name>vTaskPriorityDisinheritAfterTimeout</name>
         <value>0x1002045</value>
         <object_component_ref idref="oc-737"/>
      </symbol>
      <symbol id="sm-919">
         <name>xTaskCreate</name>
         <value>0x1003b25</value>
         <object_component_ref idref="oc-267"/>
      </symbol>
      <symbol id="sm-91a">
         <name>vTaskMissedYield</name>
         <value>0x100551d</value>
         <object_component_ref idref="oc-7c7"/>
      </symbol>
      <symbol id="sm-91b">
         <name>vTaskStepTick</name>
         <value>0x1004a45</value>
         <object_component_ref idref="oc-655"/>
      </symbol>
      <symbol id="sm-91c">
         <name>xTaskResumeAll</name>
         <value>0x1001e1d</value>
         <object_component_ref idref="oc-279"/>
      </symbol>
      <symbol id="sm-91d">
         <name>vTaskSetApplicationTaskTag</name>
         <value>0x1004f69</value>
         <object_component_ref idref="oc-26d"/>
      </symbol>
      <symbol id="sm-91e">
         <name>xTaskGetTickCount</name>
         <value>0x100545d</value>
         <object_component_ref idref="oc-7d6"/>
      </symbol>
      <symbol id="sm-91f">
         <name>vTaskDelete</name>
         <value>0x1002149</value>
         <object_component_ref idref="oc-51c"/>
      </symbol>
      <symbol id="sm-920">
         <name>xTaskGetApplicationTaskTag</name>
         <value>0x10050b5</value>
         <object_component_ref idref="oc-69e"/>
      </symbol>
      <symbol id="sm-921">
         <name>pxCurrentTCB</name>
         <value>0x200090b8</value>
         <object_component_ref idref="oc-cd"/>
      </symbol>
      <symbol id="sm-922">
         <name>vTaskSuspend</name>
         <value>0x1002249</value>
         <object_component_ref idref="oc-516"/>
      </symbol>
      <symbol id="sm-923">
         <name>vTaskPlaceOnEventListRestricted</name>
         <value>0x1004ac9</value>
         <object_component_ref idref="oc-7e3"/>
      </symbol>
      <symbol id="sm-924">
         <name>xTaskIncrementTick</name>
         <value>0x10017e5</value>
         <object_component_ref idref="oc-da"/>
      </symbol>
      <symbol id="sm-925">
         <name>vTaskSwitchContext</name>
         <value>0x1002515</value>
         <object_component_ref idref="oc-d3"/>
      </symbol>
      <symbol id="sm-926">
         <name>xTaskGetSchedulerState</name>
         <value>0x1004eb5</value>
         <object_component_ref idref="oc-25b"/>
      </symbol>
      <symbol id="sm-927">
         <name>xTaskGetCurrentTaskHandle</name>
         <value>0x1005449</value>
         <object_component_ref idref="oc-698"/>
      </symbol>
      <symbol id="sm-928">
         <name>xTaskRemoveFromEventList</name>
         <value>0x10032fd</value>
         <object_component_ref idref="oc-67f"/>
      </symbol>
      <symbol id="sm-929">
         <name>eTaskConfirmSleepModeStatus</name>
         <value>0x1004375</value>
         <object_component_ref idref="oc-621"/>
      </symbol>
      <symbol id="sm-92a">
         <name>xTaskPriorityInherit</name>
         <value>0x10026c9</value>
         <object_component_ref idref="oc-72b"/>
      </symbol>
      <symbol id="sm-a0e">
         <name>xTimerCreateTimerTask</name>
         <value>0x1004479</value>
         <object_component_ref idref="oc-289"/>
      </symbol>
      <symbol id="sm-a0f">
         <name>xTimerGenericCommand</name>
         <value>0x10038ad</value>
         <object_component_ref idref="oc-6fe"/>
      </symbol>
      <symbol id="sm-aa3">
         <name>ulMaxSyscallInterruptPriority</name>
         <value>0x1005888</value>
         <object_component_ref idref="oc-d0"/>
      </symbol>
      <symbol id="sm-aa4">
         <name>vPortSetupTimerInterrupt</name>
         <value>0x10043cd</value>
         <object_component_ref idref="oc-3a9"/>
      </symbol>
      <symbol id="sm-aa5">
         <name>xPortSysTickHandler</name>
         <value>0x1004f95</value>
         <object_component_ref idref="oc-75"/>
      </symbol>
      <symbol id="sm-aa6">
         <name>vPortValidateInterruptPriority</name>
         <value>0x1003d05</value>
         <object_component_ref idref="oc-712"/>
      </symbol>
      <symbol id="sm-aa7">
         <name>pxPortInitialiseStack</name>
         <value>0x1004521</value>
         <object_component_ref idref="oc-4e6"/>
      </symbol>
      <symbol id="sm-aa8">
         <name>vPortExitCritical</name>
         <value>0x1004e85</value>
         <object_component_ref idref="oc-380"/>
      </symbol>
      <symbol id="sm-aa9">
         <name>xPortStartScheduler</name>
         <value>0x10029e5</value>
         <object_component_ref idref="oc-28f"/>
      </symbol>
      <symbol id="sm-aaa">
         <name>vPortEnterCritical</name>
         <value>0x1004739</value>
         <object_component_ref idref="oc-37a"/>
      </symbol>
      <symbol id="sm-ab9">
         <name>vPortStartFirstTask</name>
         <value>0x1002d71</value>
         <object_component_ref idref="oc-70"/>
      </symbol>
      <symbol id="sm-aba">
         <name>ulPortGetIPSR</name>
         <value>0x1002ce9</value>
         <object_component_ref idref="oc-70"/>
      </symbol>
      <symbol id="sm-abb">
         <name>xPortPendSVHandler</name>
         <value>0x1002d01</value>
         <object_component_ref idref="oc-70"/>
      </symbol>
      <symbol id="sm-abc">
         <name>vPortSVCHandler</name>
         <value>0x1002d4d</value>
         <object_component_ref idref="oc-70"/>
      </symbol>
      <symbol id="sm-b12">
         <name>resetISR</name>
         <value>0x10053a5</value>
         <object_component_ref idref="oc-21"/>
      </symbol>
      <symbol id="sm-b13">
         <name>resetVectorAddr</name>
         <value>0x10053b4</value>
         <object_component_ref idref="oc-21"/>
      </symbol>
      <symbol id="sm-b14">
         <name>initVectors</name>
         <value>0x1004609</value>
         <object_component_ref idref="oc-50"/>
      </symbol>
      <symbol id="sm-b15">
         <name>resetVectors</name>
         <value>0x1000800</value>
         <object_component_ref idref="oc-27"/>
      </symbol>
      <symbol id="sm-b23">
         <name>PTLS_taskDeleteHook</name>
         <value>0x1005315</value>
         <object_component_ref idref="oc-6ce"/>
      </symbol>
      <symbol id="sm-bca">
         <name>pthread_create</name>
         <value>0x1001bbd</value>
         <object_component_ref idref="oc-180"/>
      </symbol>
      <symbol id="sm-bcb">
         <name>pthread_attr_init</name>
         <value>0x10052dd</value>
         <object_component_ref idref="oc-168"/>
      </symbol>
      <symbol id="sm-bcc">
         <name>pthread_self</name>
         <value>0x1005421</value>
         <object_component_ref idref="oc-4f8"/>
      </symbol>
      <symbol id="sm-bcd">
         <name>pthread_attr_setschedparam</name>
         <value>0x100508d</value>
         <object_component_ref idref="oc-16e"/>
      </symbol>
      <symbol id="sm-bce">
         <name>pthread_attr_setdetachstate</name>
         <value>0x1005203</value>
         <object_component_ref idref="oc-174"/>
      </symbol>
      <symbol id="sm-bcf">
         <name>pthread_attr_setstacksize</name>
         <value>0x100540d</value>
         <object_component_ref idref="oc-17a"/>
      </symbol>
      <symbol id="sm-bd0">
         <name>pthread_setcancelstate</name>
         <value>0x1004b09</value>
         <object_component_ref idref="oc-4fe"/>
      </symbol>
      <symbol id="sm-bd1">
         <name>_pthread_cleanup_pop</name>
         <value>0x1005103</value>
         <object_component_ref idref="oc-504"/>
      </symbol>
      <symbol id="sm-bd2">
         <name>pthread_exit</name>
         <value>0x10041b1</value>
         <object_component_ref idref="oc-38f"/>
      </symbol>
      <symbol id="sm-be0">
         <name>sleep</name>
         <value>0x10048a5</value>
         <object_component_ref idref="oc-2ae"/>
      </symbol>
      <symbol id="sm-c12">
         <name>uxListRemove</name>
         <value>0x10048ed</value>
         <object_component_ref idref="oc-142"/>
      </symbol>
      <symbol id="sm-c13">
         <name>vListInsert</name>
         <value>0x1003de1</value>
         <object_component_ref idref="oc-759"/>
      </symbol>
      <symbol id="sm-c14">
         <name>vListInitialiseItem</name>
         <value>0x10054b1</value>
         <object_component_ref idref="oc-4e0"/>
      </symbol>
      <symbol id="sm-c15">
         <name>vListInsertEnd</name>
         <value>0x1004c39</value>
         <object_component_ref idref="oc-148"/>
      </symbol>
      <symbol id="sm-c16">
         <name>vListInitialise</name>
         <value>0x1004e55</value>
         <object_component_ref idref="oc-523"/>
      </symbol>
      <symbol id="sm-c61">
         <name>IntPrioritySet</name>
         <value>0x1004425</value>
         <object_component_ref idref="oc-5b3"/>
      </symbol>
      <symbol id="sm-c62">
         <name>IntVTableBaseSet</name>
         <value>0x10053d1</value>
         <object_component_ref idref="oc-9b"/>
      </symbol>
      <symbol id="sm-c63">
         <name>IntEnable</name>
         <value>0x100305d</value>
         <object_component_ref idref="oc-a7"/>
      </symbol>
      <symbol id="sm-c64">
         <name>IntRegister</name>
         <value>0x1005245</value>
         <object_component_ref idref="oc-5ad"/>
      </symbol>
      <symbol id="sm-c65">
         <name>IntMasterEnable</name>
         <value>0x1005529</value>
         <object_component_ref idref="oc-a1"/>
      </symbol>
      <symbol id="sm-c9f">
         <name>PinModeGet</name>
         <value>0x1004d55</value>
         <object_component_ref idref="oc-316"/>
      </symbol>
      <symbol id="sm-ca0">
         <name>PinConfigSet</name>
         <value>0x1003695</value>
         <object_component_ref idref="oc-40f"/>
      </symbol>
      <symbol id="sm-ca1">
         <name>PinModeSet</name>
         <value>0x1004a89</value>
         <object_component_ref idref="oc-31c"/>
      </symbol>
      <symbol id="sm-ca2">
         <name>PinToPadGet</name>
         <value>0x10052c1</value>
         <object_component_ref idref="oc-803"/>
      </symbol>
      <symbol id="sm-d94">
         <name>PRCMLPDSWakeupSourceEnable</name>
         <value>0x1005015</value>
         <object_component_ref idref="oc-644"/>
      </symbol>
      <symbol id="sm-d95">
         <name>PRCMLPDSRestoreInfoSet</name>
         <value>0x1004935</value>
         <object_component_ref idref="oc-817"/>
      </symbol>
      <symbol id="sm-d96">
         <name>PRCMPeripheralReset</name>
         <value>0x100431d</value>
         <object_component_ref idref="oc-30a"/>
      </symbol>
      <symbol id="sm-d97">
         <name>PRCMLPDSEnter</name>
         <value>0x1004815</value>
         <object_component_ref idref="oc-79a"/>
      </symbol>
      <symbol id="sm-d98">
         <name>PRCMPeripheralClkEnable</name>
         <value>0x100485d</value>
         <object_component_ref idref="oc-304"/>
      </symbol>
      <symbol id="sm-d99">
         <name>PRCMSlowClkCtrFastGet</name>
         <value>0x1004b49</value>
         <object_component_ref idref="oc-615"/>
      </symbol>
      <symbol id="sm-d9a">
         <name>PRCMLPDSEnterKeepDebugIf</name>
         <value>0x1004c75</value>
         <object_component_ref idref="oc-7a0"/>
      </symbol>
      <symbol id="sm-d9b">
         <name>PRCMCC3200MCUInit</name>
         <value>0x1000841</value>
         <object_component_ref idref="oc-22e"/>
      </symbol>
      <symbol id="sm-d9c">
         <name>PRCMHIBRegWrite</name>
         <value>0x100538f</value>
         <object_component_ref idref="oc-2f8"/>
      </symbol>
      <symbol id="sm-d9d">
         <name>PRCMLPDSIntervalSet</name>
         <value>0x1004f11</value>
         <object_component_ref idref="oc-63e"/>
      </symbol>
      <symbol id="sm-d9e">
         <name>PRCMSysResetCauseGet</name>
         <value>0x1004039</value>
         <object_component_ref idref="oc-2f1"/>
      </symbol>
      <symbol id="sm-d9f">
         <name>PRCMSleepEnter</name>
         <value>0x100553d</value>
         <object_component_ref idref="oc-65b"/>
      </symbol>
      <symbol id="sm-da0">
         <name>PRCMPeripheralClkDisable</name>
         <value>0x100503d</value>
         <object_component_ref idref="oc-310"/>
      </symbol>
      <symbol id="sm-da1">
         <name>PRCMHIBRegRead</name>
         <value>0x1005379</value>
         <object_component_ref idref="oc-2fe"/>
      </symbol>
      <symbol id="sm-db7">
         <name>SysTickEnable</name>
         <value>0x10054a1</value>
         <object_component_ref idref="oc-627"/>
      </symbol>
      <symbol id="sm-db8">
         <name>SysTickDisable</name>
         <value>0x1005491</value>
         <object_component_ref idref="oc-61b"/>
      </symbol>
      <symbol id="sm-dbe">
         <name>UtilsDelay</name>
         <value>0x1005545</value>
         <object_component_ref idref="oc-2f7"/>
      </symbol>
      <symbol id="sm-dd0">
         <name>CPUcpsie</name>
         <value>0x10053bb</value>
         <object_component_ref idref="oc-fd"/>
      </symbol>
      <symbol id="sm-dd1">
         <name>CPUwfi</name>
         <value>0x10054ed</value>
         <object_component_ref idref="oc-7a9"/>
      </symbol>
      <symbol id="sm-de1">
         <name>FlashDisable</name>
         <value>0x1004785</value>
         <object_component_ref idref="oc-82d"/>
      </symbol>
      <symbol id="sm-dea">
         <name>__aeabi_lmul</name>
         <value>0x1005361</value>
         <object_component_ref idref="oc-650"/>
      </symbol>
      <symbol id="sm-e05">
         <name>memcpy</name>
         <value>0x10033a5</value>
         <object_component_ref idref="oc-38"/>
      </symbol>
      <symbol id="sm-e06">
         <name>__aeabi_memcpy</name>
         <value>0x10033a5</value>
         <object_component_ref idref="oc-38"/>
      </symbol>
      <symbol id="sm-e07">
         <name>__aeabi_memcpy8</name>
         <value>0x10033a5</value>
         <object_component_ref idref="oc-38"/>
      </symbol>
      <symbol id="sm-e08">
         <name>__aeabi_memcpy4</name>
         <value>0x10033a5</value>
         <object_component_ref idref="oc-38"/>
      </symbol>
      <symbol id="sm-e17">
         <name>__aeabi_memset</name>
         <value>0x1003aad</value>
         <object_component_ref idref="oc-95"/>
      </symbol>
      <symbol id="sm-e18">
         <name>memset</name>
         <value>0x1003ab3</value>
         <object_component_ref idref="oc-95"/>
      </symbol>
      <symbol id="sm-e19">
         <name>__aeabi_memset8</name>
         <value>0x1003aad</value>
         <object_component_ref idref="oc-95"/>
      </symbol>
      <symbol id="sm-e1a">
         <name>__aeabi_memset4</name>
         <value>0x1003aad</value>
         <object_component_ref idref="oc-95"/>
      </symbol>
      <symbol id="sm-e1b">
         <name>__aeabi_memclr8</name>
         <value>0x1003aab</value>
         <object_component_ref idref="oc-95"/>
      </symbol>
      <symbol id="sm-e1c">
         <name>__aeabi_memclr4</name>
         <value>0x1003aab</value>
         <object_component_ref idref="oc-95"/>
      </symbol>
      <symbol id="sm-e1d">
         <name>__aeabi_memclr</name>
         <value>0x1003aab</value>
         <object_component_ref idref="oc-95"/>
      </symbol>
      <symbol id="sm-e2a">
         <name>__aeabi_uldivmod</name>
         <value>0x10034d9</value>
         <object_component_ref idref="oc-639"/>
      </symbol>
      <symbol id="sm-e3c">
         <name>__TI_zero_init</name>
         <value>0x1005511</value>
         <object_component_ref idref="oc-4a"/>
      </symbol>
      <symbol id="sm-e53">
         <name>__TI_decompress_none</name>
         <value>0x10054df</value>
         <object_component_ref idref="oc-1a"/>
      </symbol>
      <symbol id="sm-e76">
         <name>__TI_decompress_lzss</name>
         <value>0x1003d79</value>
         <object_component_ref idref="oc-14"/>
      </symbol>
      <symbol id="sm-e88">
         <name>__stack</name>
         <value>0x2003fc00</value>
         <object_component_ref idref="oc-2a"/>
      </symbol>
      <symbol id="sm-e89">
         <name>_c_int00_noargs</name>
         <value>0x1005151</value>
         <object_component_ref idref="oc-b7"/>
      </symbol>
      <symbol id="sm-e93">
         <name>__aeabi_idiv0</name>
         <value>0x100451f</value>
         <object_component_ref idref="oc-769"/>
      </symbol>
      <symbol id="sm-e94">
         <name>__aeabi_ldiv0</name>
         <value>0x100451f</value>
         <object_component_ref idref="oc-769"/>
      </symbol>
      <symbol id="sm-ebc">
         <name>__TI_auto_init_nobinit_nopinit</name>
         <value>0x10049bd</value>
         <object_component_ref idref="oc-1a9"/>
      </symbol>
      <symbol id="sm-ec6">
         <name>_system_pre_init</name>
         <value>0x100554b</value>
         <object_component_ref idref="oc-10a"/>
      </symbol>
      <symbol id="sm-ed2">
         <name>C$$EXIT</name>
         <value>0x100554f</value>
         <object_component_ref idref="oc-19d"/>
      </symbol>
      <symbol id="sm-ed3">
         <name>abort</name>
         <value>0x100554f</value>
         <object_component_ref idref="oc-19d"/>
      </symbol>
      <symbol id="sm-ed6">
         <name>__TI_static_base__</name>
         <value>0x10058b8</value>
      </symbol>
      <symbol id="sm-ed9">
         <name>__mpu_init</name>
         <value>0x0</value>
      </symbol>
      <symbol id="sm-eda">
         <name>_system_post_cinit</name>
         <value>0x0</value>
      </symbol>
   </symbol_table>
   <title>Link successful</title>
</link_info>
