******************************************************************************
                  TI ARM Linker PC v20.2.0                     
******************************************************************************
>> Linked Wed Jul 22 22:41:41 2020

OUTPUT FILE NAME:   <sensors_CC3220SF_LAUNCHXL_freertos_ccs.out>
ENTRY POINT SYMBOL: "resetISR"  address: 01009a45


MEMORY CONFIGURATION

         name            origin    length      used     unused   attr    fill
----------------------  --------  ---------  --------  --------  ----  --------
  FLASH_HDR             01000000   000007ff  00000000  000007ff  R  X
  FLASH                 01000800   000ff800  00009d06  000f5afa  R  X
  SRAM                  20000000   00040000  00009b08  000364f8  RW X


SEGMENT ALLOCATION MAP

run origin  load origin   length   init length attrs members
----------  ----------- ---------- ----------- ----- -------
01000800    01000800    00009d08   00009d08    r-x
  01000800    01000800    00000040   00000040    r-- .resetVecs
  01000840    01000840    00009584   00009584    r-x .text
  01009dc4    01009dc4    0000062a   0000062a    r-- .const
  0100a3f0    0100a3f0    00000118   00000118    r-- .cinit
20000400    20000400    000093fc   00000000    rw-
  20000400    20000400    00008890   00000000    rw- .bss
  20008c90    20008c90    00000b6c   00000000    rw- .data
2003fc00    2003fc00    00000400   00000000    rw-
  2003fc00    2003fc00    00000400   00000000    rw- .stack


SECTION ALLOCATION MAP

 output                                  attributes/
section   page    origin      length       input sections
--------  ----  ----------  ----------   ----------------
.resetVecs 
*          0    01000800    00000040     
                  01000800    00000040     freertos_builds_CC3220SF_LAUNCHXL_release_ccs.lib : startup_cc32xx_ccs.obj (.resetVecs:retain)

.text      0    01000840    00009584     
                  01000840    00000a4e     rtsv7M4_T_le_eabi.lib : _printfi.c.obj (.text:__TI_printfi)
                  0100128e    00000002     ti_drivers_config.obj (.text:Board_initHook)
                  01001290    0000042c     driverlib.a : prcm.obj (.text:PRCMCC3200MCUInit)
                  010016bc    000002d8     task_ultrasonic.obj (.text:getTime)
                  01001994    00000268     rtsv7M4_T_le_eabi.lib : _printfi.c.obj (.text:_pconv_a)
                  01001bfc    0000020c     drivers_cc32xx.aem4 : UARTCC32XXDMA.oem4 (.text:UARTCC32XXDMA_open)
                  01001e08    000001e4                         : GPIOCC32XX.oem4 (.text:GPIO_setConfig)
                  01001fec    000001d0     freertos_builds_CC3220SF_LAUNCHXL_release_ccs.lib : queue.obj (.text:xQueueSemaphoreTake)
                  010021bc    000001cc     rtsv7M4_T_le_eabi.lib : _printfi.c.obj (.text:_pconv_g)
                  01002388    000001cc     task_rgb.obj (.text:rgbTask)
                  01002554    000001b8     freertos_builds_CC3220SF_LAUNCHXL_release_ccs.lib : queue.obj (.text:xQueueGenericSend)
                  0100270c    000001b6     rtsv7M4_T_le_eabi.lib : fd_add_t2.asm.obj (.text)
                  010028c2    00000002     drivers_cc32xx.aem4 : I2CCC32XX.oem4 (.text:I2CCC32XX_init)
                  010028c4    000001b0     freertos_builds_CC3220SF_LAUNCHXL_release_ccs.lib : PowerCC32XX_freertos.obj (.text:PowerCC32XX_sleepPolicy)
                  01002a74    0000017c                                                       : heap_4.obj (.text:pvPortMalloc)
                  01002bf0    0000017c                                                       : queue.obj (.text:xQueueReceive)
                  01002d6c    00000164                                                       : timers.obj (.text:prvProcessReceivedCommands)
                  01002ed0    00000158                                                       : tasks.obj (.text:xTaskIncrementTick)
                  01003028    0000014c     rtsv7M4_T_le_eabi.lib : vla_alloc.c.obj (.text:__vla_alloc)
                  01003174    00000148     drivers_cc32xx.aem4 : PowerCC32XX.oem4 (.text:parkPins)
                  010032bc    0000013c     rtsv7M4_T_le_eabi.lib : _printfi.c.obj (.text:_pconv_e)
                  010033f8    00000138     drivers_cc32xx.aem4 : PowerCC32XX.oem4 (.text:Power_sleep)
                  01003530    00000138     freertos_builds_CC3220SF_LAUNCHXL_release_ccs.lib : pthread.obj (.text:pthread_create)
                  01003668    00000136     rtsv7M4_T_le_eabi.lib : fd_div_t2.asm.obj (.text)
                  0100379e    00000002     driverlib.a : interrupt.obj (.text:IntDefaultHandler)
                  010037a0    00000128     drivers_cc32xx.aem4 : TimerCC32XX.oem4 (.text:TimerCC32XX_open)
                  010038c8    00000128     freertos_builds_CC3220SF_LAUNCHXL_release_ccs.lib : tasks.obj (.text:prvInitialiseNewTask)
                  010039f0    00000126     drivers_cc32xx.aem4 : I2CCC32XX.oem4 (.text:I2CCC32XX_hwiFxn)
                  01003b16    00000002     freertos_builds_CC3220SF_LAUNCHXL_release_ccs.lib : PowerCC32XX_freertos.obj (.text:PowerCC32XX_initPolicy)
                  01003b18    00000120     rtsv7M4_T_le_eabi.lib : _printfi.c.obj (.text:fcvt)
                  01003c38    0000011c     freertos_builds_CC3220SF_LAUNCHXL_release_ccs.lib : tasks.obj (.text:xTaskResumeAll)
                  01003d54    00000118     main_freertos.obj (.text:main)
                  01003e6c    00000110     drivers_cc32xx.aem4 : I2CCC32XX.oem4 (.text:I2CCC32XX_transfer)
                  01003f7c    0000010a     freertos_builds_CC3220SF_LAUNCHXL_release_ccs.lib : queue.obj (.text:xQueueGenericSendFromISR)
                  01004086    00000002     drivers_cc32xx.aem4 : TimerCC32XX.oem4 (.text:TimerCC32XX_init)
                  01004088    00000104     freertos_builds_CC3220SF_LAUNCHXL_release_ccs.lib : tasks.obj (.text:vTaskPriorityDisinheritAfterTimeout)
                  0100418c    00000100     drivers_cc32xx.aem4 : I2CCC32XX.oem4 (.text:I2CCC32XX_open)
                  0100428c    00000100     freertos_builds_CC3220SF_LAUNCHXL_release_ccs.lib : tasks.obj (.text:vTaskDelete)
                  0100438c    000000fc     rtsv7M4_T_le_eabi.lib : fd_mul_t2.asm.obj (.text)
                  01004488    000000fc     freertos_builds_CC3220SF_LAUNCHXL_release_ccs.lib : tasks.obj (.text:vTaskSuspend)
                  01004584    000000f8     drivers_cc32xx.aem4 : UARTCC32XXDMA.oem4 (.text:UARTCC32XXDMA_close)
                  0100467c    000000f0     freertos_builds_CC3220SF_LAUNCHXL_release_ccs.lib : queue.obj (.text:xQueueGiveFromISR)
                  0100476c    000000e8     drivers_cc32xx.aem4 : UARTCC32XXDMA.oem4 (.text:initHw)
                  01004854    000000e0     freertos_builds_CC3220SF_LAUNCHXL_release_ccs.lib : tasks.obj (.text:xTaskPriorityDisinherit)
                  01004934    000000dc                                                       : tasks.obj (.text:vTaskSwitchContext)
                  01004a10    000000d8                                                       : queue.obj (.text:xQueueReceiveFromISR)
                  01004ae8    000000d4                                                       : tasks.obj (.text:xTaskPriorityInherit)
                  01004bbc    000000d0     rtsv7M4_T_le_eabi.lib : s_scalbn.c.obj (.text:scalbn)
                  01004c8c    000000c4     drivers_cc32xx.aem4 : GPIOCC32XX.oem4 (.text:GPIO_init)
                  01004d50    000000c4     freertos_builds_CC3220SF_LAUNCHXL_release_ccs.lib : tasks.obj (.text:prvAddNewTaskToReadyList)
                  01004e14    000000c0     drivers_cc32xx.aem4 : PowerCC32XX.oem4 (.text:restoreParkedPins)
                  01004ed4    000000c0     freertos_builds_CC3220SF_LAUNCHXL_release_ccs.lib : port.obj (.text:xPortStartScheduler)
                  01004f94    000000bc                                                       : queue.obj (.text:prvCopyDataToQueue)
                  01005050    000000bc                                                       : heap_4.obj (.text:prvHeapInit)
                  0100510c    000000bc                                                       : timers.obj (.text:prvSwitchTimerLists)
                  010051c8    000000ba                                                       : portasm.obj (.text)
                  01005282    00000002     drivers_cc32xx.aem4 : UARTCC32XXDMA.oem4 (.text:UARTCC32XXDMA_init)
                  01005284    000000b8                         : UARTCC32XXDMA.oem4 (.text:UARTCC32XXDMA_configDMA)
                  0100533c    000000b8     freertos_builds_CC3220SF_LAUNCHXL_release_ccs.lib : queue.obj (.text:xQueueGenericReset)
                  010053f4    000000b4     drivers_cc32xx.aem4 : UARTCC32XXDMA.oem4 (.text:UARTCC32XXDMA_hwiIntFxn)
                  010054a8    000000b1     rtsv7M4_T_le_eabi.lib : _printfi.c.obj (.text:_ltostr)
                  01005559    00000001     --HOLE-- [fill = 0]
                  0100555a    00000002     freertos_builds_CC3220SF_LAUNCHXL_release_ccs.lib : startup_cc32xx_ccs.obj (.text:busFaultHandler)
                  0100555c    000000b0                                                       : tasks.obj (.text:prvAddCurrentTaskToDelayedList)
                  0100560c    000000b0                                                       : tasks.obj (.text:xTaskCheckForTimeOut)
                  010056bc    000000ae     drivers_cc32xx.aem4 : I2CCC32XX.oem4 (.text:I2CCC32XX_completeTransfer)
                  0100576a    000000ae     freertos_builds_CC3220SF_LAUNCHXL_release_ccs.lib : queue.obj (.text:prvUnlockQueue)
                  01005818    000000a8     driverlib.a : interrupt.obj (.text:IntDisable)
                  010058c0    000000a8                 : interrupt.obj (.text:IntEnable)
                  01005968    000000a8     drivers_cc32xx.aem4 : PowerCC32XX.oem4 (.text:PowerCC32XX_configureWakeup)
                  01005a10    000000a8     freertos_builds_CC3220SF_LAUNCHXL_release_ccs.lib : heap_4.obj (.text:prvInsertBlockIntoFreeList)
                  01005ab8    000000a8                                                       : heap_4.obj (.text:vPortFree)
                  01005b60    000000a8                                                       : tasks.obj (.text:xTaskRemoveFromEventList)
                  01005c08    000000a6     uart_term.obj (.text:Report)
                  01005cae    00000002     freertos_builds_CC3220SF_LAUNCHXL_release_ccs.lib : startup_cc32xx_ccs.obj (.text:defaultHandler)
                  01005cb0    000000a0                                                       : ClockP_freertos.obj (.text:ClockP_create)
                  01005d50    0000009c     sensors_queues.obj (.text:initQueue)
                  01005dec    0000009c     rtsv7M4_T_le_eabi.lib : memcpy_t2.asm.obj (.text)
                  01005e88    00000098     drivers_cc32xx.aem4 : GPIOCC32XX.oem4 (.text:powerNotifyFxn)
                  01005f20    00000096     rtsv7M4_T_le_eabi.lib : ull_div_t2.asm.obj (.text)
                  01005fb6    00000002     freertos_builds_CC3220SF_LAUNCHXL_release_ccs.lib : startup_cc32xx_ccs.obj (.text:faultISR)
                  01005fb8    00000094                                                       : tasks.obj (.text:vTaskStartScheduler)
                  0100604c    00000090     drivers_cc32xx.aem4 : I2CCC32XX.oem4 (.text:I2CCC32XX_initHw)
                  010060dc    00000090                         : PowerCC32XX.oem4 (.text:restoreNVICRegs)
                  0100616c    0000008c                         : I2CCC32XX.oem4 (.text:I2CCC32XX_primeWriteBurst)
                  010061f8    0000008c                         : UARTCC32XXDMA.oem4 (.text:UARTCC32XXDMA_write)
                  01006284    00000088                         : I2CCC32XX.oem4 (.text:I2CCC32XX_close)
                  0100630c    00000088     driverlib.a : pin.obj (.text:PinConfigSet)
                  01006394    00000088     drivers_cc32xx.aem4 : TimerCC32XX.oem4 (.text:TimerCC32XX_setPeriod)
                  0100641c    00000088     freertos_builds_CC3220SF_LAUNCHXL_release_ccs.lib : timers.obj (.text:prvProcessTimerOrBlockTask)
                  010064a4    00000086     rtsv7M4_T_le_eabi.lib : fd_cmp_t2.asm.obj (.text:__aeabi_cdcmple)
                  0100652a    00000086                           : fd_cmp_t2.asm.obj (.text:__aeabi_cdrcmple)
                  010065b0    00000084     drivers_cc32xx.aem4 : PowerCC32XX.oem4 (.text:Power_init)
                  01006634    00000084                         : PowerCC32XX.oem4 (.text:saveNVICRegs)
                  010066b8    00000084     freertos_builds_CC3220SF_LAUNCHXL_release_ccs.lib : timers.obj (.text:xTimerGenericCommand)
                  0100673c    00000080     drivers_cc32xx.aem4 : PowerCC32XX.oem4 (.text:Power_setDependency)
                  010067bc    00000080                         : UARTCC32XXDMA.oem4 (.text:UARTCC32XXDMA_read)
                  0100683c    00000080     freertos_builds_CC3220SF_LAUNCHXL_release_ccs.lib : timers.obj (.text:prvProcessExpiredTimer)
                  010068bc    0000007c     drivers_cc32xx.aem4 : UDMACC32XX.oem4 (.text:UDMACC32XX_open)
                  01006938    0000007a                         : UARTCC32XXDMA.oem4 (.text:UARTCC32XXDMA_readPolling)
                  010069b2    0000007a     freertos_builds_CC3220SF_LAUNCHXL_release_ccs.lib : pthread.obj (.text:removeThreadKeys)
                  01006a2c    0000007a     rtsv7M4_T_le_eabi.lib : memset_t2.asm.obj (.text)
                  01006aa6    0000007a     freertos_builds_CC3220SF_LAUNCHXL_release_ccs.lib : tasks.obj (.text:xTaskCreate)
                  01006b20    00000078     drivers_cc32xx.aem4 : GPIOCC32XX.oem4 (.text:GPIO_hwiIntFxn)
                  01006b98    00000078                         : TimerCC32XX.oem4 (.text:TimerCC32XX_start)
                  01006c10    00000078     rtsv7M4_T_le_eabi.lib : vla_alloc.c.obj (.text:_ZN33_INTERNAL_11_vla_alloc_c_be8bd49b21free_dead_allocationsEPv)
                  01006c88    00000078     freertos_builds_CC3220SF_LAUNCHXL_release_ccs.lib : timers.obj (.text:prvInsertTimerInActiveList)
                  01006d00    00000074                                                       : tasks.obj (.text:prvInitialiseTaskLists)
                  01006d74    00000074                                                       : port.obj (.text:vPortValidateInterruptPriority)
                  01006de8    00000070     drivers_cc32xx.aem4 : I2CCC32XX.oem4 (.text:I2CCC32XX_primeReadBurst)
                  01006e58    00000070     freertos_builds_CC3220SF_LAUNCHXL_release_ccs.lib : ClockP_freertos.obj (.text:setClockObjTimeout)
                  01006ec8    0000006e     rtsv7M4_T_le_eabi.lib : _printfi.c.obj (.text:_mcpy)
                  01006f36    00000068                           : copy_decompress_lzss.c.obj (.text:decompress:lzss:__TI_decompress_lzss)
                  01006f9e    00000066     freertos_builds_CC3220SF_LAUNCHXL_release_ccs.lib : timers.obj (.text:prvInitialiseNewTimer)
                  01007004    00000066                                                       : memory.obj (.text:realloc)
                  0100706a    00000066                                                       : list.obj (.text:vListInsert)
                  010070d0    00000064                                                       : ClockP_freertos.obj (.text:ClockP_stop)
                  01007134    00000064     drivers_cc32xx.aem4 : PowerCC32XX.oem4 (.text:PowerCC32XX_setParkState)
                  01007198    00000064     freertos_builds_CC3220SF_LAUNCHXL_release_ccs.lib : tasks.obj (.text:prvGetExpectedIdleTime)
                  010071fc    00000060                                                       : HwiPCC32XX_freertos.obj (.text:HwiP_create)
                  0100725c    00000060     driverlib.a : prcm.obj (.text:PRCMSysResetCauseGet)
                  010072bc    00000060     drivers_cc32xx.aem4 : UARTCC32XXDMA.oem4 (.text:UARTCC32XXDMA_control)
                  0100731c    00000060     freertos_builds_CC3220SF_LAUNCHXL_release_ccs.lib : queue.obj (.text:xQueueGenericCreate)
                  0100737c    0000005e     drivers_cc32xx.aem4 : I2CCC32XX.oem4 (.text:I2CCC32XX_primeTransfer)
                  010073da    00000002     freertos_builds_CC3220SF_LAUNCHXL_release_ccs.lib : startup_cc32xx_ccs.obj (.text:nmiISR)
                  010073dc    0000005c     drivers_cc32xx.aem4 : GPIOCC32XX.oem4 (.text:GPIO_setCallback)
                  01007438    0000005c     rtsv7M4_T_le_eabi.lib : s_frexp.c.obj (.text:frexp)
                  01007494    0000005c     freertos_builds_CC3220SF_LAUNCHXL_release_ccs.lib : tasks.obj (.text:prvIdleTask)
                  010074f0    0000005c                                                       : pthread.obj (.text:pthread_exit)
                  0100754c    0000005c                                                       : queue.obj (.text:vQueueWaitForMessageRestricted)
                  010075a8    00000058     driverlib.a : interrupt.obj (.text:IntPendClear)
                  01007600    00000058                 : prcm.obj (.text:PRCMPeripheralReset)
                  01007658    00000058     drivers_cc32xx.aem4 : PowerCC32XX.oem4 (.text:Power_releaseDependency)
                  010076b0    00000058     freertos_builds_CC3220SF_LAUNCHXL_release_ccs.lib : tasks.obj (.text:eTaskConfirmSleepModeStatus)
                  01007708    00000058                                                       : port.obj (.text:vPortSetupTimerInterrupt)
                  01007760    00000058                                                       : queue.obj (.text:xQueueCreateCountingSemaphore)
                  010077b8    00000056                                                       : SemaphoreP_freertos.obj (.text:SemaphoreP_create)
                  0100780e    00000056     drivers_cc32xx.aem4 : TimerCC32XX.oem4 (.text:TimerCC32XX_stop)
                  01007864    00000056     rtsv7M4_T_le_eabi.lib : _printfi.c.obj (.text:_pconv_f)
                  010078ba    00000002                           : div0.asm.obj (.text)
                  010078bc    00000054     freertos_builds_CC3220SF_LAUNCHXL_release_ccs.lib : ClockP_freertos.obj (.text:ClockP_delete)
                  01007910    00000054     uart_term.obj (.text:InitTerm)
                  01007964    00000054     driverlib.a : interrupt.obj (.text:IntPrioritySet)
                  010079b8    00000054     rtsv7M4_T_le_eabi.lib : _ltoa.c.obj (.text:__TI_ltoa)
                  01007a0c    00000054     freertos_builds_CC3220SF_LAUNCHXL_release_ccs.lib : timers.obj (.text:xTimerCreateTimerTask)
                  01007a60    00000052     drivers_cc32xx.aem4 : PowerCC32XX_asm.oem4 (.text:PowerCC32XX_resumeLPDS)
                  01007ab2    00000052     rtsv7M4_T_le_eabi.lib : _printfi.c.obj (.text:_ecpy)
                  01007b04    00000052     drivers_cc32xx.aem4 : TimerCC32XX.oem4 (.text:initHw)
                  01007b56    00000002     --HOLE-- [fill = 0]
                  01007b58    00000050                         : TimerCC32XX.oem4 (.text:TimerCC32XX_allocateTimerResource)
                  01007ba8    00000050                         : UARTCC32XXDMA.oem4 (.text:UARTCC32XXDMA_writePolling)
                  01007bf8    00000050     debug_if.obj (.text:errorHalt)
                  01007c48    00000050     timerRGB.obj (.text:initTimerRGB)
                  01007c98    00000050     timerUS.obj (.text:initTimerUS)
                  01007ce8    00000050     freertos_builds_CC3220SF_LAUNCHXL_release_ccs.lib : port.obj (.text:pxPortInitialiseStack)
                  01007d38    0000004e     drivers_cc32xx.aem4 : UARTCC32XXDMA.oem4 (.text:writeCancel)
                  01007d86    00000002     --HOLE-- [fill = 0]
                  01007d88    0000004c                         : GPIOCC32XX.oem4 (.text:GPIO_enableInt)
                  01007dd4    0000004c                         : PowerCC32XX.oem4 (.text:PowerCC32XX_parkPin)
                  01007e20    0000004c     rtsv7M4_T_le_eabi.lib : atoi.c.obj (.text:atoi)
                  01007e6c    0000004c     freertos_builds_CC3220SF_LAUNCHXL_release_ccs.lib : startup_cc32xx_ccs.obj (.text:initVectors)
                  01007eb8    0000004c                                                       : timers.obj (.text:prvCheckForValidListAndQueue)
                  01007f04    0000004c                                                       : tasks.obj (.text:prvCheckTasksWaitingTermination)
                  01007f50    0000004c     drivers_cc32xx.aem4 : PowerCC32XX.oem4 (.text:restorePeriphClocks)
                  01007f9c    0000004c     freertos_builds_CC3220SF_LAUNCHXL_release_ccs.lib : port.obj (.text:vPortEnterCritical)
                  01007fe8    0000004c                                                       : tasks.obj (.text:vTaskSetThreadLocalStoragePointer)
                  01008034    0000004a     drivers_cc32xx.aem4 : UARTCC32XXDMA.oem4 (.text:readCancel)
                  0100807e    00000002     --HOLE-- [fill = 0]
                  01008080    00000048     driverlib.a : flash.obj (.text:FlashDisable)
                  010080c8    00000048     freertos_builds_CC3220SF_LAUNCHXL_release_ccs.lib : HwiPCC32XX_freertos.obj (.text:HwiP_dispatch)
                  01008110    00000048     driverlib.a : prcm.obj (.text:PRCMLPDSEnter)
                  01008158    00000048                 : prcm.obj (.text:PRCMPeripheralClkEnable)
                  010081a0    00000048     drivers_cc32xx.aem4 : PowerCC32XX.oem4 (.text:Power_releaseConstraint)
                  010081e8    00000048     rtsv7M4_T_le_eabi.lib : fd_toi_t2.asm.obj (.text)
                  01008230    00000048     freertos_builds_CC3220SF_LAUNCHXL_release_ccs.lib : list.obj (.text:uxListRemove)
                  01008278    00000046     drivers_cc32xx.aem4 : TimerCC32XX.oem4 (.text:getPrescaler)
                  010082be    00000002     --HOLE-- [fill = 0]
                  010082c0    00000044                         : I2C.oem4 (.text:I2C_init)
                  01008304    00000044     driverlib.a : prcm.obj (.text:PRCMLPDSRestoreInfoSet)
                  01008348    00000044     drivers_cc32xx.aem4 : PowerCC32XX_asm.oem4 (.text:PowerCC32XX_enterLPDS)
                  0100838c    00000044                         : Timer.oem4 (.text:Timer_init)
                  010083d0    00000044                         : UART.oem4 (.text:UART_init)
                  01008414    00000044     rtsv7M4_T_le_eabi.lib : autoinit.c.obj (.text:__TI_auto_init_nobinit_nopinit:__TI_auto_init_nobinit_nopinit)
                  01008458    00000044     freertos_builds_CC3220SF_LAUNCHXL_release_ccs.lib : queue.obj (.text:prvInitialiseNewQueue)
                  0100849c    00000044     rtsv7M4_T_le_eabi.lib : fd_tou_t2.asm.obj (.text)
                  010084e0    00000044     freertos_builds_CC3220SF_LAUNCHXL_release_ccs.lib : tasks.obj (.text:vTaskStepTick)
                  01008524    00000042     task_rgb.obj (.text:i2cCallback)
                  01008566    00000042     freertos_builds_CC3220SF_LAUNCHXL_release_ccs.lib : memory.obj (.text:malloc)
                  010085a8    00000040     drivers_cc32xx.aem4 : I2C.oem4 (.text:I2C_open)
                  010085e8    00000040     driverlib.a : pin.obj (.text:PinModeSet)
                  01008628    00000040     drivers_cc32xx.aem4 : Timer.oem4 (.text:Timer_open)
                  01008668    00000040                         : UART.oem4 (.text:UART_open)
                  010086a8    00000040                         : UDMACC32XX.oem4 (.text:UDMACC32XX_init)
                  010086e8    00000040     freertos_builds_CC3220SF_LAUNCHXL_release_ccs.lib : aeabi_portable.obj (.text:__aeabi_errno_addr)
                  01008728    00000040     rtsv7M4_T_le_eabi.lib : sprintf.c.obj (.text:sprintf)
                  01008768    00000040     freertos_builds_CC3220SF_LAUNCHXL_release_ccs.lib : tasks.obj (.text:vTaskPlaceOnEventListRestricted)
                  010087a8    00000040     rtsv7M4_T_le_eabi.lib : vsnprintf.c.obj (.text:vsnprintf)
                  010087e8    0000003e     freertos_builds_CC3220SF_LAUNCHXL_release_ccs.lib : ClockP_freertos.obj (.text:ClockP_callbackFxn)
                  01008826    0000003e     rtsv7M4_T_le_eabi.lib : _printfi.c.obj (.text:_fcpy)
                  01008864    0000003e     freertos_builds_CC3220SF_LAUNCHXL_release_ccs.lib : pthread.obj (.text:pthread_setcancelstate)
                  010088a2    00000002     --HOLE-- [fill = 0]
                  010088a4    0000003c     driverlib.a : prcm.obj (.text:PRCMSlowClkCtrFastGet)
                  010088e0    0000003c     drivers_cc32xx.aem4 : PowerCC32XX.oem4 (.text:Power_setConstraint)
                  0100891c    0000003c     freertos_builds_CC3220SF_LAUNCHXL_release_ccs.lib : queue.obj (.text:prvCopyDataFromQueue)
                  01008958    0000003c                                                       : tasks.obj (.text:prvResetNextTaskUnblockTime)
                  01008994    0000003c                                                       : tasks.obj (.text:pvTaskGetThreadLocalStoragePointer)
                  010089d0    0000003c                                                       : list.obj (.text:vListInsertEnd)
                  01008a0c    0000003c                                                       : timers.obj (.text:xTimerCreate)
                  01008a48    0000003a     drivers_cc32xx.aem4 : I2CCC32XX.oem4 (.text:I2CCC32XX_readRecieveFifo)
                  01008a82    0000003a                         : TimerCC32XX.oem4 (.text:TimerCC32XX_close)
                  01008abc    00000038                         : GPIOCC32XX.oem4 (.text:GPIO_read)
                  01008af4    00000038     driverlib.a : prcm.obj (.text:PRCMLPDSEnterKeepDebugIf)
                  01008b2c    00000038     drivers_cc32xx.aem4 : TimerCC32XX.oem4 (.text:TimerCC32XX_hwiIntFunction)
                  01008b64    00000038                         : PowerCC32XX.oem4 (.text:notify)
                  01008b9c    00000038     freertos_builds_CC3220SF_LAUNCHXL_release_ccs.lib : timers.obj (.text:prvGetNextExpireTime)
                  01008bd4    00000038                                                       : port.obj (.text:prvTaskExitError)
                  01008c0c    00000038     drivers_cc32xx.aem4 : UARTCC32XXDMA.oem4 (.text:startTxFifoEmptyClk)
                  01008c44    00000036     driverlib.a : timer.obj (.text:TimerControlStall)
                  01008c7a    00000002     --HOLE-- [fill = 0]
                  01008c7c    00000034                 : pin.obj (.text:PinModeGet)
                  01008cb0    00000034     drivers_cc32xx.aem4 : PowerCC32XX.oem4 (.text:PowerCC32XX_restoreParkState)
                  01008ce4    00000034     freertos_builds_CC3220SF_LAUNCHXL_release_ccs.lib : SemaphoreP_freertos.obj (.text:SemaphoreP_pend)
                  01008d18    00000034     drivers_cc32xx.aem4 : TimerCC32XX.oem4 (.text:TimerCC32XX_freeTimerResource)
                  01008d4c    00000034                         : UDMACC32XX.oem4 (.text:UDMACC32XX_close)
                  01008d80    00000034                         : TimerCC32XX.oem4 (.text:getPowerMgrId)
                  01008db4    00000034     freertos_builds_CC3220SF_LAUNCHXL_release_ccs.lib : timers.obj (.text:prvSampleTimeNow)
                  01008de8    00000034                                                       : tasks.obj (.text:vTaskPlaceOnEventList)
                  01008e1c    00000034     drivers_cc32xx.aem4 : UARTCC32XXDMA.oem4 (.text:writeFinishedDoCallback)
                  01008e50    00000030                         : I2CCC32XX.oem4 (.text:I2CCC32XX_cancel)
                  01008e80    00000030                         : PowerCC32XX.oem4 (.text:PowerCC32XX_restoreParkedPin)
                  01008eb0    00000030     rtsv7M4_T_le_eabi.lib : vsnprintf.c.obj (.text:_outs)
                  01008ee0    00000030     freertos_builds_CC3220SF_LAUNCHXL_release_ccs.lib : list.obj (.text:vListInitialise)
                  01008f10    00000030                                                       : port.obj (.text:vPortExitCritical)
                  01008f40    00000030                                                       : tasks.obj (.text:xTaskGetSchedulerState)
                  01008f70    0000002e                                                       : timers.obj (.text:pvTimerGetTimerID)
                  01008f9e    0000002e     rtsv7M4_T_le_eabi.lib : i_tofd_t2.asm.obj (.text)
                  01008fcc    0000002c     freertos_builds_CC3220SF_LAUNCHXL_release_ccs.lib : HwiPCC32XX_freertos.obj (.text:HwiP_disable)
                  01008ff8    0000002c     driverlib.a : prcm.obj (.text:PRCMLPDSIntervalSet)
                  01009024    0000002c     drivers_cc32xx.aem4 : PowerCC32XX.oem4 (.text:PowerCC32XX_getParkState)
                  01009050    0000002c     freertos_builds_CC3220SF_LAUNCHXL_release_ccs.lib : SemaphoreP_freertos.obj (.text:SemaphoreP_createBinary)
                  0100907c    0000002c     sensors_queues.obj (.text:sendMsgToQueueSwitch)
                  010090a8    0000002c     sensors_queues.obj (.text:sendMsgToQueueTriggerRGBSwitch)
                  010090d4    0000002c     sensors_queues.obj (.text:sendMsgToQueueTriggerUS)
                  01009100    0000002c     sensors_queues.obj (.text:sendMsgToQueueUS)
                  0100912c    0000002c     freertos_builds_CC3220SF_LAUNCHXL_release_ccs.lib : tasks.obj (.text:vTaskSetApplicationTaskTag)
                  01009158    0000002c                                                       : port.obj (.text:xPortSysTickHandler)
                  01009184    0000002a     driverlib.a : timer.obj (.text:TimerLoadSet)
                  010091ae    0000002a                 : timer.obj (.text:TimerPrescaleSet)
                  010091d8    0000002a     drivers_cc32xx.aem4 : UARTCC32XXDMA.oem4 (.text:UARTCC32XXDMA_readCancel)
                  01009202    0000002a                         : UARTCC32XXDMA.oem4 (.text:UARTCC32XXDMA_writeCancel)
                  0100922c    00000029     debug_if.obj (.text:dbgOutputLoc)
                  01009255    00000003     --HOLE-- [fill = 0]
                  01009258    00000028     freertos_builds_CC3220SF_LAUNCHXL_release_ccs.lib : HwiPCC32XX_freertos.obj (.text:HwiP_inISR)
                  01009280    00000028     driverlib.a : i2c.obj (.text:I2CFIFODataPutNonBlocking)
                  010092a8    00000028                 : prcm.obj (.text:PRCMLPDSWakeupSourceEnable)
                  010092d0    00000028                 : prcm.obj (.text:PRCMPeripheralClkDisable)
                  010092f8    00000028     drivers_cc32xx.aem4 : PowerCC32XX.oem4 (.text:Power_registerNotify)
                  01009320    00000028     freertos_builds_CC3220SF_LAUNCHXL_release_ccs.lib : pthread.obj (.text:pthread_attr_setschedparam)
                  01009348    00000028     sensors_queues.obj (.text:receiveMsgFromQueueTriggerRGBSwitch)
                  01009370    00000028     freertos_builds_CC3220SF_LAUNCHXL_release_ccs.lib : tasks.obj (.text:xTaskGetApplicationTaskTag)
                  01009398    00000026     driverlib.a : i2c.obj (.text:I2CFIFODataGetNonBlocking)
                  010093be    00000026     drivers_cc32xx.aem4 : List.oem4 (.text:List_put)
                  010093e4    00000026                         : List.oem4 (.text:List_remove)
                  0100940a    00000026     freertos_builds_CC3220SF_LAUNCHXL_release_ccs.lib : pthread.obj (.text:_pthread_cleanup_pop)
                  01009430    00000026                                                       : queue.obj (.text:prvIsQueueFull)
                  01009456    00000002     --HOLE-- [fill = 0]
                  01009458    00000024     driverlib.a : interrupt.obj (.text:IntUnregister)
                  0100947c    00000024     drivers_cc32xx.aem4 : PowerCC32XX.oem4 (.text:PowerCC32XX_reset)
                  010094a0    00000024     rtsv7M4_T_le_eabi.lib : boot_cortex_m.c.obj (.text:_c_int00_noargs:_c_int00_noargs)
                  010094c4    00000024     freertos_builds_CC3220SF_LAUNCHXL_release_ccs.lib : queue.obj (.text:prvGetDisinheritPriorityAfterTimeout)
                  010094e8    00000024                                                       : queue.obj (.text:vQueueDelete)
                  0100950c    00000024                                                       : tasks.obj (.text:vTaskInternalSetTimeOutState)
                  01009530    00000022     driverlib.a : i2c.obj (.text:I2CMasterSlaveAddrSet)
                  01009552    00000022     freertos_builds_CC3220SF_LAUNCHXL_release_ccs.lib : SemaphoreP_freertos.obj (.text:SemaphoreP_post)
                  01009574    00000022                                                       : pthread.obj (.text:pthread_attr_setdetachstate)
                  01009596    00000002     --HOLE-- [fill = 0]
                  01009598    00000020                                                       : ClockP_freertos.obj (.text:ClockP_getCpuFreq)
                  010095b8    00000020                                                       : HwiPCC32XX_freertos.obj (.text:HwiP_restore)
                  010095d8    00000020     driverlib.a : interrupt.obj (.text:IntRegister)
                  010095f8    00000020     drivers_cc32xx.aem4 : PowerCC32XX.oem4 (.text:Power_unregisterNotify)
                  01009618    00000020                         : UARTCC32XXDMA.oem4 (.text:getPowerMgrId)
                  01009638    00000020     freertos_builds_CC3220SF_LAUNCHXL_release_ccs.lib : queue.obj (.text:prvIsQueueEmpty)
                  01009658    00000020     rtsv7M4_T_le_eabi.lib : u_tofd_t2.asm.obj (.text)
                  01009678    0000001e     freertos_builds_CC3220SF_LAUNCHXL_release_ccs.lib : ClockP_freertos.obj (.text:ClockP_start)
                  01009696    0000001e                                                       : HwiPCC32XX_freertos.obj (.text:HwiP_Params_init)
                  010096b4    0000001e     driverlib.a : i2c.obj (.text:I2CMasterIntStatusEx)
                  010096d2    0000001e                 : timer.obj (.text:TimerDisable)
                  010096f0    0000001e                 : timer.obj (.text:TimerEnable)
                  0100970e    0000001e     freertos_builds_CC3220SF_LAUNCHXL_release_ccs.lib : pthread.obj (.text:_pthread_runStub)
                  0100972c    0000001e     drivers_cc32xx.aem4 : UDMACC32XX.oem4 (.text:postNotifyFxn)
                  0100974a    0000001c     freertos_builds_CC3220SF_LAUNCHXL_release_ccs.lib : ClockP_freertos.obj (.text:ClockP_Params_init)
                  01009766    00000002     --HOLE-- [fill = 0]
                  01009768    0000001c     uart_term.obj (.text:Message)
                  01009784    0000001c     driverlib.a : pin.obj (.text:PinToPadGet)
                  010097a0    0000001c     rtsv7M4_T_le_eabi.lib : memccpy.c.obj (.text:memccpy)
                  010097bc    0000001c     freertos_builds_CC3220SF_LAUNCHXL_release_ccs.lib : pthread.obj (.text:pthread_attr_init)
                  010097d8    0000001c                                                       : tasks.obj (.text:pvTaskIncrementMutexHeldCount)
                  010097f4    0000001a                                                       : PTLS.obj (.text:PTLS_taskDeleteHook)
                  0100980e    0000001a                                                       : timers.obj (.text:prvTimerTask)
                  01009828    00000018     driverlib.a : i2c.obj (.text:I2CMasterBusBusy)
                  01009840    00000018                 : i2c.obj (.text:I2CMasterIntDisableEx)
                  01009858    00000018                 : i2c.obj (.text:I2CMasterIntEnableEx)
                  01009870    00000018                 : i2c.obj (.text:I2CRxFIFOFlush)
                  01009888    00000018                 : i2c.obj (.text:I2CTxFIFOFlush)
                  010098a0    00000018     drivers_cc32xx.aem4 : I2C.oem4 (.text:I2C_transfer)
                  010098b8    00000018                         : PowerCC32XX.oem4 (.text:Power_idleFunc)
                  010098d0    00000018                         : TimerCC32XX.oem4 (.text:TimerCC32XX_getCount)
                  010098e8    00000018     driverlib.a : timer.obj (.text:TimerIntDisable)
                  01009900    00000018                 : timer.obj (.text:TimerIntEnable)
                  01009918    00000018                 : uart.obj (.text:UARTBusy)
                  01009930    00000018     drivers_cc32xx.aem4 : UART.oem4 (.text:UART_Params_init)
                  01009948    00000018     rtsv7M4_T_le_eabi.lib : vsnprintf.c.obj (.text:_outc)
                  01009960    00000018                           : sprintf.c.obj (.text:_outs)
                  01009978    00000018     freertos_builds_CC3220SF_LAUNCHXL_release_ccs.lib : memory.obj (.text:free)
                  01009990    00000018     rtsv7M4_T_le_eabi.lib : ll_mul_t2.asm.obj (.text)
                  010099a8    00000016     freertos_builds_CC3220SF_LAUNCHXL_release_ccs.lib : ClockP_freertos.obj (.text:ClockP_setTimeout)
                  010099be    00000016     driverlib.a : i2c.obj (.text:I2CMasterBurstLengthSet)
                  010099d4    00000016                 : prcm.obj (.text:PRCMHIBRegRead)
                  010099ea    00000016                 : prcm.obj (.text:PRCMHIBRegWrite)
                  01009a00    00000016     freertos_builds_CC3220SF_LAUNCHXL_release_ccs.lib : PTLS.obj (.text:PTLS_getBuf)
                  01009a16    00000016                                                       : PTLS.obj (.text:PTLS_setBuf)
                  01009a2c    00000016                                                       : SemaphoreP_freertos.obj (.text:SemaphoreP_Params_init)
                  01009a42    00000002     --HOLE-- [fill = 0]
                  01009a44    00000016                                                       : startup_cc32xx_ccs.obj (.text:resetISR)
                  01009a5a    00000016     rtsv7M4_T_le_eabi.lib : strchr.c.obj (.text:strchr)
                  01009a70    00000014     driverlib.a : cpu.obj (.text:CPUcpsie)
                  01009a84    00000014                 : interrupt.obj (.text:IntVTableBaseSet)
                  01009a98    00000014     drivers_cc32xx.aem4 : PowerCC32XX.oem4 (.text:Power_getDependencyCount)
                  01009aac    00000014     freertos_builds_CC3220SF_LAUNCHXL_release_ccs.lib : tasks.obj (.text:prvDeleteTCB)
                  01009ac0    00000014                                                       : pthread.obj (.text:pthread_attr_setstacksize)
                  01009ad4    00000014                                                       : pthread.obj (.text:pthread_self)
                  01009ae8    00000014     rtsv7M4_T_le_eabi.lib : strlen.c.obj (.text:strlen)
                  01009afc    00000014     timerUS.obj (.text:timerCallback)
                  01009b10    00000014     timerRGB.obj (.text:timerRGBCallback)
                  01009b24    00000014     freertos_builds_CC3220SF_LAUNCHXL_release_ccs.lib : PowerCC32XX_freertos.obj (.text:vPortSuppressTicksAndSleep)
                  01009b38    00000014                                                       : tasks.obj (.text:xTaskGetCurrentTaskHandle)
                  01009b4c    00000014                                                       : tasks.obj (.text:xTaskGetTickCount)
                  01009b60    00000012                                                       : HwiPCC32XX_freertos.obj (.text:HwiP_delete)
                  01009b72    00000012     driverlib.a : i2c.obj (.text:I2CMasterIntClearEx)
                  01009b84    00000012                 : timer.obj (.text:TimerIntClear)
                  01009b96    00000012     rtsv7M4_T_le_eabi.lib : wcslen.c.obj (.text:wcslen)
                  01009ba8    00000010     ti_drivers_config.obj (.text:Board_init)
                  01009bb8    00000010     freertos_builds_CC3220SF_LAUNCHXL_release_ccs.lib : ClockP_freertos.obj (.text:ClockP_getSystemTickPeriod)
                  01009bc8    00000010     driverlib.a : i2c.obj (.text:I2CFIFOStatus)
                  01009bd8    00000010     drivers_cc32xx.aem4 : I2C.oem4 (.text:I2C_Params_init)
                  01009be8    00000010     driverlib.a : systick.obj (.text:SysTickDisable)
                  01009bf8    00000010                 : systick.obj (.text:SysTickEnable)
                  01009c08    00000010     drivers_cc32xx.aem4 : Timer.oem4 (.text:Timer_Params_init)
                  01009c18    00000010     ti_drivers_config.obj (.text:dmaErrorFxn)
                  01009c28    00000010     freertos_builds_CC3220SF_LAUNCHXL_release_ccs.lib : list.obj (.text:vListInitialiseItem)
                  01009c38    00000010                                                       : tasks.obj (.text:vTaskSuspendAll)
                  01009c48    0000000e     drivers_cc32xx.aem4 : I2CCC32XX.oem4 (.text:I2CCC32XX_updateReg)
                  01009c56    0000000e                         : PowerCC32XX.oem4 (.text:Power_getTransitionLatency)
                  01009c64    0000000e     rtsv7M4_T_le_eabi.lib : copy_decompress_none.c.obj (.text:decompress:none:__TI_decompress_none)
                  01009c72    0000000e     task_rgb.obj (.text:initSwitch)
                  01009c80    0000000e     sensors_main.obj (.text:mainThread)
                  01009c8e    0000000c     driverlib.a : cpu.obj (.text:CPUwfi)
                  01009c9a    0000000c     freertos_builds_CC3220SF_LAUNCHXL_release_ccs.lib : HwiPCC32XX_freertos.obj (.text:HwiP_clearInterrupt)
                  01009ca6    0000000c                                                       : HwiPCC32XX_freertos.obj (.text:HwiP_disableInterrupt)
                  01009cb2    0000000c                                                       : HwiPCC32XX_freertos.obj (.text:HwiP_enableInterrupt)
                  01009cbe    0000000c     drivers_cc32xx.aem4 : I2CCC32XX.oem4 (.text:I2CCC32XX_postNotify)
                  01009cca    00000002     --HOLE-- [fill = 0]
                  01009ccc    0000000c                         : PowerCC32XX.oem4 (.text:Power_getConstraintMask)
                  01009cd8    0000000c     freertos_builds_CC3220SF_LAUNCHXL_release_ccs.lib : SemaphoreP_freertos.obj (.text:SemaphoreP_delete)
                  01009ce4    0000000c     rtsv7M4_T_le_eabi.lib : s_copysign.c.obj (.text:copysign)
                  01009cf0    0000000c                           : copy_zero_init.c.obj (.text:decompress:ZI:__TI_zero_init)
                  01009cfc    0000000c     drivers_cc32xx.aem4 : TimerCC32XX.oem4 (.text:postNotifyFxn)
                  01009d08    0000000c                         : UARTCC32XXDMA.oem4 (.text:postNotifyFxn)
                  01009d14    0000000c     driverlib.a : udma.obj (.text:uDMAErrorStatusClear)
                  01009d20    0000000c                 : udma.obj (.text:uDMAErrorStatusGet)
                  01009d2c    0000000c     freertos_builds_CC3220SF_LAUNCHXL_release_ccs.lib : tasks.obj (.text:vTaskMissedYield)
                  01009d38    0000000a     driverlib.a : interrupt.obj (.text:IntMasterEnable)
                  01009d42    0000000a     drivers_cc32xx.aem4 : Timer.oem4 (.text:Timer_getCount)
                  01009d4c    0000000a                         : Timer.oem4 (.text:Timer_start)
                  01009d56    0000000a                         : UART.oem4 (.text:UART_control)
                  01009d60    0000000a                         : UART.oem4 (.text:UART_writePolling)
                  01009d6a    0000000a     rtsv7M4_T_le_eabi.lib : sprintf.c.obj (.text:_outc)
                  01009d74    0000000a     main_freertos.obj (.text:vApplicationStackOverflowHook)
                  01009d7e    00000008     drivers_cc32xx.aem4 : I2CCC32XX.oem4 (.text:I2CCC32XX_blockingCallback)
                  01009d86    00000008     driverlib.a : prcm.obj (.text:PRCMSleepEnter)
                  01009d8e    00000008     debug_if.obj (.text:init_gpio)
                  01009d96    00000008     drivers_cc32xx.aem4 : UARTCC32XXDMA.oem4 (.text:readSemCallback)
                  01009d9e    00000008                         : UARTCC32XXDMA.oem4 (.text:writeSemCallback)
                  01009da6    00000006                         : I2CCC32XX.oem4 (.text:I2CCC32XX_control)
                  01009dac    00000006                         : TimerCC32XX.oem4 (.text:TimerCC32XX_control)
                  01009db2    00000006     driverlib.a : utils.obj (.text:UtilsDelay)
                  01009db8    00000004     rtsv7M4_T_le_eabi.lib : error.c.obj (.text:__abort_execution)
                  01009dbc    00000004                           : pre_init.c.obj (.text:_system_pre_init)
                  01009dc0    00000004                           : exit.c.obj (.text:abort:abort)

.const     0    01009dc4    0000062a     
                  01009dc4    00000101     rtsv7M4_T_le_eabi.lib : ctype.c.obj (.const:.string:_ctypes_)
                  01009ec5    00000003     --HOLE-- [fill = 0]
                  01009ec8    00000100     driverlib.a : pin.obj (.const:g_ulPinToPadMap)
                  01009fc8    000000d4                 : interrupt.obj (.const:g_pulRegs)
                  0100a09c    000000a8                 : prcm.obj (.const:PRCM_PeriphRegsList)
                  0100a144    00000040     ti_drivers_config.obj (.const:PowerCC32XX_config)
                  0100a184    00000030     ti_drivers_config.obj (.const:timerCC32XXHWAttrs)
                  0100a1b4    00000028     drivers_cc32xx.aem4 : UARTCC32XXDMA.oem4 (.const:UARTCC32XXDMA_fxnTable)
                  0100a1dc    00000024     ti_drivers_config.obj (.const:Timer_config)
                  0100a200    00000024     drivers_cc32xx.aem4 : UART.oem4 (.const:UART_defaultParams)
                  0100a224    00000024     ti_drivers_config.obj (.const:uartCC32XXHWAttrs0)
                  0100a248    00000021     drivers_cc32xx.aem4 : GPIOCC32XX.oem4 (.const:.string:pinTable)
                  0100a269    00000003     --HOLE-- [fill = 0]
                  0100a26c    00000020                         : TimerCC32XX.oem4 (.const:TimerCC32XX_fxnTable)
                  0100a28c    00000018                         : I2CCC32XX.oem4 (.const:I2CCC32XX_fxnTable)
                  0100a2a4    00000018     driverlib.a : interrupt.obj (.const:g_pulDisRegs)
                  0100a2bc    00000018                 : interrupt.obj (.const:g_pulEnRegs)
                  0100a2d4    00000018                 : interrupt.obj (.const:g_pulUnpendRegs)
                  0100a2ec    00000014     ti_drivers_config.obj (.const:GPIOCC32XX_config)
                  0100a300    00000014     drivers_cc32xx.aem4 : GPIOCC32XX.oem4 (.const:gpioBaseAddresses)
                  0100a314    00000014                         : UARTCC32XXDMA.oem4 (.const:parityType)
                  0100a328    00000014                         : GPIOCC32XX.oem4 (.const:powerResources)
                  0100a33c    00000011     ti_drivers_config.obj (.const)
                  0100a34d    00000003     --HOLE-- [fill = 0]
                  0100a350    00000010     drivers_cc32xx.aem4 : I2C.oem4 (.const:I2C_defaultParams)
                  0100a360    00000010                         : UARTCC32XXDMA.oem4 (.const:dataLength)
                  0100a370    00000010     ti_drivers_config.obj (.const:i2cCC32XXHWAttrs)
                  0100a380    0000000c     ti_drivers_config.obj (.const:I2C_config)
                  0100a38c    0000000c     ti_drivers_config.obj (.const:UART_config)
                  0100a398    0000000c     drivers_cc32xx.aem4 : Timer.oem4 (.const:defaultParams)
                  0100a3a4    0000000c     ti_drivers_config.obj (.const:udmaCC3220SHWAttrs)
                  0100a3b0    00000008     ti_drivers_config.obj (.const:UDMACC32XX_config)
                  0100a3b8    00000008     freertos_builds_CC3220SF_LAUNCHXL_release_ccs.lib : port.obj (.const)
                  0100a3c0    00000008     drivers_cc32xx.aem4 : GPIOCC32XX.oem4 (.const:outPinTypes)
                  0100a3c8    00000008                         : UARTCC32XXDMA.oem4 (.const:stopBits)
                  0100a3d0    00000006                         : GPIOCC32XX.oem4 (.const:.string:interruptType)
                  0100a3d6    00000006                         : GPIOCC32XX.oem4 (.const:inPinTypes)
                  0100a3dc    00000006                         : GPIOCC32XX.oem4 (.const:outPinStrengths)
                  0100a3e2    00000004                         : GPIOCC32XX.oem4 (.const:.string:portInterruptIds)
                  0100a3e6    00000002     --HOLE-- [fill = 0]
                  0100a3e8    00000004     freertos_builds_CC3220SF_LAUNCHXL_release_ccs.lib : pthread.obj (.const)
                  0100a3ec    00000002                                                       : pthread.obj (.const:.string)

.cinit     0    0100a3f0    00000118     
                  0100a3f0    000000f1     (.cinit..data.load) [load image, compression = lzss]
                  0100a4e1    00000003     --HOLE-- [fill = 0]
                  0100a4e4    0000000c     (__TI_handler_table)
                  0100a4f0    00000008     (.cinit..bss.load) [load image, compression = zero_init]
                  0100a4f8    00000010     (__TI_cinit_table)

.init_array 
*          0    01000800    00000000     UNINITIALIZED

.ramVecs   0    20000000    0000030c     NOLOAD SECTION
                  20000000    0000030c     freertos_builds_CC3220SF_LAUNCHXL_release_ccs.lib : startup_cc32xx_ccs.obj (.ramVecs)

.bss       0    20000400    00008890     UNINITIALIZED
                  20000400    00008000     freertos_builds_CC3220SF_LAUNCHXL_release_ccs.lib : heap_4.obj (.bss:ucHeap)
                  20008400    00000400     ti_drivers_config.obj (.bss:dmaControlTable)
                  20008800    0000012c     (.common:PowerCC32XX_contextSave)
                  2000892c    000000c8     freertos_builds_CC3220SF_LAUNCHXL_release_ccs.lib : tasks.obj (.bss:pxReadyTasksLists)
                  200089f4    0000009c     (.common:timerCC32XXObjects)
                  20008a90    0000006c     (.common:uartCC32XXObjects0)
                  20008afc    0000004c     (.common:i2cCC32XXObjects)
                  20008b48    00000020     drivers_cc32xx.aem4 : GPIOCC32XX.oem4 (.bss:gpioCallbackInfo)
                  20008b68    00000014                         : UDMACC32XX.oem4 (.bss:postNotifyObj)
                  20008b7c    00000014                         : GPIOCC32XX.oem4 (.bss:powerNotifyObj)
                  20008b90    00000014     freertos_builds_CC3220SF_LAUNCHXL_release_ccs.lib : timers.obj (.bss:xActiveTimerList1)
                  20008ba4    00000014                                                       : timers.obj (.bss:xActiveTimerList2)
                  20008bb8    00000014                                                       : tasks.obj (.bss:xDelayedTaskList1)
                  20008bcc    00000014                                                       : tasks.obj (.bss:xDelayedTaskList2)
                  20008be0    00000014                                                       : tasks.obj (.bss:xPendingReadyList)
                  20008bf4    00000014                                                       : tasks.obj (.bss:xSuspendedTaskList)
                  20008c08    00000014                                                       : tasks.obj (.bss:xTasksWaitingTermination)
                  20008c1c    00000008                                                       : tasks.obj (.bss)
                  20008c24    00000008                                                       : timers.obj (.bss)
                  20008c2c    00000008                                                       : heap_4.obj (.bss:xStart)
                  20008c34    00000004     drivers_cc32xx.aem4 : GPIOCC32XX.oem4 (.bss)
                  20008c38    00000008     (.common:end)
                  20008c40    00000008     (.common:start)
                  20008c48    00000008     (.common:udmaCC3220SObject)
                  20008c50    00000008     (.common:us1_total)
                  20008c58    00000008     (.common:us2_total)
                  20008c60    00000008     (.common:us3_total)
                  20008c68    00000008     (.common:us4_total)
                  20008c70    00000004     freertos_builds_CC3220SF_LAUNCHXL_release_ccs.lib : aeabi_portable.obj (.bss:main_reent)
                  20008c74    00000004     drivers_cc32xx.aem4 : TimerCC32XX.oem4 (.bss:timerState)
                  20008c78    00000004     uart_term.obj (.bss)
                  20008c7c    00000004     (.common:timerEcho)
                  20008c80    00000004     (.common:us1_count)
                  20008c84    00000004     (.common:us2_count)
                  20008c88    00000004     (.common:us3_count)
                  20008c8c    00000004     (.common:us4_count)

.data      0    20008c90    00000b6c     UNINITIALIZED
                  20008c90    00000800     freertos_builds_CC3220SF_LAUNCHXL_release_ccs.lib : HwiPCC32XX_freertos.obj (.data:HwiP_dispatchTable)
                  20009490    0000016c     drivers_cc32xx.aem4 : PowerCC32XX.oem4 (.data:PowerCC32XX_module)
                  200095fc    000000f8     ti_drivers_config.obj (.data:parkInfo)
                  200096f4    00000034     freertos_builds_CC3220SF_LAUNCHXL_release_ccs.lib : tasks.obj (.data)
                  20009728    00000024     ti_drivers_config.obj (.data:gpioCallbackFunctions)
                  2000974c    00000024     ti_drivers_config.obj (.data:gpioPinConfigs)
                  20009770    00000018     freertos_builds_CC3220SF_LAUNCHXL_release_ccs.lib : heap_4.obj (.data)
                  20009788    00000018                                                       : port.obj (.data)
                  200097a0    00000018     sensors_queues.obj (.data)
                  200097b8    00000014     freertos_builds_CC3220SF_LAUNCHXL_release_ccs.lib : pthread.obj (.data:defaultPthreadAttrs)
                  200097cc    0000000c                                                       : timers.obj (.data)
                  200097d8    00000009     drivers_cc32xx.aem4 : GPIOCC32XX.oem4 (.data)
                  200097e1    00000001                         : I2C.oem4 (.data)
                  200097e2    00000001                         : Timer.oem4 (.data)
                  200097e3    00000001                         : UART.oem4 (.data)
                  200097e4    00000008                         : UDMACC32XX.oem4 (.data)
                  200097ec    00000004     freertos_builds_CC3220SF_LAUNCHXL_release_ccs.lib : ClockP_freertos.obj (.data)
                  200097f0    00000004                                                       : HwiPCC32XX_freertos.obj (.data)
                  200097f4    00000004                                                       : PowerCC32XX_freertos.obj (.data)
                  200097f8    00000004     rtsv7M4_T_le_eabi.lib : vla_alloc.c.obj (.data)

.stack     0    2003fc00    00000400     UNINITIALIZED
                  2003fc00    00000004     rtsv7M4_T_le_eabi.lib : boot_cortex_m.c.obj (.stack)
                  2003fc04    000003fc     --HOLE--

__llvm_prf_cnts 
*          0    20000000    00000000     UNINITIALIZED

.binit     0    01000000    00000000     

MODULE SUMMARY

       Module                       code    ro data   rw data
       ------                       ----    -------   -------
    .\
       task_ultrasonic.obj          728     0         0      
       task_rgb.obj                 540     0         0      
       sensors_queues.obj           372     0         24     
       main_freertos.obj            290     0         68     
       uart_term.obj                278     0         4      
       debug_if.obj                 129     0         0      
       timerRGB.obj                 100     0         0      
       timerUS.obj                  100     0         0      
       sensors_main.obj             14      0         0      
    +--+----------------------------+-------+---------+---------+
       Total:                       2551    0         96     
                                                             
    .\syscfg\
       ti_drivers_config.obj        34      281       1692   
    +--+----------------------------+-------+---------+---------+
       Total:                       34      281       1692   
                                                             
    C:/Users/Kaito/Desktop/CCS/freertos_builds_CC3220SF_LAUNCHXL_release_ccs/Debug/freertos_builds_CC3220SF_LAUNCHXL_release_ccs.lib
       heap_4.obj                   904     0         32800  
       tasks.obj                    4470    0         360    
       queue.obj                    3098    0         0      
       HwiPCC32XX_freertos.obj      368     0         2052   
       timers.obj                   1562    0         60     
       startup_cc32xx_ccs.obj       106     64        780    
       pthread.obj                  798     6         20     
       port.obj                     700     8         24     
       ClockP_freertos.obj          646     0         4      
       PowerCC32XX_freertos.obj     454     0         4      
       list.obj                     298     0         0      
       SemaphoreP_freertos.obj      250     0         0      
       memory.obj                   192     0         0      
       portasm.obj                  186     0         0      
       PTLS.obj                     70      0         0      
       aeabi_portable.obj           64      0         4      
    +--+----------------------------+-------+---------+---------+
       Total:                       14166   78        36108  
                                                             
    C:/ti/simplelink_cc32xx_sdk_4_10_00_07/source/ti/devices/cc32xx/driverlib/ccs/Release/driverlib.a
       prcm.obj                     1756    168       0      
       interrupt.obj                608     284       0      
       pin.obj                      280     256       0      
       i2c.obj                      318     0         0      
       timer.obj                    264     0         0      
       flash.obj                    72      0         0      
       cpu.obj                      32      0         0      
       systick.obj                  32      0         0      
       uart.obj                     24      0         0      
       udma.obj                     24      0         0      
       utils.obj                    6       0         0      
    +--+----------------------------+-------+---------+---------+
       Total:                       3416    708       0      
                                                             
    C:/ti/simplelink_cc32xx_sdk_4_10_00_07/source/ti/drivers/lib/drivers_cc32xx.aem4
       PowerCC32XX.oem4             2386    0         664    
       UARTCC32XXDMA.oem4           2340    84        0      
       I2CCC32XX.oem4               1770    24        0      
       GPIOCC32XX.oem4              1176    103       65     
       TimerCC32XX.oem4             1132    32        4      
       UDMACC32XX.oem4              270     0         28     
       UART.oem4                    176     36        1      
       I2C.oem4                     172     16        1      
       Timer.oem4                   168     12        1      
       PowerCC32XX_asm.oem4         150     0         0      
       List.oem4                    76      0         0      
    +--+----------------------------+-------+---------+---------+
       Total:                       9816    307       764    
                                                             
    C:\ti\ccs1000\ccs\tools\compiler\ti-cgt-arm_20.2.0.LTS\lib\rtsv7M4_T_le_eabi.lib
       _printfi.c.obj               4835    0         0      
       vla_alloc.c.obj              452     0         4      
       fd_add_t2.asm.obj            438     0         0      
       fd_div_t2.asm.obj            310     0         0      
       fd_cmp_t2.asm.obj            268     0         0      
       ctype.c.obj                  0       257       0      
       fd_mul_t2.asm.obj            252     0         0      
       s_scalbn.c.obj               208     0         0      
       memcpy_t2.asm.obj            156     0         0      
       ull_div_t2.asm.obj           150     0         0      
       vsnprintf.c.obj              136     0         0      
       memset_t2.asm.obj            122     0         0      
       copy_decompress_lzss.c.obj   104     0         0      
       sprintf.c.obj                98      0         0      
       s_frexp.c.obj                92      0         0      
       _ltoa.c.obj                  84      0         0      
       atoi.c.obj                   76      0         0      
       fd_toi_t2.asm.obj            72      0         0      
       autoinit.c.obj               68      0         0      
       fd_tou_t2.asm.obj            68      0         0      
       i_tofd_t2.asm.obj            46      0         0      
       boot_cortex_m.c.obj          36      0         0      
       u_tofd_t2.asm.obj            32      0         0      
       memccpy.c.obj                28      0         0      
       ll_mul_t2.asm.obj            24      0         0      
       strchr.c.obj                 22      0         0      
       strlen.c.obj                 20      0         0      
       wcslen.c.obj                 18      0         0      
       copy_decompress_none.c.obj   14      0         0      
       copy_zero_init.c.obj         12      0         0      
       s_copysign.c.obj             12      0         0      
       error.c.obj                  4       0         0      
       exit.c.obj                   4       0         0      
       pre_init.c.obj               4       0         0      
       div0.asm.obj                 2       0         0      
    +--+----------------------------+-------+---------+---------+
       Total:                       8267    257       4      
                                                             
       Stack:                       0       0         1024   
       Linker Generated:            0       277       0      
    +--+----------------------------+-------+---------+---------+
       Grand Total:                 38250   1908      39688  


LINKER GENERATED COPY TABLES

__TI_cinit_table @ 0100a4f8 records: 2, size/record: 8, table size: 16
	.data: load addr=0100a3f0, load size=000000f1 bytes, run addr=20008c90, run size=00000b6c bytes, compression=lzss
	.bss: load addr=0100a4f0, load size=00000008 bytes, run addr=20000400, run size=00008890 bytes, compression=zero_init


LINKER GENERATED HANDLER TABLE

__TI_handler_table @ 0100a4e4 records: 3, size/record: 4, table size: 12
	index: 0, handler: __TI_decompress_lzss
	index: 1, handler: __TI_decompress_none
	index: 2, handler: __TI_zero_init


GLOBAL SYMBOLS: SORTED ALPHABETICALLY BY Name 

address   name                               
-------   ----                               
01009ba9  Board_init                         
0100128f  Board_initHook                     
01009dc1  C$$EXIT                            
0100a345  CONFIG_I2C_0_CONST                 
0100a347  CONFIG_TIMER_0_CONST               
0100a348  CONFIG_TIMER_1_CONST               
0100a349  CONFIG_TIMER_2_CONST               
0100a34b  CONFIG_UART_0_CONST                
01009a71  CPUcpsie                           
01009c8f  CPUwfi                             
0100974b  ClockP_Params_init                 
010087e9  ClockP_callbackFxn                 
01005cb1  ClockP_create                      
010078bd  ClockP_delete                      
01009599  ClockP_getCpuFreq                  
01009bb9  ClockP_getSystemTickPeriod         
010099a9  ClockP_setTimeout                  
01009679  ClockP_start                       
010070d1  ClockP_stop                        
01008081  FlashDisable                       
0100a2ec  GPIOCC32XX_config                  
01007d89  GPIO_enableInt                     
01006b21  GPIO_hwiIntFxn                     
01004c8d  GPIO_init                          
01008abd  GPIO_read                          
010073dd  GPIO_setCallback                   
01001e09  GPIO_setConfig                     
01009697  HwiP_Params_init                   
01009c9b  HwiP_clearInterrupt                
010071fd  HwiP_create                        
01009b61  HwiP_delete                        
01008fcd  HwiP_disable                       
01009ca7  HwiP_disableInterrupt              
010080c9  HwiP_dispatch                      
20008c90  HwiP_dispatchTable                 
01009cb3  HwiP_enableInterrupt               
01009259  HwiP_inISR                         
010095b9  HwiP_restore                       
01008e51  I2CCC32XX_cancel                   
01006285  I2CCC32XX_close                    
01009da7  I2CCC32XX_control                  
0100a28c  I2CCC32XX_fxnTable                 
010028c3  I2CCC32XX_init                     
0100418d  I2CCC32XX_open                     
01003e6d  I2CCC32XX_transfer                 
01009399  I2CFIFODataGetNonBlocking          
01009281  I2CFIFODataPutNonBlocking          
01009bc9  I2CFIFOStatus                      
010099bf  I2CMasterBurstLengthSet            
01009829  I2CMasterBusBusy                   
01009b73  I2CMasterIntClearEx                
01009841  I2CMasterIntDisableEx              
01009859  I2CMasterIntEnableEx               
010096b5  I2CMasterIntStatusEx               
01009531  I2CMasterSlaveAddrSet              
01009871  I2CRxFIFOFlush                     
01009889  I2CTxFIFOFlush                     
01009bd9  I2C_Params_init                    
0100a380  I2C_config                         
0100a346  I2C_count                          
0100a350  I2C_defaultParams                  
010082c1  I2C_init                           
010085a9  I2C_open                           
010098a1  I2C_transfer                       
01007911  InitTerm                           
01005819  IntDisable                         
010058c1  IntEnable                          
01009d39  IntMasterEnable                    
010075a9  IntPendClear                       
01007965  IntPrioritySet                     
010095d9  IntRegister                        
01009459  IntUnregister                      
01009a85  IntVTableBaseSet                   
0100a344  LIMIT_SWITCH_CONST                 
010093bf  List_put                           
010093e5  List_remove                        
01009769  Message                            
01001291  PRCMCC3200MCUInit                  
010099d5  PRCMHIBRegRead                     
010099eb  PRCMHIBRegWrite                    
01008111  PRCMLPDSEnter                      
01008af5  PRCMLPDSEnterKeepDebugIf           
01008ff9  PRCMLPDSIntervalSet                
01008305  PRCMLPDSRestoreInfoSet             
010092a9  PRCMLPDSWakeupSourceEnable         
010092d1  PRCMPeripheralClkDisable           
01008159  PRCMPeripheralClkEnable            
01007601  PRCMPeripheralReset                
01009d87  PRCMSleepEnter                     
010088a5  PRCMSlowClkCtrFastGet              
0100725d  PRCMSysResetCauseGet               
01009a01  PTLS_getBuf                        
01009a17  PTLS_setBuf                        
010097f5  PTLS_taskDeleteHook                
0100630d  PinConfigSet                       
01008c7d  PinModeGet                         
010085e9  PinModeSet                         
01009785  PinToPadGet                        
0100a144  PowerCC32XX_config                 
01005969  PowerCC32XX_configureWakeup        
20008800  PowerCC32XX_contextSave            
01008349  PowerCC32XX_enterLPDS              
01009025  PowerCC32XX_getParkState           
01003b17  PowerCC32XX_initPolicy             
20009490  PowerCC32XX_module                 
01007dd5  PowerCC32XX_parkPin                
0100947d  PowerCC32XX_reset                  
01008cb1  PowerCC32XX_restoreParkState       
01008e81  PowerCC32XX_restoreParkedPin       
01007a61  PowerCC32XX_resumeLPDS             
01007135  PowerCC32XX_setParkState           
010028c5  PowerCC32XX_sleepPolicy            
01009ccd  Power_getConstraintMask            
01009a99  Power_getDependencyCount           
01009c57  Power_getTransitionLatency         
010098b9  Power_idleFunc                     
010065b1  Power_init                         
010092f9  Power_registerNotify               
010081a1  Power_releaseConstraint            
01007659  Power_releaseDependency            
010088e1  Power_setConstraint                
0100673d  Power_setDependency                
010033f9  Power_sleep                        
010095f9  Power_unregisterNotify             
01005c09  Report                             
01009a2d  SemaphoreP_Params_init             
010077b9  SemaphoreP_create                  
01009051  SemaphoreP_createBinary            
01009cd9  SemaphoreP_delete                  
01008ce5  SemaphoreP_pend                    
01009553  SemaphoreP_post                    
01009be9  SysTickDisable                     
01009bf9  SysTickEnable                      
01007b59  TimerCC32XX_allocateTimerResource  
01008a83  TimerCC32XX_close                  
01009dad  TimerCC32XX_control                
01008d19  TimerCC32XX_freeTimerResource      
0100a26c  TimerCC32XX_fxnTable               
010098d1  TimerCC32XX_getCount               
01004087  TimerCC32XX_init                   
010037a1  TimerCC32XX_open                   
01006395  TimerCC32XX_setPeriod              
01006b99  TimerCC32XX_start                  
0100780f  TimerCC32XX_stop                   
01008c45  TimerControlStall                  
010096d3  TimerDisable                       
010096f1  TimerEnable                        
01009b85  TimerIntClear                      
010098e9  TimerIntDisable                    
01009901  TimerIntEnable                     
01009185  TimerLoadSet                       
010091af  TimerPrescaleSet                   
01009c09  Timer_Params_init                  
0100a1dc  Timer_config                       
0100a34a  Timer_count                        
01009d43  Timer_getCount                     
0100838d  Timer_init                         
01008629  Timer_open                         
01009d4d  Timer_start                        
01009919  UARTBusy                           
01004585  UARTCC32XXDMA_close                
010072bd  UARTCC32XXDMA_control              
0100a1b4  UARTCC32XXDMA_fxnTable             
01005283  UARTCC32XXDMA_init                 
01001bfd  UARTCC32XXDMA_open                 
010067bd  UARTCC32XXDMA_read                 
010091d9  UARTCC32XXDMA_readCancel           
01006939  UARTCC32XXDMA_readPolling          
010061f9  UARTCC32XXDMA_write                
01009203  UARTCC32XXDMA_writeCancel          
01007ba9  UARTCC32XXDMA_writePolling         
01009931  UART_Params_init                   
0100a38c  UART_config                        
01009d57  UART_control                       
0100a34c  UART_count                         
0100a200  UART_defaultParams                 
010083d1  UART_init                          
01008669  UART_open                          
01009d61  UART_writePolling                  
01008d4d  UDMACC32XX_close                   
0100a3b0  UDMACC32XX_config                  
010086a9  UDMACC32XX_init                    
010068bd  UDMACC32XX_open                    
0100a343  US1_ECHO_CONST                     
0100a33c  US1_TRIGGER_CONST                  
0100a341  US2_ECHO_CONST                     
0100a33d  US2_TRIGGER_CONST                  
0100a342  US3_ECHO_CONST                     
0100a33e  US3_TRIGGER_CONST                  
0100a340  US4_ECHO_CONST                     
0100a33f  US4_TRIGGER_CONST                  
01009db3  UtilsDelay                         
20040000  __STACK_END                        
00000400  __STACK_SIZE                       
0100a4f8  __TI_CINIT_Base                    
0100a508  __TI_CINIT_Limit                   
0100a4e4  __TI_Handler_Table_Base            
0100a4f0  __TI_Handler_Table_Limit           
01008415  __TI_auto_init_nobinit_nopinit     
01006f37  __TI_decompress_lzss               
01009c65  __TI_decompress_none               
010079b9  __TI_ltoa                          
ffffffff  __TI_pprof_out_hndl                
01000841  __TI_printfi                       
ffffffff  __TI_prof_data_size                
ffffffff  __TI_prof_data_start               
0100a3f0  __TI_static_base__                 
01009cf1  __TI_zero_init                     
01009db9  __abort_execution                  
010064a5  __aeabi_cdcmpeq                    
010064a5  __aeabi_cdcmple                    
0100652b  __aeabi_cdrcmple                   
010081e9  __aeabi_d2iz                       
0100849d  __aeabi_d2uiz                      
01002717  __aeabi_dadd                       
01003669  __aeabi_ddiv                       
0100438d  __aeabi_dmul                       
0100270d  __aeabi_dsub                       
010086e9  __aeabi_errno_addr                 
01008f9f  __aeabi_i2d                        
010078bb  __aeabi_idiv0                      
010078bb  __aeabi_ldiv0                      
01009991  __aeabi_lmul                       
01006a2d  __aeabi_memclr                     
01006a2d  __aeabi_memclr4                    
01006a2d  __aeabi_memclr8                    
01005ded  __aeabi_memcpy                     
01005ded  __aeabi_memcpy4                    
01005ded  __aeabi_memcpy8                    
01006a2f  __aeabi_memset                     
01006a2f  __aeabi_memset4                    
01006a2f  __aeabi_memset8                    
01009659  __aeabi_ui2d                       
01005f21  __aeabi_uldivmod                   
ffffffff  __binit__                          
ffffffff  __c_args__                         
UNDEFED   __mpu_init                         
2003fc00  __stack                            
20000000  __start___llvm_prf_cnts            
20000000  __stop___llvm_prf_cnts             
01003029  __vla_alloc                        
010094a1  _c_int00_noargs                    
01009dc4  _ctypes_                           
0100940b  _pthread_cleanup_pop               
UNDEFED   _system_post_cinit                 
01009dbd  _system_pre_init                   
01009dc1  abort                              
01007e21  atoi                               
ffffffff  binit                              
01009ce5  copysign                           
01009ce5  copysignl                          
0100922d  dbgOutputLoc                       
010076b1  eTaskConfirmSleepModeStatus        
20008c38  end                                
01007bf9  errorHalt                          
01009979  free                               
01007439  frexp                              
01007439  frexpl                             
010016bd  getTime                            
20009728  gpioCallbackFunctions              
2000974c  gpioPinConfigs                     
0100a370  i2cCC32XXHWAttrs                   
20008afc  i2cCC32XXObjects                   
01008525  i2cCallback                        
0100a3d6  inPinTypes                         
01005d51  initQueue                          
01009c73  initSwitch                         
01007c49  initTimerRGB                       
01007c99  initTimerUS                        
01007e6d  initVectors                        
01009d8f  init_gpio                          
01004bbd  ldexp                              
01004bbd  ldexpl                             
01003d55  main                               
01009c81  mainThread                         
01008567  malloc                             
010097a1  memccpy                            
01005ded  memcpy                             
01006a35  memset                             
0100a3dc  outPinStrengths                    
0100a3c0  outPinTypes                        
200095fc  parkInfo                           
010097bd  pthread_attr_init                  
01009575  pthread_attr_setdetachstate        
01009321  pthread_attr_setschedparam         
01009ac1  pthread_attr_setstacksize          
01003531  pthread_create                     
010074f1  pthread_exit                       
01009ad5  pthread_self                       
01008865  pthread_setcancelstate             
01002a75  pvPortMalloc                       
01008995  pvTaskGetThreadLocalStoragePointer 
010097d9  pvTaskIncrementMutexHeldCount      
01008f71  pvTimerGetTimerID                  
200096f4  pxCurrentTCB                       
01007ce9  pxPortInitialiseStack              
01007005  realloc                            
01009349  receiveMsgFromQueueTriggerRGBSwitch
01009a45  resetISR                           
01009a54  resetVectorAddr                    
01000800  resetVectors                       
01002389  rgbTask                            
01004bbd  scalbn                             
01004bbd  scalbnl                            
0100907d  sendMsgToQueueSwitch               
010090a9  sendMsgToQueueTriggerRGBSwitch     
010090d5  sendMsgToQueueTriggerUS            
01009101  sendMsgToQueueUS                   
01008729  sprintf                            
20008c40  start                              
01009a5b  strchr                             
01009ae9  strlen                             
0100a184  timerCC32XXHWAttrs                 
200089f4  timerCC32XXObjects                 
01009afd  timerCallback                      
20008c7c  timerEcho                          
01009b11  timerRGBCallback                   
01009d15  uDMAErrorStatusClear               
01009d21  uDMAErrorStatusGet                 
20008a90  uartCC32XXObjects0                 
0100a3a4  udmaCC3220SHWAttrs                 
20008c48  udmaCC3220SObject                  
0100a3b8  ulMaxSyscallInterruptPriority      
010051d9  ulPortGetIPSR                      
20008c80  us1_count                          
20008c50  us1_total                          
20008c84  us2_count                          
20008c58  us2_total                          
20008c88  us3_count                          
20008c60  us3_total                          
20008c8c  us4_count                          
20008c68  us4_total                          
01008231  uxListRemove                       
01009d75  vApplicationStackOverflowHook      
01008ee1  vListInitialise                    
01009c29  vListInitialiseItem                
0100706b  vListInsert                        
010089d1  vListInsertEnd                     
01007f9d  vPortEnterCritical                 
01008f11  vPortExitCritical                  
01005ab9  vPortFree                          
0100523d  vPortSVCHandler                    
01007709  vPortSetupTimerInterrupt           
01005261  vPortStartFirstTask                
01009b25  vPortSuppressTicksAndSleep         
01006d75  vPortValidateInterruptPriority     
010094e9  vQueueDelete                       
0100754d  vQueueWaitForMessageRestricted     
0100428d  vTaskDelete                        
0100950d  vTaskInternalSetTimeOutState       
01009d2d  vTaskMissedYield                   
01008de9  vTaskPlaceOnEventList              
01008769  vTaskPlaceOnEventListRestricted    
01004089  vTaskPriorityDisinheritAfterTimeout
[...]
01009c39  vTaskSuspendAll                    
01004935  vTaskSwitchContext                 
010087a9  vsnprintf                          
01009b97  wcslen                             
010051f1  xPortPendSVHandler                 
01004ed5  xPortStartScheduler                
01009159  xPortSysTickHandler                
01007761  xQueueCreateCountingSemaphore      
0100731d  xQueueGenericCreate                
0100533d  xQueueGenericReset                 
01002555  xQueueGenericSend                  
01003f7d  xQueueGenericSendFromISR           
0100467d  xQueueGiveFromISR                  
200097ac  xQueueMQTT                         
200097a4  xQueueRGB                          
01002bf1  xQueueReceive                      
01004a11  xQueueReceiveFromISR               
01001fed  xQueueSemaphoreTake                
200097a8  xQueueSwitch                       
200097b4  xQueueTriggerRGBSwitch             
200097b0  xQueueTriggerUS                    
200097a0  xQueueUS                           
0100560d  xTaskCheckForTimeOut               
01006aa7  xTaskCreate                        
01009371  xTaskGetApplicationTaskTag         
01009b39  xTaskGetCurrentTaskHandle          
01008f41  xTaskGetSchedulerState             
01009b4d  xTaskGetTickCount                  
01002ed1  xTaskIncrementTick                 
01004855  xTaskPriorityDisinherit            
01004ae9  xTaskPriorityInherit               
01005b61  xTaskRemoveFromEventList           
01003c39  xTaskResumeAll                     
01008a0d  xTimerCreate                       
01007a0d  xTimerCreateTimerTask              
010066b9  xTimerGenericCommand               


GLOBAL SYMBOLS: SORTED BY Symbol Address 

address   name                               
-------   ----                               
00000400  __STACK_SIZE                       
01000800  resetVectors                       
01000841  __TI_printfi                       
0100128f  Board_initHook                     
01001291  PRCMCC3200MCUInit                  
010016bd  getTime                            
01001bfd  UARTCC32XXDMA_open                 
01001e09  GPIO_setConfig                     
01001fed  xQueueSemaphoreTake                
01002389  rgbTask                            
01002555  xQueueGenericSend                  
0100270d  __aeabi_dsub                       
01002717  __aeabi_dadd                       
010028c3  I2CCC32XX_init                     
010028c5  PowerCC32XX_sleepPolicy            
01002a75  pvPortMalloc                       
01002bf1  xQueueReceive                      
01002ed1  xTaskIncrementTick                 
01003029  __vla_alloc                        
010033f9  Power_sleep                        
01003531  pthread_create                     
01003669  __aeabi_ddiv                       
010037a1  TimerCC32XX_open                   
01003b17  PowerCC32XX_initPolicy             
01003c39  xTaskResumeAll                     
01003d55  main                               
01003e6d  I2CCC32XX_transfer                 
01003f7d  xQueueGenericSendFromISR           
01004087  TimerCC32XX_init                   
01004089  vTaskPriorityDisinheritAfterTimeout
0100418d  I2CCC32XX_open                     
0100428d  vTaskDelete                        
0100438d  __aeabi_dmul                       
01004489  vTaskSuspend                       
01004585  UARTCC32XXDMA_close                
0100467d  xQueueGiveFromISR                  
01004855  xTaskPriorityDisinherit            
01004935  vTaskSwitchContext                 
01004a11  xQueueReceiveFromISR               
01004ae9  xTaskPriorityInherit               
01004bbd  ldexp                              
01004bbd  ldexpl                             
01004bbd  scalbn                             
01004bbd  scalbnl                            
01004c8d  GPIO_init                          
01004ed5  xPortStartScheduler                
010051d9  ulPortGetIPSR                      
010051f1  xPortPendSVHandler                 
0100523d  vPortSVCHandler                    
01005261  vPortStartFirstTask                
01005283  UARTCC32XXDMA_init                 
0100533d  xQueueGenericReset                 
0100560d  xTaskCheckForTimeOut               
01005819  IntDisable                         
010058c1  IntEnable                          
01005969  PowerCC32XX_configureWakeup        
01005ab9  vPortFree                          
01005b61  xTaskRemoveFromEventList           
01005c09  Report                             
01005cb1  ClockP_create                      
01005d51  initQueue                          
01005ded  __aeabi_memcpy                     
01005ded  __aeabi_memcpy4                    
01005ded  __aeabi_memcpy8                    
01005ded  memcpy                             
01005f21  __aeabi_uldivmod                   
01005fb9  vTaskStartScheduler                
010061f9  UARTCC32XXDMA_write                
01006285  I2CCC32XX_close                    
0100630d  PinConfigSet                       
01006395  TimerCC32XX_setPeriod              
010064a5  __aeabi_cdcmpeq                    
010064a5  __aeabi_cdcmple                    
0100652b  __aeabi_cdrcmple                   
010065b1  Power_init                         
010066b9  xTimerGenericCommand               
0100673d  Power_setDependency                
010067bd  UARTCC32XXDMA_read                 
010068bd  UDMACC32XX_open                    
01006939  UARTCC32XXDMA_readPolling          
01006a2d  __aeabi_memclr                     
01006a2d  __aeabi_memclr4                    
01006a2d  __aeabi_memclr8                    
01006a2f  __aeabi_memset                     
01006a2f  __aeabi_memset4                    
01006a2f  __aeabi_memset8                    
01006a35  memset                             
01006aa7  xTaskCreate                        
01006b21  GPIO_hwiIntFxn                     
01006b99  TimerCC32XX_start                  
01006d75  vPortValidateInterruptPriority     
01006f37  __TI_decompress_lzss               
01007005  realloc                            
0100706b  vListInsert                        
010070d1  ClockP_stop                        
01007135  PowerCC32XX_setParkState           
010071fd  HwiP_create                        
0100725d  PRCMSysResetCauseGet               
010072bd  UARTCC32XXDMA_control              
0100731d  xQueueGenericCreate                
010073dd  GPIO_setCallback                   
01007439  frexp                              
01007439  frexpl                             
010074f1  pthread_exit                       
0100754d  vQueueWaitForMessageRestricted     
010075a9  IntPendClear                       
01007601  PRCMPeripheralReset                
01007659  Power_releaseDependency            
010076b1  eTaskConfirmSleepModeStatus        
01007709  vPortSetupTimerInterrupt           
01007761  xQueueCreateCountingSemaphore      
010077b9  SemaphoreP_create                  
0100780f  TimerCC32XX_stop                   
010078bb  __aeabi_idiv0                      
010078bb  __aeabi_ldiv0                      
010078bd  ClockP_delete                      
01007911  InitTerm                           
01007965  IntPrioritySet                     
010079b9  __TI_ltoa                          
01007a0d  xTimerCreateTimerTask              
01007a61  PowerCC32XX_resumeLPDS             
01007b59  TimerCC32XX_allocateTimerResource  
01007ba9  UARTCC32XXDMA_writePolling         
01007bf9  errorHalt                          
01007c49  initTimerRGB                       
01007c99  initTimerUS                        
01007ce9  pxPortInitialiseStack              
01007d89  GPIO_enableInt                     
01007dd5  PowerCC32XX_parkPin                
01007e21  atoi                               
01007e6d  initVectors                        
01007f9d  vPortEnterCritical                 
01007fe9  vTaskSetThreadLocalStoragePointer  
01008081  FlashDisable                       
010080c9  HwiP_dispatch                      
01008111  PRCMLPDSEnter                      
01008159  PRCMPeripheralClkEnable            
010081a1  Power_releaseConstraint            
010081e9  __aeabi_d2iz                       
01008231  uxListRemove                       
010082c1  I2C_init                           
01008305  PRCMLPDSRestoreInfoSet             
01008349  PowerCC32XX_enterLPDS              
0100838d  Timer_init                         
010083d1  UART_init                          
01008415  __TI_auto_init_nobinit_nopinit     
0100849d  __aeabi_d2uiz                      
010084e1  vTaskStepTick                      
01008525  i2cCallback                        
01008567  malloc                             
010085a9  I2C_open                           
010085e9  PinModeSet                         
01008629  Timer_open                         
01008669  UART_open                          
010086a9  UDMACC32XX_init                    
010086e9  __aeabi_errno_addr                 
01008729  sprintf                            
01008769  vTaskPlaceOnEventListRestricted    
010087a9  vsnprintf                          
010087e9  ClockP_callbackFxn                 
01008865  pthread_setcancelstate             
010088a5  PRCMSlowClkCtrFastGet              
010088e1  Power_setConstraint                
01008995  pvTaskGetThreadLocalStoragePointer 
010089d1  vListInsertEnd                     
01008a0d  xTimerCreate                       
01008a83  TimerCC32XX_close                  
01008abd  GPIO_read                          
01008af5  PRCMLPDSEnterKeepDebugIf           
01008c45  TimerControlStall                  
01008c7d  PinModeGet                         
01008cb1  PowerCC32XX_restoreParkState       
01008ce5  SemaphoreP_pend                    
01008d19  TimerCC32XX_freeTimerResource      
01008d4d  UDMACC32XX_close                   
01008de9  vTaskPlaceOnEventList              
01008e51  I2CCC32XX_cancel                   
01008e81  PowerCC32XX_restoreParkedPin       
01008ee1  vListInitialise                    
01008f11  vPortExitCritical                  
01008f41  xTaskGetSchedulerState             
01008f71  pvTimerGetTimerID                  
01008f9f  __aeabi_i2d                        
01008fcd  HwiP_disable                       
01008ff9  PRCMLPDSIntervalSet                
01009025  PowerCC32XX_getParkState           
01009051  SemaphoreP_createBinary            
0100907d  sendMsgToQueueSwitch               
010090a9  sendMsgToQueueTriggerRGBSwitch     
010090d5  sendMsgToQueueTriggerUS            
01009101  sendMsgToQueueUS                   
0100912d  vTaskSetApplicationTaskTag         
01009159  xPortSysTickHandler                
01009185  TimerLoadSet                       
010091af  TimerPrescaleSet                   
010091d9  UARTCC32XXDMA_readCancel           
01009203  UARTCC32XXDMA_writeCancel          
0100922d  dbgOutputLoc                       
01009259  HwiP_inISR                         
01009281  I2CFIFODataPutNonBlocking          
010092a9  PRCMLPDSWakeupSourceEnable         
010092d1  PRCMPeripheralClkDisable           
010092f9  Power_registerNotify               
01009321  pthread_attr_setschedparam         
01009349  receiveMsgFromQueueTriggerRGBSwitch
01009371  xTaskGetApplicationTaskTag         
01009399  I2CFIFODataGetNonBlocking          
010093bf  List_put                           
010093e5  List_remove                        
0100940b  _pthread_cleanup_pop               
01009459  IntUnregister                      
0100947d  PowerCC32XX_reset                  
010094a1  _c_int00_noargs                    
010094e9  vQueueDelete                       
0100950d  vTaskInternalSetTimeOutState       
01009531  I2CMasterSlaveAddrSet              
01009553  SemaphoreP_post                    
01009575  pthread_attr_setdetachstate        
01009599  ClockP_getCpuFreq                  
010095b9  HwiP_restore                       
010095d9  IntRegister                        
010095f9  Power_unregisterNotify             
01009659  __aeabi_ui2d                       
01009679  ClockP_start                       
01009697  HwiP_Params_init                   
010096b5  I2CMasterIntStatusEx               
010096d3  TimerDisable                       
010096f1  TimerEnable                        
0100974b  ClockP_Params_init                 
01009769  Message                            
01009785  PinToPadGet                        
010097a1  memccpy                            
010097bd  pthread_attr_init                  
010097d9  pvTaskIncrementMutexHeldCount      
010097f5  PTLS_taskDeleteHook                
01009829  I2CMasterBusBusy                   
01009841  I2CMasterIntDisableEx              
01009859  I2CMasterIntEnableEx               
01009871  I2CRxFIFOFlush                     
01009889  I2CTxFIFOFlush                     
010098a1  I2C_transfer                       
010098b9  Power_idleFunc                     
010098d1  TimerCC32XX_getCount               
010098e9  TimerIntDisable                    
01009901  TimerIntEnable                     
01009919  UARTBusy                           
01009931  UART_Params_init                   
01009979  free                               
01009991  __aeabi_lmul                       
010099a9  ClockP_setTimeout                  
010099bf  I2CMasterBurstLengthSet            
010099d5  PRCMHIBRegRead                     
010099eb  PRCMHIBRegWrite                    
01009a01  PTLS_getBuf                        
01009a17  PTLS_setBuf                        
01009a2d  SemaphoreP_Params_init             
01009a45  resetISR                           
01009a54  resetVectorAddr                    
01009a5b  strchr                             
01009a71  CPUcpsie                           
01009a85  IntVTableBaseSet                   
01009a99  Power_getDependencyCount           
01009ac1  pthread_attr_setstacksize          
01009ad5  pthread_self                       
01009ae9  strlen                             
01009afd  timerCallback                      
01009b11  timerRGBCallback                   
01009b25  vPortSuppressTicksAndSleep         
01009b39  xTaskGetCurrentTaskHandle          
01009b4d  xTaskGetTickCount                  
01009b61  HwiP_delete                        
01009b73  I2CMasterIntClearEx                
01009b85  TimerIntClear                      
01009b97  wcslen                             
01009ba9  Board_init                         
01009bb9  ClockP_getSystemTickPeriod         
01009bc9  I2CFIFOStatus                      
01009bd9  I2C_Params_init                    
01009be9  SysTickDisable                     
01009bf9  SysTickEnable                      
01009c09  Timer_Params_init                  
01009c29  vListInitialiseItem                
01009c39  vTaskSuspendAll                    
01009c57  Power_getTransitionLatency         
01009c65  __TI_decompress_none               
01009c73  initSwitch                         
01009c81  mainThread                         
01009c8f  CPUwfi                             
01009c9b  HwiP_clearInterrupt                
01009ca7  HwiP_disableInterrupt              
01009cb3  HwiP_enableInterrupt               
01009ccd  Power_getConstraintMask            
01009cd9  SemaphoreP_delete                  
01009ce5  copysign                           
01009ce5  copysignl                          
01009cf1  __TI_zero_init                     
01009d15  uDMAErrorStatusClear               
01009d21  uDMAErrorStatusGet                 
01009d2d  vTaskMissedYield                   
01009d39  IntMasterEnable                    
01009d43  Timer_getCount                     
01009d4d  Timer_start                        
01009d57  UART_control                       
01009d61  UART_writePolling                  
01009d75  vApplicationStackOverflowHook      
01009d87  PRCMSleepEnter                     
01009d8f  init_gpio                          
01009da7  I2CCC32XX_control                  
01009dad  TimerCC32XX_control                
01009db3  UtilsDelay                         
01009db9  __abort_execution                  
01009dbd  _system_pre_init                   
01009dc1  C$$EXIT                            
01009dc1  abort                              
01009dc4  _ctypes_                           
0100a144  PowerCC32XX_config                 
0100a184  timerCC32XXHWAttrs                 
0100a1b4  UARTCC32XXDMA_fxnTable             
0100a1dc  Timer_config                       
0100a200  UART_defaultParams                 
0100a26c  TimerCC32XX_fxnTable               
0100a28c  I2CCC32XX_fxnTable                 
0100a2ec  GPIOCC32XX_config                  
0100a33c  US1_TRIGGER_CONST                  
0100a33d  US2_TRIGGER_CONST                  
0100a33e  US3_TRIGGER_CONST                  
0100a33f  US4_TRIGGER_CONST                  
0100a340  US4_ECHO_CONST                     
0100a341  US2_ECHO_CONST                     
0100a342  US3_ECHO_CONST                     
0100a343  US1_ECHO_CONST                     
0100a344  LIMIT_SWITCH_CONST                 
0100a345  CONFIG_I2C_0_CONST                 
0100a346  I2C_count                          
0100a347  CONFIG_TIMER_0_CONST               
0100a348  CONFIG_TIMER_1_CONST               
0100a349  CONFIG_TIMER_2_CONST               
0100a34a  Timer_count                        
0100a34b  CONFIG_UART_0_CONST                
0100a34c  UART_count                         
0100a350  I2C_defaultParams                  
0100a370  i2cCC32XXHWAttrs                   
0100a380  I2C_config                         
0100a38c  UART_config                        
0100a3a4  udmaCC3220SHWAttrs                 
0100a3b0  UDMACC32XX_config                  
0100a3b8  ulMaxSyscallInterruptPriority      
0100a3c0  outPinTypes                        
0100a3d6  inPinTypes                         
0100a3dc  outPinStrengths                    
0100a3f0  __TI_static_base__                 
0100a4e4  __TI_Handler_Table_Base            
0100a4f0  __TI_Handler_Table_Limit           
0100a4f8  __TI_CINIT_Base                    
0100a508  __TI_CINIT_Limit                   
20000000  __start___llvm_prf_cnts            
20000000  __stop___llvm_prf_cnts             
20008800  PowerCC32XX_contextSave            
200089f4  timerCC32XXObjects                 
20008a90  uartCC32XXObjects0                 
20008afc  i2cCC32XXObjects                   
20008c38  end                                
20008c40  start                              
20008c48  udmaCC3220SObject                  
20008c50  us1_total                          
20008c58  us2_total                          
20008c60  us3_total                          
20008c68  us4_total                          
20008c7c  timerEcho                          
20008c80  us1_count                          
20008c84  us2_count                          
20008c88  us3_count                          
20008c8c  us4_count                          
20008c90  HwiP_dispatchTable                 
20009490  PowerCC32XX_module                 
200095fc  parkInfo                           
200096f4  pxCurrentTCB                       
20009728  gpioCallbackFunctions              
2000974c  gpioPinConfigs                     
200097a0  xQueueUS                           
200097a4  xQueueRGB                          
200097a8  xQueueSwitch                       
200097ac  xQueueMQTT                         
200097b0  xQueueTriggerUS                    
200097b4  xQueueTriggerRGBSwitch             
2003fc00  __stack                            
20040000  __STACK_END                        
ffffffff  __TI_pprof_out_hndl                
ffffffff  __TI_prof_data_size                
ffffffff  __TI_prof_data_start               
ffffffff  __binit__                          
ffffffff  __c_args__                         
ffffffff  binit                              
UNDEFED   __mpu_init                         
UNDEFED   _system_post_cinit                 

[395 symbols]
