******************************************************************************
                  TI ARM Linker PC v20.2.0                     
******************************************************************************
>> Linked Tue Jul 28 13:26:17 2020

OUTPUT FILE NAME:   <sensors_CC3220SF_LAUNCHXL_freertos_ccs.out>
ENTRY POINT SYMBOL: "resetISR"  address: 0100a2bd


MEMORY CONFIGURATION

         name            origin    length      used     unused   attr    fill
----------------------  --------  ---------  --------  --------  ----  --------
  FLASH_HDR             01000000   000007ff  00000000  000007ff  R  X
  FLASH                 01000800   000ff800  0000a570  000f5290  R  X
  SRAM                  20000000   00040000  00009b1d  000364e3  RW X


SEGMENT ALLOCATION MAP

run origin  load origin   length   init length attrs members
----------  ----------- ---------- ----------- ----- -------
01000800    01000800    0000a578   0000a578    r-x
  01000800    01000800    00000040   00000040    r-- .resetVecs
  01000840    01000840    00009dee   00009dee    r-x .text
  0100a630    0100a630    0000062a   0000062a    r-- .const
  0100ac60    0100ac60    00000118   00000118    r-- .cinit
20000400    20000400    00009414   00000000    rw-
  20000400    20000400    0000889d   00000000    rw- .bss
  20008ca0    20008ca0    00000b74   00000000    rw- .data
2003fc00    2003fc00    00000400   00000000    rw-
  2003fc00    2003fc00    00000400   00000000    rw- .stack


SECTION ALLOCATION MAP

 output                                  attributes/
section   page    origin      length       input sections
--------  ----  ----------  ----------   ----------------
.resetVecs 
*          0    01000800    00000040     
                  01000800    00000040     freertos_builds_CC3220SF_LAUNCHXL_release_ccs.lib : startup_cc32xx_ccs.obj (.resetVecs:retain)

.text      0    01000840    00009dee     
                  01000840    00000a4e     rtsv7M4_T_le_eabi.lib : _printfi.c.obj (.text:__TI_printfi)
                  0100128e    00000002     ti_drivers_config.obj (.text:Board_initHook)
                  01001290    0000042c     driverlib.a : prcm.obj (.text:PRCMCC3200MCUInit)
                  010016bc    00000360     task_rgb.obj (.text:rgbTask)
                  01001a1c    00000288     task_ultrasonic.obj (.text:getTime)
                  01001ca4    0000026c     task_rgb.obj (.text:i2cCallback)
                  01001f10    00000268     rtsv7M4_T_le_eabi.lib : _printfi.c.obj (.text:_pconv_a)
                  01002178    0000020c     drivers_cc32xx.aem4 : UARTCC32XXDMA.oem4 (.text:UARTCC32XXDMA_open)
                  01002384    000001e4                         : GPIOCC32XX.oem4 (.text:GPIO_setConfig)
                  01002568    000001d0     freertos_builds_CC3220SF_LAUNCHXL_release_ccs.lib : queue.obj (.text:xQueueSemaphoreTake)
                  01002738    000001cc     rtsv7M4_T_le_eabi.lib : _printfi.c.obj (.text:_pconv_g)
                  01002904    000001b8     freertos_builds_CC3220SF_LAUNCHXL_release_ccs.lib : queue.obj (.text:xQueueGenericSend)
                  01002abc    000001b6     rtsv7M4_T_le_eabi.lib : fd_add_t2.asm.obj (.text)
                  01002c72    00000002     drivers_cc32xx.aem4 : I2CCC32XX.oem4 (.text:I2CCC32XX_init)
                  01002c74    000001b0     freertos_builds_CC3220SF_LAUNCHXL_release_ccs.lib : PowerCC32XX_freertos.obj (.text:PowerCC32XX_sleepPolicy)
                  01002e24    0000017c                                                       : heap_4.obj (.text:pvPortMalloc)
                  01002fa0    0000017c                                                       : queue.obj (.text:xQueueReceive)
                  0100311c    00000164     main_freertos.obj (.text:main)
                  01003280    00000164     freertos_builds_CC3220SF_LAUNCHXL_release_ccs.lib : timers.obj (.text:prvProcessReceivedCommands)
                  010033e4    00000158                                                       : tasks.obj (.text:xTaskIncrementTick)
                  0100353c    0000014c     rtsv7M4_T_le_eabi.lib : vla_alloc.c.obj (.text:__vla_alloc)
                  01003688    00000148     drivers_cc32xx.aem4 : PowerCC32XX.oem4 (.text:parkPins)
                  010037d0    00000144     task_ultrasonic.obj (.text:usTask)
                  01003914    0000013c     rtsv7M4_T_le_eabi.lib : _printfi.c.obj (.text:_pconv_e)
                  01003a50    00000138     drivers_cc32xx.aem4 : PowerCC32XX.oem4 (.text:Power_sleep)
                  01003b88    00000138     freertos_builds_CC3220SF_LAUNCHXL_release_ccs.lib : pthread.obj (.text:pthread_create)
                  01003cc0    00000136     rtsv7M4_T_le_eabi.lib : fd_div_t2.asm.obj (.text)
                  01003df6    00000002     driverlib.a : interrupt.obj (.text:IntDefaultHandler)
                  01003df8    00000128     drivers_cc32xx.aem4 : TimerCC32XX.oem4 (.text:TimerCC32XX_open)
                  01003f20    00000128     freertos_builds_CC3220SF_LAUNCHXL_release_ccs.lib : tasks.obj (.text:prvInitialiseNewTask)
                  01004048    00000126     drivers_cc32xx.aem4 : I2CCC32XX.oem4 (.text:I2CCC32XX_hwiFxn)
                  0100416e    00000002     freertos_builds_CC3220SF_LAUNCHXL_release_ccs.lib : PowerCC32XX_freertos.obj (.text:PowerCC32XX_initPolicy)
                  01004170    00000120     rtsv7M4_T_le_eabi.lib : _printfi.c.obj (.text:fcvt)
                  01004290    0000011c     freertos_builds_CC3220SF_LAUNCHXL_release_ccs.lib : tasks.obj (.text:xTaskResumeAll)
                  010043ac    00000110     drivers_cc32xx.aem4 : I2CCC32XX.oem4 (.text:I2CCC32XX_transfer)
                  010044bc    0000010a     freertos_builds_CC3220SF_LAUNCHXL_release_ccs.lib : queue.obj (.text:xQueueGenericSendFromISR)
                  010045c6    00000002     drivers_cc32xx.aem4 : TimerCC32XX.oem4 (.text:TimerCC32XX_init)
                  010045c8    00000104     freertos_builds_CC3220SF_LAUNCHXL_release_ccs.lib : tasks.obj (.text:vTaskPriorityDisinheritAfterTimeout)
                  010046cc    00000100     drivers_cc32xx.aem4 : I2CCC32XX.oem4 (.text:I2CCC32XX_open)
                  010047cc    00000100     freertos_builds_CC3220SF_LAUNCHXL_release_ccs.lib : tasks.obj (.text:vTaskDelete)
                  010048cc    000000fc     rtsv7M4_T_le_eabi.lib : fd_mul_t2.asm.obj (.text)
                  010049c8    000000fc     freertos_builds_CC3220SF_LAUNCHXL_release_ccs.lib : tasks.obj (.text:vTaskSuspend)
                  01004ac4    000000f8     drivers_cc32xx.aem4 : UARTCC32XXDMA.oem4 (.text:UARTCC32XXDMA_close)
                  01004bbc    000000f0     freertos_builds_CC3220SF_LAUNCHXL_release_ccs.lib : queue.obj (.text:xQueueGiveFromISR)
                  01004cac    000000e8     drivers_cc32xx.aem4 : UARTCC32XXDMA.oem4 (.text:initHw)
                  01004d94    000000e0     freertos_builds_CC3220SF_LAUNCHXL_release_ccs.lib : tasks.obj (.text:xTaskPriorityDisinherit)
                  01004e74    000000dc                                                       : tasks.obj (.text:vTaskSwitchContext)
                  01004f50    000000d8                                                       : queue.obj (.text:xQueueReceiveFromISR)
                  01005028    000000d4                                                       : tasks.obj (.text:xTaskPriorityInherit)
                  010050fc    000000d0     rtsv7M4_T_le_eabi.lib : s_scalbn.c.obj (.text:scalbn)
                  010051cc    000000c4     drivers_cc32xx.aem4 : GPIOCC32XX.oem4 (.text:GPIO_init)
                  01005290    000000c4     freertos_builds_CC3220SF_LAUNCHXL_release_ccs.lib : tasks.obj (.text:prvAddNewTaskToReadyList)
                  01005354    000000c0     drivers_cc32xx.aem4 : PowerCC32XX.oem4 (.text:restoreParkedPins)
                  01005414    000000c0     freertos_builds_CC3220SF_LAUNCHXL_release_ccs.lib : port.obj (.text:xPortStartScheduler)
                  010054d4    000000bc                                                       : queue.obj (.text:prvCopyDataToQueue)
                  01005590    000000bc                                                       : heap_4.obj (.text:prvHeapInit)
                  0100564c    000000bc                                                       : timers.obj (.text:prvSwitchTimerLists)
                  01005708    000000ba                                                       : portasm.obj (.text)
                  010057c2    00000002     drivers_cc32xx.aem4 : UARTCC32XXDMA.oem4 (.text:UARTCC32XXDMA_init)
                  010057c4    000000b8                         : UARTCC32XXDMA.oem4 (.text:UARTCC32XXDMA_configDMA)
                  0100587c    000000b8     freertos_builds_CC3220SF_LAUNCHXL_release_ccs.lib : queue.obj (.text:xQueueGenericReset)
                  01005934    000000b4     drivers_cc32xx.aem4 : UARTCC32XXDMA.oem4 (.text:UARTCC32XXDMA_hwiIntFxn)
                  010059e8    000000b1     rtsv7M4_T_le_eabi.lib : _printfi.c.obj (.text:_ltostr)
                  01005a99    00000001     --HOLE-- [fill = 0]
                  01005a9a    00000002     freertos_builds_CC3220SF_LAUNCHXL_release_ccs.lib : startup_cc32xx_ccs.obj (.text:busFaultHandler)
                  01005a9c    000000b0                                                       : tasks.obj (.text:prvAddCurrentTaskToDelayedList)
                  01005b4c    000000b0                                                       : tasks.obj (.text:xTaskCheckForTimeOut)
                  01005bfc    000000ae     drivers_cc32xx.aem4 : I2CCC32XX.oem4 (.text:I2CCC32XX_completeTransfer)
                  01005caa    000000ae     freertos_builds_CC3220SF_LAUNCHXL_release_ccs.lib : queue.obj (.text:prvUnlockQueue)
                  01005d58    000000a8     driverlib.a : interrupt.obj (.text:IntDisable)
                  01005e00    000000a8                 : interrupt.obj (.text:IntEnable)
                  01005ea8    000000a8     drivers_cc32xx.aem4 : PowerCC32XX.oem4 (.text:PowerCC32XX_configureWakeup)
                  01005f50    000000a8     freertos_builds_CC3220SF_LAUNCHXL_release_ccs.lib : heap_4.obj (.text:prvInsertBlockIntoFreeList)
                  01005ff8    000000a8                                                       : heap_4.obj (.text:vPortFree)
                  010060a0    000000a8                                                       : tasks.obj (.text:xTaskRemoveFromEventList)
                  01006148    000000a6     uart_term.obj (.text:Report)
                  010061ee    00000002     freertos_builds_CC3220SF_LAUNCHXL_release_ccs.lib : startup_cc32xx_ccs.obj (.text:defaultHandler)
                  010061f0    000000a0                                                       : ClockP_freertos.obj (.text:ClockP_create)
                  01006290    0000009c     sensors_queues.obj (.text:initQueue)
                  0100632c    0000009c     rtsv7M4_T_le_eabi.lib : memcpy_t2.asm.obj (.text)
                  010063c8    00000098     drivers_cc32xx.aem4 : GPIOCC32XX.oem4 (.text:powerNotifyFxn)
                  01006460    00000096     rtsv7M4_T_le_eabi.lib : ull_div_t2.asm.obj (.text)
                  010064f6    00000002     freertos_builds_CC3220SF_LAUNCHXL_release_ccs.lib : startup_cc32xx_ccs.obj (.text:faultISR)
                  010064f8    00000094                                                       : tasks.obj (.text:vTaskStartScheduler)
                  0100658c    00000092     rtsv7M4_T_le_eabi.lib : fs_div_t2.asm.obj (.text)
                  0100661e    00000002     freertos_builds_CC3220SF_LAUNCHXL_release_ccs.lib : startup_cc32xx_ccs.obj (.text:nmiISR)
                  01006620    00000090     drivers_cc32xx.aem4 : I2CCC32XX.oem4 (.text:I2CCC32XX_initHw)
                  010066b0    00000090                         : PowerCC32XX.oem4 (.text:restoreNVICRegs)
                  01006740    0000008c                         : I2CCC32XX.oem4 (.text:I2CCC32XX_primeWriteBurst)
                  010067cc    0000008c                         : UARTCC32XXDMA.oem4 (.text:UARTCC32XXDMA_write)
                  01006858    00000088                         : I2CCC32XX.oem4 (.text:I2CCC32XX_close)
                  010068e0    00000088     driverlib.a : pin.obj (.text:PinConfigSet)
                  01006968    00000088     drivers_cc32xx.aem4 : TimerCC32XX.oem4 (.text:TimerCC32XX_setPeriod)
                  010069f0    00000088     freertos_builds_CC3220SF_LAUNCHXL_release_ccs.lib : timers.obj (.text:prvProcessTimerOrBlockTask)
                  01006a78    00000086     rtsv7M4_T_le_eabi.lib : fd_cmp_t2.asm.obj (.text:__aeabi_cdcmple)
                  01006afe    00000086                           : fd_cmp_t2.asm.obj (.text:__aeabi_cdrcmple)
                  01006b84    00000084     drivers_cc32xx.aem4 : PowerCC32XX.oem4 (.text:Power_init)
                  01006c08    00000084                         : PowerCC32XX.oem4 (.text:saveNVICRegs)
                  01006c8c    00000084     freertos_builds_CC3220SF_LAUNCHXL_release_ccs.lib : timers.obj (.text:xTimerGenericCommand)
                  01006d10    00000080     drivers_cc32xx.aem4 : PowerCC32XX.oem4 (.text:Power_setDependency)
                  01006d90    00000080                         : UARTCC32XXDMA.oem4 (.text:UARTCC32XXDMA_read)
                  01006e10    00000080     freertos_builds_CC3220SF_LAUNCHXL_release_ccs.lib : timers.obj (.text:prvProcessExpiredTimer)
                  01006e90    0000007c     drivers_cc32xx.aem4 : UDMACC32XX.oem4 (.text:UDMACC32XX_open)
                  01006f0c    0000007a                         : UARTCC32XXDMA.oem4 (.text:UARTCC32XXDMA_readPolling)
                  01006f86    0000007a     freertos_builds_CC3220SF_LAUNCHXL_release_ccs.lib : pthread.obj (.text:removeThreadKeys)
                  01007000    0000007a     rtsv7M4_T_le_eabi.lib : fs_mul_t2.asm.obj (.text)
                  0100707a    0000007a                           : memset_t2.asm.obj (.text)
                  010070f4    0000007a     freertos_builds_CC3220SF_LAUNCHXL_release_ccs.lib : tasks.obj (.text:xTaskCreate)
                  0100716e    00000002     rtsv7M4_T_le_eabi.lib : div0.asm.obj (.text)
                  01007170    00000078     drivers_cc32xx.aem4 : GPIOCC32XX.oem4 (.text:GPIO_hwiIntFxn)
                  010071e8    00000078                         : TimerCC32XX.oem4 (.text:TimerCC32XX_start)
                  01007260    00000078     rtsv7M4_T_le_eabi.lib : vla_alloc.c.obj (.text:_ZN33_INTERNAL_11_vla_alloc_c_be8bd49b21free_dead_allocationsEPv)
                  010072d8    00000078     freertos_builds_CC3220SF_LAUNCHXL_release_ccs.lib : timers.obj (.text:prvInsertTimerInActiveList)
                  01007350    00000074                                                       : tasks.obj (.text:prvInitialiseTaskLists)
                  010073c4    00000074                                                       : port.obj (.text:vPortValidateInterruptPriority)
                  01007438    00000070     drivers_cc32xx.aem4 : I2CCC32XX.oem4 (.text:I2CCC32XX_primeReadBurst)
                  010074a8    00000070     freertos_builds_CC3220SF_LAUNCHXL_release_ccs.lib : ClockP_freertos.obj (.text:setClockObjTimeout)
                  01007518    0000006e     rtsv7M4_T_le_eabi.lib : _printfi.c.obj (.text:_mcpy)
                  01007586    00000068                           : copy_decompress_lzss.c.obj (.text:decompress:lzss:__TI_decompress_lzss)
                  010075ee    00000066     freertos_builds_CC3220SF_LAUNCHXL_release_ccs.lib : timers.obj (.text:prvInitialiseNewTimer)
                  01007654    00000066                                                       : memory.obj (.text:realloc)
                  010076ba    00000066                                                       : list.obj (.text:vListInsert)
                  01007720    00000064                                                       : ClockP_freertos.obj (.text:ClockP_stop)
                  01007784    00000064     drivers_cc32xx.aem4 : PowerCC32XX.oem4 (.text:PowerCC32XX_setParkState)
                  010077e8    00000064     freertos_builds_CC3220SF_LAUNCHXL_release_ccs.lib : tasks.obj (.text:prvGetExpectedIdleTime)
                  0100784c    00000060                                                       : HwiPCC32XX_freertos.obj (.text:HwiP_create)
                  010078ac    00000060     driverlib.a : prcm.obj (.text:PRCMSysResetCauseGet)
                  0100790c    00000060     drivers_cc32xx.aem4 : UARTCC32XXDMA.oem4 (.text:UARTCC32XXDMA_control)
                  0100796c    00000060     rtsv7M4_T_le_eabi.lib : fs_cmp_t2.asm.obj (.text:__aeabi_cfcmple)
                  010079cc    00000060                           : fs_cmp_t2.asm.obj (.text:__aeabi_cfrcmple)
                  01007a2c    00000060     freertos_builds_CC3220SF_LAUNCHXL_release_ccs.lib : queue.obj (.text:xQueueGenericCreate)
                  01007a8c    0000005e     drivers_cc32xx.aem4 : I2CCC32XX.oem4 (.text:I2CCC32XX_primeTransfer)
                  01007aea    00000002     --HOLE-- [fill = 0]
                  01007aec    0000005c                         : GPIOCC32XX.oem4 (.text:GPIO_setCallback)
                  01007b48    0000005c     rtsv7M4_T_le_eabi.lib : s_frexp.c.obj (.text:frexp)
                  01007ba4    0000005c     freertos_builds_CC3220SF_LAUNCHXL_release_ccs.lib : tasks.obj (.text:prvIdleTask)
                  01007c00    0000005c                                                       : pthread.obj (.text:pthread_exit)
                  01007c5c    0000005c                                                       : queue.obj (.text:vQueueWaitForMessageRestricted)
                  01007cb8    0000005c                                                       : tasks.obj (.text:vTaskDelay)
                  01007d14    00000058     drivers_cc32xx.aem4 : GPIOCC32XX.oem4 (.text:GPIO_write)
                  01007d6c    00000058     driverlib.a : interrupt.obj (.text:IntPendClear)
                  01007dc4    00000058                 : prcm.obj (.text:PRCMPeripheralReset)
                  01007e1c    00000058     drivers_cc32xx.aem4 : PowerCC32XX.oem4 (.text:Power_releaseDependency)
                  01007e74    00000058     freertos_builds_CC3220SF_LAUNCHXL_release_ccs.lib : tasks.obj (.text:eTaskConfirmSleepModeStatus)
                  01007ecc    00000058     task_ultrasonic.obj (.text:fsm)
                  01007f24    00000058     freertos_builds_CC3220SF_LAUNCHXL_release_ccs.lib : port.obj (.text:vPortSetupTimerInterrupt)
                  01007f7c    00000058                                                       : queue.obj (.text:xQueueCreateCountingSemaphore)
                  01007fd4    00000056                                                       : SemaphoreP_freertos.obj (.text:SemaphoreP_create)
                  0100802a    00000056     drivers_cc32xx.aem4 : TimerCC32XX.oem4 (.text:TimerCC32XX_stop)
                  01008080    00000056     rtsv7M4_T_le_eabi.lib : _printfi.c.obj (.text:_pconv_f)
                  010080d6    00000002     --HOLE-- [fill = 0]
                  010080d8    00000054     freertos_builds_CC3220SF_LAUNCHXL_release_ccs.lib : ClockP_freertos.obj (.text:ClockP_delete)
                  0100812c    00000054     uart_term.obj (.text:InitTerm)
                  01008180    00000054     driverlib.a : interrupt.obj (.text:IntPrioritySet)
                  010081d4    00000054     rtsv7M4_T_le_eabi.lib : _ltoa.c.obj (.text:__TI_ltoa)
                  01008228    00000054     freertos_builds_CC3220SF_LAUNCHXL_release_ccs.lib : timers.obj (.text:xTimerCreateTimerTask)
                  0100827c    00000052     drivers_cc32xx.aem4 : PowerCC32XX_asm.oem4 (.text:PowerCC32XX_resumeLPDS)
                  010082ce    00000052     rtsv7M4_T_le_eabi.lib : _printfi.c.obj (.text:_ecpy)
                  01008320    00000052     drivers_cc32xx.aem4 : TimerCC32XX.oem4 (.text:initHw)
                  01008372    00000002     --HOLE-- [fill = 0]
                  01008374    00000050                         : TimerCC32XX.oem4 (.text:TimerCC32XX_allocateTimerResource)
                  010083c4    00000050                         : UARTCC32XXDMA.oem4 (.text:UARTCC32XXDMA_writePolling)
                  01008414    00000050     debug_if.obj (.text:errorHalt)
                  01008464    00000050     timerRGB.obj (.text:initTimerRGB)
                  010084b4    00000050     timerUS.obj (.text:initTimerUS)
                  01008504    00000050     freertos_builds_CC3220SF_LAUNCHXL_release_ccs.lib : port.obj (.text:pxPortInitialiseStack)
                  01008554    0000004e     drivers_cc32xx.aem4 : UARTCC32XXDMA.oem4 (.text:writeCancel)
                  010085a2    00000002     --HOLE-- [fill = 0]
                  010085a4    0000004c                         : GPIOCC32XX.oem4 (.text:GPIO_enableInt)
                  010085f0    0000004c                         : PowerCC32XX.oem4 (.text:PowerCC32XX_parkPin)
                  0100863c    0000004c     rtsv7M4_T_le_eabi.lib : atoi.c.obj (.text:atoi)
                  01008688    0000004c     freertos_builds_CC3220SF_LAUNCHXL_release_ccs.lib : startup_cc32xx_ccs.obj (.text:initVectors)
                  010086d4    0000004c                                                       : timers.obj (.text:prvCheckForValidListAndQueue)
                  01008720    0000004c                                                       : tasks.obj (.text:prvCheckTasksWaitingTermination)
                  0100876c    0000004c     drivers_cc32xx.aem4 : PowerCC32XX.oem4 (.text:restorePeriphClocks)
                  010087b8    0000004c     freertos_builds_CC3220SF_LAUNCHXL_release_ccs.lib : port.obj (.text:vPortEnterCritical)
                  01008804    0000004c                                                       : tasks.obj (.text:vTaskSetThreadLocalStoragePointer)
                  01008850    0000004a     drivers_cc32xx.aem4 : UARTCC32XXDMA.oem4 (.text:readCancel)
                  0100889a    00000002     --HOLE-- [fill = 0]
                  0100889c    00000048     driverlib.a : flash.obj (.text:FlashDisable)
                  010088e4    00000048     freertos_builds_CC3220SF_LAUNCHXL_release_ccs.lib : HwiPCC32XX_freertos.obj (.text:HwiP_dispatch)
                  0100892c    00000048     driverlib.a : prcm.obj (.text:PRCMLPDSEnter)
                  01008974    00000048                 : prcm.obj (.text:PRCMPeripheralClkEnable)
                  010089bc    00000048     drivers_cc32xx.aem4 : PowerCC32XX.oem4 (.text:Power_releaseConstraint)
                  01008a04    00000048     rtsv7M4_T_le_eabi.lib : fd_toi_t2.asm.obj (.text)
                  01008a4c    00000048     freertos_builds_CC3220SF_LAUNCHXL_release_ccs.lib : list.obj (.text:uxListRemove)
                  01008a94    00000046     drivers_cc32xx.aem4 : TimerCC32XX.oem4 (.text:getPrescaler)
                  01008ada    00000002     --HOLE-- [fill = 0]
                  01008adc    00000044                         : I2C.oem4 (.text:I2C_init)
                  01008b20    00000044     driverlib.a : prcm.obj (.text:PRCMLPDSRestoreInfoSet)
                  01008b64    00000044     drivers_cc32xx.aem4 : PowerCC32XX_asm.oem4 (.text:PowerCC32XX_enterLPDS)
                  01008ba8    00000044                         : Timer.oem4 (.text:Timer_init)
                  01008bec    00000044                         : UART.oem4 (.text:UART_init)
                  01008c30    00000044     rtsv7M4_T_le_eabi.lib : autoinit.c.obj (.text:__TI_auto_init_nobinit_nopinit:__TI_auto_init_nobinit_nopinit)
                  01008c74    00000044     freertos_builds_CC3220SF_LAUNCHXL_release_ccs.lib : queue.obj (.text:prvInitialiseNewQueue)
                  01008cb8    00000044     rtsv7M4_T_le_eabi.lib : fd_tou_t2.asm.obj (.text)
                  01008cfc    00000044     freertos_builds_CC3220SF_LAUNCHXL_release_ccs.lib : tasks.obj (.text:vTaskStepTick)
                  01008d40    00000042                                                       : memory.obj (.text:malloc)
                  01008d82    00000002     --HOLE-- [fill = 0]
                  01008d84    00000040     drivers_cc32xx.aem4 : I2C.oem4 (.text:I2C_open)
                  01008dc4    00000040     driverlib.a : pin.obj (.text:PinModeSet)
                  01008e04    00000040     drivers_cc32xx.aem4 : Timer.oem4 (.text:Timer_open)
                  01008e44    00000040                         : UART.oem4 (.text:UART_open)
                  01008e84    00000040                         : UDMACC32XX.oem4 (.text:UDMACC32XX_init)
                  01008ec4    00000040     freertos_builds_CC3220SF_LAUNCHXL_release_ccs.lib : aeabi_portable.obj (.text:__aeabi_errno_addr)
                  01008f04    00000040                                                       : tasks.obj (.text:vTaskPlaceOnEventListRestricted)
                  01008f44    00000040     rtsv7M4_T_le_eabi.lib : vsnprintf.c.obj (.text:vsnprintf)
                  01008f84    0000003e     freertos_builds_CC3220SF_LAUNCHXL_release_ccs.lib : ClockP_freertos.obj (.text:ClockP_callbackFxn)
                  01008fc2    0000003e     rtsv7M4_T_le_eabi.lib : _printfi.c.obj (.text:_fcpy)
                  01009000    0000003e     freertos_builds_CC3220SF_LAUNCHXL_release_ccs.lib : pthread.obj (.text:pthread_setcancelstate)
                  0100903e    00000002     --HOLE-- [fill = 0]
                  01009040    0000003c     driverlib.a : prcm.obj (.text:PRCMSlowClkCtrFastGet)
                  0100907c    0000003c     drivers_cc32xx.aem4 : PowerCC32XX.oem4 (.text:Power_setConstraint)
                  010090b8    0000003c     freertos_builds_CC3220SF_LAUNCHXL_release_ccs.lib : queue.obj (.text:prvCopyDataFromQueue)
                  010090f4    0000003c                                                       : tasks.obj (.text:prvResetNextTaskUnblockTime)
                  01009130    0000003c                                                       : tasks.obj (.text:pvTaskGetThreadLocalStoragePointer)
                  0100916c    0000003c                                                       : sleep.obj (.text:usleep)
                  010091a8    0000003c                                                       : list.obj (.text:vListInsertEnd)
                  010091e4    0000003c                                                       : timers.obj (.text:xTimerCreate)
                  01009220    0000003a     drivers_cc32xx.aem4 : I2CCC32XX.oem4 (.text:I2CCC32XX_readRecieveFifo)
                  0100925a    0000003a                         : TimerCC32XX.oem4 (.text:TimerCC32XX_close)
                  01009294    00000038                         : GPIOCC32XX.oem4 (.text:GPIO_read)
                  010092cc    00000038     driverlib.a : prcm.obj (.text:PRCMLPDSEnterKeepDebugIf)
                  01009304    00000038     drivers_cc32xx.aem4 : TimerCC32XX.oem4 (.text:TimerCC32XX_hwiIntFunction)
                  0100933c    00000038                         : PowerCC32XX.oem4 (.text:notify)
                  01009374    00000038     freertos_builds_CC3220SF_LAUNCHXL_release_ccs.lib : timers.obj (.text:prvGetNextExpireTime)
                  010093ac    00000038                                                       : port.obj (.text:prvTaskExitError)
                  010093e4    00000038     drivers_cc32xx.aem4 : UARTCC32XXDMA.oem4 (.text:startTxFifoEmptyClk)
                  0100941c    00000036     driverlib.a : timer.obj (.text:TimerControlStall)
                  01009452    00000002     --HOLE-- [fill = 0]
                  01009454    00000034                 : pin.obj (.text:PinModeGet)
                  01009488    00000034     drivers_cc32xx.aem4 : PowerCC32XX.oem4 (.text:PowerCC32XX_restoreParkState)
                  010094bc    00000034     freertos_builds_CC3220SF_LAUNCHXL_release_ccs.lib : SemaphoreP_freertos.obj (.text:SemaphoreP_pend)
                  010094f0    00000034     drivers_cc32xx.aem4 : TimerCC32XX.oem4 (.text:TimerCC32XX_freeTimerResource)
                  01009524    00000034                         : UDMACC32XX.oem4 (.text:UDMACC32XX_close)
                  01009558    00000034                         : TimerCC32XX.oem4 (.text:getPowerMgrId)
                  0100958c    00000034     freertos_builds_CC3220SF_LAUNCHXL_release_ccs.lib : timers.obj (.text:prvSampleTimeNow)
                  010095c0    00000034                                                       : tasks.obj (.text:vTaskPlaceOnEventList)
                  010095f4    00000034     drivers_cc32xx.aem4 : UARTCC32XXDMA.oem4 (.text:writeFinishedDoCallback)
                  01009628    00000030                         : I2CCC32XX.oem4 (.text:I2CCC32XX_cancel)
                  01009658    00000030                         : PowerCC32XX.oem4 (.text:PowerCC32XX_restoreParkedPin)
                  01009688    00000030     rtsv7M4_T_le_eabi.lib : vsnprintf.c.obj (.text:_outs)
                  010096b8    00000030     freertos_builds_CC3220SF_LAUNCHXL_release_ccs.lib : list.obj (.text:vListInitialise)
                  010096e8    00000030                                                       : port.obj (.text:vPortExitCritical)
                  01009718    00000030                                                       : tasks.obj (.text:xTaskGetSchedulerState)
                  01009748    0000002e                                                       : timers.obj (.text:pvTimerGetTimerID)
                  01009776    0000002e     rtsv7M4_T_le_eabi.lib : i_tofd_t2.asm.obj (.text)
                  010097a4    0000002c     freertos_builds_CC3220SF_LAUNCHXL_release_ccs.lib : HwiPCC32XX_freertos.obj (.text:HwiP_disable)
                  010097d0    0000002c     driverlib.a : prcm.obj (.text:PRCMLPDSIntervalSet)
                  010097fc    0000002c     drivers_cc32xx.aem4 : PowerCC32XX.oem4 (.text:PowerCC32XX_getParkState)
                  01009828    0000002c     freertos_builds_CC3220SF_LAUNCHXL_release_ccs.lib : SemaphoreP_freertos.obj (.text:SemaphoreP_createBinary)
                  01009854    0000002c     sensors_queues.obj (.text:sendMsgToQueueRGB)
                  01009880    0000002c     sensors_queues.obj (.text:sendMsgToQueueSwitch)
                  010098ac    0000002c     sensors_queues.obj (.text:sendMsgToQueueTriggerRGBSwitch)
                  010098d8    0000002c     sensors_queues.obj (.text:sendMsgToQueueTriggerUS)
                  01009904    0000002c     sensors_queues.obj (.text:sendMsgToQueueUS)
                  01009930    0000002c     freertos_builds_CC3220SF_LAUNCHXL_release_ccs.lib : tasks.obj (.text:vTaskSetApplicationTaskTag)
                  0100995c    0000002c                                                       : port.obj (.text:xPortSysTickHandler)
                  01009988    0000002a     driverlib.a : timer.obj (.text:TimerLoadSet)
                  010099b2    0000002a                 : timer.obj (.text:TimerPrescaleSet)
                  010099dc    0000002a     drivers_cc32xx.aem4 : UARTCC32XXDMA.oem4 (.text:UARTCC32XXDMA_readCancel)
                  01009a06    0000002a                         : UARTCC32XXDMA.oem4 (.text:UARTCC32XXDMA_writeCancel)
                  01009a30    00000029     debug_if.obj (.text:dbgOutputLoc)
                  01009a59    00000003     --HOLE-- [fill = 0]
                  01009a5c    00000028     freertos_builds_CC3220SF_LAUNCHXL_release_ccs.lib : HwiPCC32XX_freertos.obj (.text:HwiP_inISR)
                  01009a84    00000028     driverlib.a : i2c.obj (.text:I2CFIFODataPutNonBlocking)
                  01009aac    00000028                 : prcm.obj (.text:PRCMLPDSWakeupSourceEnable)
                  01009ad4    00000028                 : prcm.obj (.text:PRCMPeripheralClkDisable)
                  01009afc    00000028     drivers_cc32xx.aem4 : PowerCC32XX.oem4 (.text:Power_registerNotify)
                  01009b24    00000028     freertos_builds_CC3220SF_LAUNCHXL_release_ccs.lib : pthread.obj (.text:pthread_attr_setschedparam)
                  01009b4c    00000028     sensors_queues.obj (.text:receiveMsgFromQueueTriggerRGBSwitch)
                  01009b74    00000028     sensors_queues.obj (.text:receiveMsgFromQueueTriggerUS)
                  01009b9c    00000028     sensors_queues.obj (.text:receiveMsgFromQueueUS)
                  01009bc4    00000028     freertos_builds_CC3220SF_LAUNCHXL_release_ccs.lib : tasks.obj (.text:xTaskGetApplicationTaskTag)
                  01009bec    00000026     driverlib.a : i2c.obj (.text:I2CFIFODataGetNonBlocking)
                  01009c12    00000026     drivers_cc32xx.aem4 : List.oem4 (.text:List_put)
                  01009c38    00000026                         : List.oem4 (.text:List_remove)
                  01009c5e    00000026     freertos_builds_CC3220SF_LAUNCHXL_release_ccs.lib : pthread.obj (.text:_pthread_cleanup_pop)
                  01009c84    00000026                                                       : queue.obj (.text:prvIsQueueFull)
                  01009caa    00000002     --HOLE-- [fill = 0]
                  01009cac    00000024     driverlib.a : interrupt.obj (.text:IntUnregister)
                  01009cd0    00000024     drivers_cc32xx.aem4 : PowerCC32XX.oem4 (.text:PowerCC32XX_reset)
                  01009cf4    00000024     rtsv7M4_T_le_eabi.lib : boot_cortex_m.c.obj (.text:_c_int00_noargs:_c_int00_noargs)
                  01009d18    00000024     freertos_builds_CC3220SF_LAUNCHXL_release_ccs.lib : queue.obj (.text:prvGetDisinheritPriorityAfterTimeout)
                  01009d3c    00000024     rtsv7M4_T_le_eabi.lib : u_tofs_t2.asm.obj (.text)
                  01009d60    00000024     freertos_builds_CC3220SF_LAUNCHXL_release_ccs.lib : queue.obj (.text:vQueueDelete)
                  01009d84    00000024                                                       : tasks.obj (.text:vTaskInternalSetTimeOutState)
                  01009da8    00000022     driverlib.a : i2c.obj (.text:I2CMasterSlaveAddrSet)
                  01009dca    00000022     freertos_builds_CC3220SF_LAUNCHXL_release_ccs.lib : SemaphoreP_freertos.obj (.text:SemaphoreP_post)
                  01009dec    00000022                                                       : pthread.obj (.text:pthread_attr_setdetachstate)
                  01009e0e    00000002     --HOLE-- [fill = 0]
                  01009e10    00000020                                                       : ClockP_freertos.obj (.text:ClockP_getCpuFreq)
                  01009e30    00000020                                                       : HwiPCC32XX_freertos.obj (.text:HwiP_restore)
                  01009e50    00000020     driverlib.a : interrupt.obj (.text:IntRegister)
                  01009e70    00000020     drivers_cc32xx.aem4 : PowerCC32XX.oem4 (.text:Power_unregisterNotify)
                  01009e90    00000020                         : UARTCC32XXDMA.oem4 (.text:getPowerMgrId)
                  01009eb0    00000020     freertos_builds_CC3220SF_LAUNCHXL_release_ccs.lib : queue.obj (.text:prvIsQueueEmpty)
                  01009ed0    00000020     rtsv7M4_T_le_eabi.lib : u_tofd_t2.asm.obj (.text)
                  01009ef0    0000001e     freertos_builds_CC3220SF_LAUNCHXL_release_ccs.lib : ClockP_freertos.obj (.text:ClockP_start)
                  01009f0e    0000001e                                                       : HwiPCC32XX_freertos.obj (.text:HwiP_Params_init)
                  01009f2c    0000001e     driverlib.a : i2c.obj (.text:I2CMasterIntStatusEx)
                  01009f4a    0000001e                 : timer.obj (.text:TimerDisable)
                  01009f68    0000001e                 : timer.obj (.text:TimerEnable)
                  01009f86    0000001e     freertos_builds_CC3220SF_LAUNCHXL_release_ccs.lib : pthread.obj (.text:_pthread_runStub)
                  01009fa4    0000001e     drivers_cc32xx.aem4 : UDMACC32XX.oem4 (.text:postNotifyFxn)
                  01009fc2    0000001c     freertos_builds_CC3220SF_LAUNCHXL_release_ccs.lib : ClockP_freertos.obj (.text:ClockP_Params_init)
                  01009fde    00000002     --HOLE-- [fill = 0]
                  01009fe0    0000001c     uart_term.obj (.text:Message)
                  01009ffc    0000001c     driverlib.a : pin.obj (.text:PinToPadGet)
                  0100a018    0000001c     rtsv7M4_T_le_eabi.lib : memccpy.c.obj (.text:memccpy)
                  0100a034    0000001c     freertos_builds_CC3220SF_LAUNCHXL_release_ccs.lib : pthread.obj (.text:pthread_attr_init)
                  0100a050    0000001c                                                       : tasks.obj (.text:pvTaskIncrementMutexHeldCount)
                  0100a06c    0000001a                                                       : PTLS.obj (.text:PTLS_taskDeleteHook)
                  0100a086    0000001a                                                       : timers.obj (.text:prvTimerTask)
                  0100a0a0    00000018     driverlib.a : i2c.obj (.text:I2CMasterBusBusy)
                  0100a0b8    00000018                 : i2c.obj (.text:I2CMasterIntDisableEx)
                  0100a0d0    00000018                 : i2c.obj (.text:I2CMasterIntEnableEx)
                  0100a0e8    00000018                 : i2c.obj (.text:I2CRxFIFOFlush)
                  0100a100    00000018                 : i2c.obj (.text:I2CTxFIFOFlush)
                  0100a118    00000018     drivers_cc32xx.aem4 : I2C.oem4 (.text:I2C_transfer)
                  0100a130    00000018                         : PowerCC32XX.oem4 (.text:Power_idleFunc)
                  0100a148    00000018                         : TimerCC32XX.oem4 (.text:TimerCC32XX_getCount)
                  0100a160    00000018     driverlib.a : timer.obj (.text:TimerIntDisable)
                  0100a178    00000018                 : timer.obj (.text:TimerIntEnable)
                  0100a190    00000018                 : uart.obj (.text:UARTBusy)
                  0100a1a8    00000018     drivers_cc32xx.aem4 : UART.oem4 (.text:UART_Params_init)
                  0100a1c0    00000018     rtsv7M4_T_le_eabi.lib : vsnprintf.c.obj (.text:_outc)
                  0100a1d8    00000018     freertos_builds_CC3220SF_LAUNCHXL_release_ccs.lib : memory.obj (.text:free)
                  0100a1f0    00000018     sensors_main.obj (.text:mainThread)
                  0100a208    00000018     rtsv7M4_T_le_eabi.lib : ll_mul_t2.asm.obj (.text)
                  0100a220    00000016     freertos_builds_CC3220SF_LAUNCHXL_release_ccs.lib : ClockP_freertos.obj (.text:ClockP_setTimeout)
                  0100a236    00000016     driverlib.a : i2c.obj (.text:I2CMasterBurstLengthSet)
                  0100a24c    00000016                 : prcm.obj (.text:PRCMHIBRegRead)
                  0100a262    00000016                 : prcm.obj (.text:PRCMHIBRegWrite)
                  0100a278    00000016     freertos_builds_CC3220SF_LAUNCHXL_release_ccs.lib : PTLS.obj (.text:PTLS_getBuf)
                  0100a28e    00000016                                                       : PTLS.obj (.text:PTLS_setBuf)
                  0100a2a4    00000016                                                       : SemaphoreP_freertos.obj (.text:SemaphoreP_Params_init)
                  0100a2ba    00000002     --HOLE-- [fill = 0]
                  0100a2bc    00000016                                                       : startup_cc32xx_ccs.obj (.text:resetISR)
                  0100a2d2    00000016     rtsv7M4_T_le_eabi.lib : strchr.c.obj (.text:strchr)
                  0100a2e8    00000014     driverlib.a : cpu.obj (.text:CPUcpsie)
                  0100a2fc    00000014                 : interrupt.obj (.text:IntVTableBaseSet)
                  0100a310    00000014     drivers_cc32xx.aem4 : PowerCC32XX.oem4 (.text:Power_getDependencyCount)
                  0100a324    00000014     freertos_builds_CC3220SF_LAUNCHXL_release_ccs.lib : tasks.obj (.text:prvDeleteTCB)
                  0100a338    00000014                                                       : pthread.obj (.text:pthread_attr_setstacksize)
                  0100a34c    00000014                                                       : pthread.obj (.text:pthread_self)
                  0100a360    00000014     rtsv7M4_T_le_eabi.lib : strlen.c.obj (.text:strlen)
                  0100a374    00000014     timerUS.obj (.text:timerCallback)
                  0100a388    00000014     timerRGB.obj (.text:timerRGBCallback)
                  0100a39c    00000014     freertos_builds_CC3220SF_LAUNCHXL_release_ccs.lib : PowerCC32XX_freertos.obj (.text:vPortSuppressTicksAndSleep)
                  0100a3b0    00000014                                                       : tasks.obj (.text:xTaskGetCurrentTaskHandle)
                  0100a3c4    00000014                                                       : tasks.obj (.text:xTaskGetTickCount)
                  0100a3d8    00000012                                                       : HwiPCC32XX_freertos.obj (.text:HwiP_delete)
                  0100a3ea    00000012     driverlib.a : i2c.obj (.text:I2CMasterIntClearEx)
                  0100a3fc    00000012                 : timer.obj (.text:TimerIntClear)
                  0100a40e    00000012     rtsv7M4_T_le_eabi.lib : wcslen.c.obj (.text:wcslen)
                  0100a420    00000010     ti_drivers_config.obj (.text:Board_init)
                  0100a430    00000010     freertos_builds_CC3220SF_LAUNCHXL_release_ccs.lib : ClockP_freertos.obj (.text:ClockP_getSystemTickPeriod)
                  0100a440    00000010     driverlib.a : i2c.obj (.text:I2CFIFOStatus)
                  0100a450    00000010     drivers_cc32xx.aem4 : I2C.oem4 (.text:I2C_Params_init)
                  0100a460    00000010     driverlib.a : systick.obj (.text:SysTickDisable)
                  0100a470    00000010                 : systick.obj (.text:SysTickEnable)
                  0100a480    00000010     drivers_cc32xx.aem4 : Timer.oem4 (.text:Timer_Params_init)
                  0100a490    00000010     ti_drivers_config.obj (.text:dmaErrorFxn)
                  0100a4a0    00000010     freertos_builds_CC3220SF_LAUNCHXL_release_ccs.lib : list.obj (.text:vListInitialiseItem)
                  0100a4b0    00000010                                                       : tasks.obj (.text:vTaskSuspendAll)
                  0100a4c0    0000000e     drivers_cc32xx.aem4 : I2CCC32XX.oem4 (.text:I2CCC32XX_updateReg)
                  0100a4ce    0000000e                         : PowerCC32XX.oem4 (.text:Power_getTransitionLatency)
                  0100a4dc    0000000e     rtsv7M4_T_le_eabi.lib : copy_decompress_none.c.obj (.text:decompress:none:__TI_decompress_none)
                  0100a4ea    0000000e     task_rgb.obj (.text:initSwitch)
                  0100a4f8    0000000c     driverlib.a : cpu.obj (.text:CPUwfi)
                  0100a504    0000000c     freertos_builds_CC3220SF_LAUNCHXL_release_ccs.lib : HwiPCC32XX_freertos.obj (.text:HwiP_clearInterrupt)
                  0100a510    0000000c                                                       : HwiPCC32XX_freertos.obj (.text:HwiP_disableInterrupt)
                  0100a51c    0000000c                                                       : HwiPCC32XX_freertos.obj (.text:HwiP_enableInterrupt)
                  0100a528    0000000c     drivers_cc32xx.aem4 : I2CCC32XX.oem4 (.text:I2CCC32XX_postNotify)
                  0100a534    0000000c                         : PowerCC32XX.oem4 (.text:Power_getConstraintMask)
                  0100a540    0000000c     freertos_builds_CC3220SF_LAUNCHXL_release_ccs.lib : SemaphoreP_freertos.obj (.text:SemaphoreP_delete)
                  0100a54c    0000000c     rtsv7M4_T_le_eabi.lib : s_copysign.c.obj (.text:copysign)
                  0100a558    0000000c                           : copy_zero_init.c.obj (.text:decompress:ZI:__TI_zero_init)
                  0100a564    0000000c     task_ultrasonic.obj (.text:echoCallback)
                  0100a570    0000000c     drivers_cc32xx.aem4 : TimerCC32XX.oem4 (.text:postNotifyFxn)
                  0100a57c    0000000c                         : UARTCC32XXDMA.oem4 (.text:postNotifyFxn)
                  0100a588    0000000c     driverlib.a : udma.obj (.text:uDMAErrorStatusClear)
                  0100a594    0000000c                 : udma.obj (.text:uDMAErrorStatusGet)
                  0100a5a0    0000000c     freertos_builds_CC3220SF_LAUNCHXL_release_ccs.lib : tasks.obj (.text:vTaskMissedYield)
                  0100a5ac    0000000a     driverlib.a : interrupt.obj (.text:IntMasterEnable)
                  0100a5b6    0000000a     drivers_cc32xx.aem4 : Timer.oem4 (.text:Timer_getCount)
                  0100a5c0    0000000a                         : Timer.oem4 (.text:Timer_start)
                  0100a5ca    0000000a                         : UART.oem4 (.text:UART_control)
                  0100a5d4    0000000a                         : UART.oem4 (.text:UART_writePolling)
                  0100a5de    0000000a     main_freertos.obj (.text:vApplicationStackOverflowHook)
                  0100a5e8    00000008     drivers_cc32xx.aem4 : I2CCC32XX.oem4 (.text:I2CCC32XX_blockingCallback)
                  0100a5f0    00000008     driverlib.a : prcm.obj (.text:PRCMSleepEnter)
                  0100a5f8    00000008     debug_if.obj (.text:init_gpio)
                  0100a600    00000008     drivers_cc32xx.aem4 : UARTCC32XXDMA.oem4 (.text:readSemCallback)
                  0100a608    00000008                         : UARTCC32XXDMA.oem4 (.text:writeSemCallback)
                  0100a610    00000006                         : I2CCC32XX.oem4 (.text:I2CCC32XX_control)
                  0100a616    00000006                         : TimerCC32XX.oem4 (.text:TimerCC32XX_control)
                  0100a61c    00000006     driverlib.a : utils.obj (.text:UtilsDelay)
                  0100a622    00000004     rtsv7M4_T_le_eabi.lib : error.c.obj (.text:__abort_execution)
                  0100a626    00000004                           : pre_init.c.obj (.text:_system_pre_init)
                  0100a62a    00000004                           : exit.c.obj (.text:abort:abort)

.const     0    0100a630    0000062a     
                  0100a630    00000101     rtsv7M4_T_le_eabi.lib : ctype.c.obj (.const:.string:_ctypes_)
                  0100a731    00000003     --HOLE-- [fill = 0]
                  0100a734    00000100     driverlib.a : pin.obj (.const:g_ulPinToPadMap)
                  0100a834    000000d4                 : interrupt.obj (.const:g_pulRegs)
                  0100a908    000000a8                 : prcm.obj (.const:PRCM_PeriphRegsList)
                  0100a9b0    00000040     ti_drivers_config.obj (.const:PowerCC32XX_config)
                  0100a9f0    00000030     ti_drivers_config.obj (.const:timerCC32XXHWAttrs)
                  0100aa20    00000028     drivers_cc32xx.aem4 : UARTCC32XXDMA.oem4 (.const:UARTCC32XXDMA_fxnTable)
                  0100aa48    00000024     ti_drivers_config.obj (.const:Timer_config)
                  0100aa6c    00000024     drivers_cc32xx.aem4 : UART.oem4 (.const:UART_defaultParams)
                  0100aa90    00000024     ti_drivers_config.obj (.const:uartCC32XXHWAttrs0)
                  0100aab4    00000021     drivers_cc32xx.aem4 : GPIOCC32XX.oem4 (.const:.string:pinTable)
                  0100aad5    00000003     --HOLE-- [fill = 0]
                  0100aad8    00000020                         : TimerCC32XX.oem4 (.const:TimerCC32XX_fxnTable)
                  0100aaf8    00000018                         : I2CCC32XX.oem4 (.const:I2CCC32XX_fxnTable)
                  0100ab10    00000018     driverlib.a : interrupt.obj (.const:g_pulDisRegs)
                  0100ab28    00000018                 : interrupt.obj (.const:g_pulEnRegs)
                  0100ab40    00000018                 : interrupt.obj (.const:g_pulUnpendRegs)
                  0100ab58    00000014     ti_drivers_config.obj (.const:GPIOCC32XX_config)
                  0100ab6c    00000014     drivers_cc32xx.aem4 : GPIOCC32XX.oem4 (.const:gpioBaseAddresses)
                  0100ab80    00000014                         : UARTCC32XXDMA.oem4 (.const:parityType)
                  0100ab94    00000014                         : GPIOCC32XX.oem4 (.const:powerResources)
                  0100aba8    00000012     ti_drivers_config.obj (.const)
                  0100abba    00000002     --HOLE-- [fill = 0]
                  0100abbc    00000010     drivers_cc32xx.aem4 : I2C.oem4 (.const:I2C_defaultParams)
                  0100abcc    00000010                         : UARTCC32XXDMA.oem4 (.const:dataLength)
                  0100abdc    00000010     ti_drivers_config.obj (.const:i2cCC32XXHWAttrs)
                  0100abec    0000000c     ti_drivers_config.obj (.const:I2C_config)
                  0100abf8    0000000c     ti_drivers_config.obj (.const:UART_config)
                  0100ac04    0000000c     drivers_cc32xx.aem4 : Timer.oem4 (.const:defaultParams)
                  0100ac10    0000000c     ti_drivers_config.obj (.const:udmaCC3220SHWAttrs)
                  0100ac1c    00000008     ti_drivers_config.obj (.const:UDMACC32XX_config)
                  0100ac24    00000008     freertos_builds_CC3220SF_LAUNCHXL_release_ccs.lib : port.obj (.const)
                  0100ac2c    00000008     drivers_cc32xx.aem4 : GPIOCC32XX.oem4 (.const:outPinTypes)
                  0100ac34    00000008                         : UARTCC32XXDMA.oem4 (.const:stopBits)
                  0100ac3c    00000006                         : GPIOCC32XX.oem4 (.const:.string:interruptType)
                  0100ac42    00000006                         : GPIOCC32XX.oem4 (.const:inPinTypes)
                  0100ac48    00000006                         : GPIOCC32XX.oem4 (.const:outPinStrengths)
                  0100ac4e    00000004                         : GPIOCC32XX.oem4 (.const:.string:portInterruptIds)
                  0100ac52    00000002     --HOLE-- [fill = 0]
                  0100ac54    00000004     freertos_builds_CC3220SF_LAUNCHXL_release_ccs.lib : pthread.obj (.const)
                  0100ac58    00000002                                                       : pthread.obj (.const:.string)

.cinit     0    0100ac60    00000118     
                  0100ac60    000000f4     (.cinit..data.load) [load image, compression = lzss]
                  0100ad54    0000000c     (__TI_handler_table)
                  0100ad60    00000008     (.cinit..bss.load) [load image, compression = zero_init]
                  0100ad68    00000010     (__TI_cinit_table)

.init_array 
*          0    01000800    00000000     UNINITIALIZED

.ramVecs   0    20000000    0000030c     NOLOAD SECTION
                  20000000    0000030c     freertos_builds_CC3220SF_LAUNCHXL_release_ccs.lib : startup_cc32xx_ccs.obj (.ramVecs)

.bss       0    20000400    0000889d     UNINITIALIZED
                  20000400    00008000     freertos_builds_CC3220SF_LAUNCHXL_release_ccs.lib : heap_4.obj (.bss:ucHeap)
                  20008400    00000400     ti_drivers_config.obj (.bss:dmaControlTable)
                  20008800    0000012c     (.common:PowerCC32XX_contextSave)
                  2000892c    000000c8     freertos_builds_CC3220SF_LAUNCHXL_release_ccs.lib : tasks.obj (.bss:pxReadyTasksLists)
                  200089f4    0000009c     (.common:timerCC32XXObjects)
                  20008a90    0000006c     (.common:uartCC32XXObjects0)
                  20008afc    0000004c     (.common:i2cCC32XXObjects)
                  20008b48    00000020     drivers_cc32xx.aem4 : GPIOCC32XX.oem4 (.bss:gpioCallbackInfo)
                  20008b68    00000014                         : UDMACC32XX.oem4 (.bss:postNotifyObj)
                  20008b7c    00000014                         : GPIOCC32XX.oem4 (.bss:powerNotifyObj)
                  20008b90    00000014     freertos_builds_CC3220SF_LAUNCHXL_release_ccs.lib : timers.obj (.bss:xActiveTimerList1)
                  20008ba4    00000014                                                       : timers.obj (.bss:xActiveTimerList2)
                  20008bb8    00000014                                                       : tasks.obj (.bss:xDelayedTaskList1)
                  20008bcc    00000014                                                       : tasks.obj (.bss:xDelayedTaskList2)
                  20008be0    00000014                                                       : tasks.obj (.bss:xPendingReadyList)
                  20008bf4    00000014                                                       : tasks.obj (.bss:xSuspendedTaskList)
                  20008c08    00000014                                                       : tasks.obj (.bss:xTasksWaitingTermination)
                  20008c1c    00000008                                                       : tasks.obj (.bss)
                  20008c24    00000008                                                       : timers.obj (.bss)
                  20008c2c    00000008                                                       : heap_4.obj (.bss:xStart)
                  20008c34    00000004     drivers_cc32xx.aem4 : GPIOCC32XX.oem4 (.bss)
                  20008c38    00000008     (.common:end)
                  20008c40    00000008     (.common:start)
                  20008c48    00000008     (.common:udmaCC3220SObject)
                  20008c50    00000008     (.common:us1_total)
                  20008c58    00000008     (.common:us2_total)
                  20008c60    00000008     (.common:us3_total)
                  20008c68    00000008     (.common:us4_total)
                  20008c70    00000004     freertos_builds_CC3220SF_LAUNCHXL_release_ccs.lib : aeabi_portable.obj (.bss:main_reent)
                  20008c74    00000004     drivers_cc32xx.aem4 : TimerCC32XX.oem4 (.bss:timerState)
                  20008c78    00000004     uart_term.obj (.bss)
                  20008c7c    00000004     (.common:timerUS)
                  20008c80    00000004     (.common:us1_count)
                  20008c84    00000004     (.common:us2_count)
                  20008c88    00000004     (.common:us3_count)
                  20008c8c    00000004     (.common:us4_count)
                  20008c90    00000002     (.common:blueRaw)
                  20008c92    00000002     (.common:clearRaw)
                  20008c94    00000002     (.common:greenRaw)
                  20008c96    00000002     (.common:redRaw)
                  20008c98    00000001     (.common:currentInt)
                  20008c99    00000001     (.common:currentState)
                  20008c9a    00000001     (.common:gain)
                  20008c9b    00000001     (.common:integrationTime)
                  20008c9c    00000001     (.common:stateRGB)

.data      0    20008ca0    00000b74     UNINITIALIZED
                  20008ca0    00000800     freertos_builds_CC3220SF_LAUNCHXL_release_ccs.lib : HwiPCC32XX_freertos.obj (.data:HwiP_dispatchTable)
                  200094a0    0000016c     drivers_cc32xx.aem4 : PowerCC32XX.oem4 (.data:PowerCC32XX_module)
                  2000960c    000000f8     ti_drivers_config.obj (.data:parkInfo)
                  20009704    00000034     freertos_builds_CC3220SF_LAUNCHXL_release_ccs.lib : tasks.obj (.data)
                  20009738    00000028     ti_drivers_config.obj (.data:gpioCallbackFunctions)
                  20009760    00000028     ti_drivers_config.obj (.data:gpioPinConfigs)
                  20009788    00000018     freertos_builds_CC3220SF_LAUNCHXL_release_ccs.lib : heap_4.obj (.data)
                  200097a0    00000018                                                       : port.obj (.data)
                  200097b8    00000018     sensors_queues.obj (.data)
                  200097d0    00000014     freertos_builds_CC3220SF_LAUNCHXL_release_ccs.lib : pthread.obj (.data:defaultPthreadAttrs)
                  200097e4    0000000c                                                       : timers.obj (.data)
                  200097f0    00000009     drivers_cc32xx.aem4 : GPIOCC32XX.oem4 (.data)
                  200097f9    00000001                         : I2C.oem4 (.data)
                  200097fa    00000001                         : Timer.oem4 (.data)
                  200097fb    00000001                         : UART.oem4 (.data)
                  200097fc    00000008                         : UDMACC32XX.oem4 (.data)
                  20009804    00000004     freertos_builds_CC3220SF_LAUNCHXL_release_ccs.lib : ClockP_freertos.obj (.data)
                  20009808    00000004                                                       : HwiPCC32XX_freertos.obj (.data)
                  2000980c    00000004                                                       : PowerCC32XX_freertos.obj (.data)
                  20009810    00000004     rtsv7M4_T_le_eabi.lib : vla_alloc.c.obj (.data)

.stack     0    2003fc00    00000400     UNINITIALIZED
                  2003fc00    00000004     rtsv7M4_T_le_eabi.lib : boot_cortex_m.c.obj (.stack)
                  2003fc04    000003fc     --HOLE--

__llvm_prf_cnts 
*          0    20000000    00000000     UNINITIALIZED

.binit     0    01000000    00000000     

MODULE SUMMARY

       Module                       code    ro data   rw data
       ------                       ----    -------   -------
    .\
       task_rgb.obj                 1498    0         0      
       task_ultrasonic.obj          1072    0         0      
       sensors_queues.obj           496     0         24     
       main_freertos.obj            366     0         81     
       uart_term.obj                278     0         4      
       debug_if.obj                 129     0         0      
       timerRGB.obj                 100     0         0      
       timerUS.obj                  100     0         0      
       sensors_main.obj             24      0         0      
    +--+----------------------------+-------+---------+---------+
       Total:                       4063    0         109    
                                                             
    .\syscfg\
       ti_drivers_config.obj        34      282       1700   
    +--+----------------------------+-------+---------+---------+
       Total:                       34      282       1700   
                                                             
    C:/Users/Kaito/Desktop/CCS/freertos_builds_CC3220SF_LAUNCHXL_release_ccs/Debug/freertos_builds_CC3220SF_LAUNCHXL_release_ccs.lib
       heap_4.obj                   904     0         32800  
       tasks.obj                    4562    0         360    
       queue.obj                    3098    0         0      
       HwiPCC32XX_freertos.obj      368     0         2052   
       timers.obj                   1562    0         60     
       startup_cc32xx_ccs.obj       106     64        780    
       pthread.obj                  798     6         20     
       port.obj                     700     8         24     
       ClockP_freertos.obj          646     0         4      
       PowerCC32XX_freertos.obj     454     0         4      
       list.obj                     298     0         0      
       SemaphoreP_freertos.obj      250     0         0      
       memory.obj                   192     0         0      
       portasm.obj                  186     0         0      
       PTLS.obj                     70      0         0      
       aeabi_portable.obj           64      0         4      
       sleep.obj                    60      0         0      
    +--+----------------------------+-------+---------+---------+
       Total:                       14318   78        36108  
                                                             
    C:/ti/simplelink_cc32xx_sdk_4_10_00_07/source/ti/devices/cc32xx/driverlib/ccs/Release/driverlib.a
       prcm.obj                     1756    168       0      
       interrupt.obj                608     284       0      
       pin.obj                      280     256       0      
       i2c.obj                      318     0         0      
       timer.obj                    264     0         0      
       flash.obj                    72      0         0      
       cpu.obj                      32      0         0      
       systick.obj                  32      0         0      
       uart.obj                     24      0         0      
       udma.obj                     24      0         0      
       utils.obj                    6       0         0      
    +--+----------------------------+-------+---------+---------+
       Total:                       3416    708       0      
                                                             
    C:/ti/simplelink_cc32xx_sdk_4_10_00_07/source/ti/drivers/lib/drivers_cc32xx.aem4
       PowerCC32XX.oem4             2386    0         664    
       UARTCC32XXDMA.oem4           2340    84        0      
       I2CCC32XX.oem4               1770    24        0      
       GPIOCC32XX.oem4              1264    103       65     
       TimerCC32XX.oem4             1132    32        4      
       UDMACC32XX.oem4              270     0         28     
       UART.oem4                    176     36        1      
       I2C.oem4                     172     16        1      
       Timer.oem4                   168     12        1      
       PowerCC32XX_asm.oem4         150     0         0      
       List.oem4                    76      0         0      
    +--+----------------------------+-------+---------+---------+
       Total:                       9904    307       764    
                                                             
    C:\ti\ccs1000\ccs\tools\compiler\ti-cgt-arm_20.2.0.LTS\lib\rtsv7M4_T_le_eabi.lib
       _printfi.c.obj               4835    0         0      
       vla_alloc.c.obj              452     0         4      
       fd_add_t2.asm.obj            438     0         0      
       fd_div_t2.asm.obj            310     0         0      
       fd_cmp_t2.asm.obj            268     0         0      
       ctype.c.obj                  0       257       0      
       fd_mul_t2.asm.obj            252     0         0      
       s_scalbn.c.obj               208     0         0      
       fs_cmp_t2.asm.obj            192     0         0      
       memcpy_t2.asm.obj            156     0         0      
       ull_div_t2.asm.obj           150     0         0      
       fs_div_t2.asm.obj            146     0         0      
       vsnprintf.c.obj              136     0         0      
       fs_mul_t2.asm.obj            122     0         0      
       memset_t2.asm.obj            122     0         0      
       copy_decompress_lzss.c.obj   104     0         0      
       s_frexp.c.obj                92      0         0      
       _ltoa.c.obj                  84      0         0      
       atoi.c.obj                   76      0         0      
       fd_toi_t2.asm.obj            72      0         0      
       autoinit.c.obj               68      0         0      
       fd_tou_t2.asm.obj            68      0         0      
       i_tofd_t2.asm.obj            46      0         0      
       boot_cortex_m.c.obj          36      0         0      
       u_tofs_t2.asm.obj            36      0         0      
       u_tofd_t2.asm.obj            32      0         0      
       memccpy.c.obj                28      0         0      
       ll_mul_t2.asm.obj            24      0         0      
       strchr.c.obj                 22      0         0      
       strlen.c.obj                 20      0         0      
       wcslen.c.obj                 18      0         0      
       copy_decompress_none.c.obj   14      0         0      
       copy_zero_init.c.obj         12      0         0      
       s_copysign.c.obj             12      0         0      
       error.c.obj                  4       0         0      
       exit.c.obj                   4       0         0      
       pre_init.c.obj               4       0         0      
       div0.asm.obj                 2       0         0      
    +--+----------------------------+-------+---------+---------+
       Total:                       8665    257       4      
                                                             
       Stack:                       0       0         1024   
       Linker Generated:            0       280       0      
    +--+----------------------------+-------+---------+---------+
       Grand Total:                 40400   1912      39709  


LINKER GENERATED COPY TABLES

__TI_cinit_table @ 0100ad68 records: 2, size/record: 8, table size: 16
	.data: load addr=0100ac60, load size=000000f4 bytes, run addr=20008ca0, run size=00000b74 bytes, compression=lzss
	.bss: load addr=0100ad60, load size=00000008 bytes, run addr=20000400, run size=0000889d bytes, compression=zero_init


LINKER GENERATED HANDLER TABLE

__TI_handler_table @ 0100ad54 records: 3, size/record: 4, table size: 12
	index: 0, handler: __TI_decompress_lzss
	index: 1, handler: __TI_decompress_none
	index: 2, handler: __TI_zero_init


GLOBAL SYMBOLS: SORTED ALPHABETICALLY BY Name 

address   name                               
-------   ----                               
0100a421  Board_init                         
0100128f  Board_initHook                     
0100a62b  C$$EXIT                            
0100abb1  CONFIG_GPIO_0_CONST                
0100abb2  CONFIG_I2C_0_CONST                 
0100abb4  CONFIG_TIMER_0_CONST               
0100abb5  CONFIG_TIMER_1_CONST               
0100abb6  CONFIG_TIMER_2_CONST               
0100abb8  CONFIG_UART_0_CONST                
0100a2e9  CPUcpsie                           
0100a4f9  CPUwfi                             
01009fc3  ClockP_Params_init                 
01008f85  ClockP_callbackFxn                 
010061f1  ClockP_create                      
010080d9  ClockP_delete                      
01009e11  ClockP_getCpuFreq                  
0100a431  ClockP_getSystemTickPeriod         
0100a221  ClockP_setTimeout                  
01009ef1  ClockP_start                       
01007721  ClockP_stop                        
0100889d  FlashDisable                       
0100ab58  GPIOCC32XX_config                  
010085a5  GPIO_enableInt                     
01007171  GPIO_hwiIntFxn                     
010051cd  GPIO_init                          
01009295  GPIO_read                          
01007aed  GPIO_setCallback                   
01002385  GPIO_setConfig                     
01007d15  GPIO_write                         
01009f0f  HwiP_Params_init                   
0100a505  HwiP_clearInterrupt                
0100784d  HwiP_create                        
0100a3d9  HwiP_delete                        
010097a5  HwiP_disable                       
0100a511  HwiP_disableInterrupt              
010088e5  HwiP_dispatch                      
20008ca0  HwiP_dispatchTable                 
0100a51d  HwiP_enableInterrupt               
01009a5d  HwiP_inISR                         
01009e31  HwiP_restore                       
01009629  I2CCC32XX_cancel                   
01006859  I2CCC32XX_close                    
0100a611  I2CCC32XX_control                  
0100aaf8  I2CCC32XX_fxnTable                 
01002c73  I2CCC32XX_init                     
010046cd  I2CCC32XX_open                     
010043ad  I2CCC32XX_transfer                 
01009bed  I2CFIFODataGetNonBlocking          
01009a85  I2CFIFODataPutNonBlocking          
0100a441  I2CFIFOStatus                      
0100a237  I2CMasterBurstLengthSet            
0100a0a1  I2CMasterBusBusy                   
0100a3eb  I2CMasterIntClearEx                
0100a0b9  I2CMasterIntDisableEx              
0100a0d1  I2CMasterIntEnableEx               
01009f2d  I2CMasterIntStatusEx               
01009da9  I2CMasterSlaveAddrSet              
0100a0e9  I2CRxFIFOFlush                     
0100a101  I2CTxFIFOFlush                     
0100a451  I2C_Params_init                    
0100abec  I2C_config                         
0100abb3  I2C_count                          
0100abbc  I2C_defaultParams                  
01008add  I2C_init                           
01008d85  I2C_open                           
0100a119  I2C_transfer                       
0100812d  InitTerm                           
01005d59  IntDisable                         
01005e01  IntEnable                          
0100a5ad  IntMasterEnable                    
01007d6d  IntPendClear                       
01008181  IntPrioritySet                     
01009e51  IntRegister                        
01009cad  IntUnregister                      
0100a2fd  IntVTableBaseSet                   
0100abb0  LIMIT_SWITCH_CONST                 
01009c13  List_put                           
01009c39  List_remove                        
01009fe1  Message                            
01001291  PRCMCC3200MCUInit                  
0100a24d  PRCMHIBRegRead                     
0100a263  PRCMHIBRegWrite                    
0100892d  PRCMLPDSEnter                      
010092cd  PRCMLPDSEnterKeepDebugIf           
010097d1  PRCMLPDSIntervalSet                
01008b21  PRCMLPDSRestoreInfoSet             
01009aad  PRCMLPDSWakeupSourceEnable         
01009ad5  PRCMPeripheralClkDisable           
01008975  PRCMPeripheralClkEnable            
01007dc5  PRCMPeripheralReset                
0100a5f1  PRCMSleepEnter                     
01009041  PRCMSlowClkCtrFastGet              
010078ad  PRCMSysResetCauseGet               
0100a279  PTLS_getBuf                        
0100a28f  PTLS_setBuf                        
0100a06d  PTLS_taskDeleteHook                
010068e1  PinConfigSet                       
01009455  PinModeGet                         
01008dc5  PinModeSet                         
01009ffd  PinToPadGet                        
0100a9b0  PowerCC32XX_config                 
01005ea9  PowerCC32XX_configureWakeup        
20008800  PowerCC32XX_contextSave            
01008b65  PowerCC32XX_enterLPDS              
010097fd  PowerCC32XX_getParkState           
0100416f  PowerCC32XX_initPolicy             
200094a0  PowerCC32XX_module                 
010085f1  PowerCC32XX_parkPin                
01009cd1  PowerCC32XX_reset                  
01009489  PowerCC32XX_restoreParkState       
01009659  PowerCC32XX_restoreParkedPin       
0100827d  PowerCC32XX_resumeLPDS             
01007785  PowerCC32XX_setParkState           
01002c75  PowerCC32XX_sleepPolicy            
0100a535  Power_getConstraintMask            
0100a311  Power_getDependencyCount           
0100a4cf  Power_getTransitionLatency         
0100a131  Power_idleFunc                     
01006b85  Power_init                         
01009afd  Power_registerNotify               
010089bd  Power_releaseConstraint            
01007e1d  Power_releaseDependency            
0100907d  Power_setConstraint                
01006d11  Power_setDependency                
01003a51  Power_sleep                        
01009e71  Power_unregisterNotify             
01006149  Report                             
0100a2a5  SemaphoreP_Params_init             
01007fd5  SemaphoreP_create                  
01009829  SemaphoreP_createBinary            
0100a541  SemaphoreP_delete                  
010094bd  SemaphoreP_pend                    
01009dcb  SemaphoreP_post                    
0100a461  SysTickDisable                     
0100a471  SysTickEnable                      
01008375  TimerCC32XX_allocateTimerResource  
0100925b  TimerCC32XX_close                  
0100a617  TimerCC32XX_control                
010094f1  TimerCC32XX_freeTimerResource      
0100aad8  TimerCC32XX_fxnTable               
0100a149  TimerCC32XX_getCount               
010045c7  TimerCC32XX_init                   
01003df9  TimerCC32XX_open                   
01006969  TimerCC32XX_setPeriod              
010071e9  TimerCC32XX_start                  
0100802b  TimerCC32XX_stop                   
0100941d  TimerControlStall                  
01009f4b  TimerDisable                       
01009f69  TimerEnable                        
0100a3fd  TimerIntClear                      
0100a161  TimerIntDisable                    
0100a179  TimerIntEnable                     
01009989  TimerLoadSet                       
010099b3  TimerPrescaleSet                   
0100a481  Timer_Params_init                  
0100aa48  Timer_config                       
0100abb7  Timer_count                        
0100a5b7  Timer_getCount                     
01008ba9  Timer_init                         
01008e05  Timer_open                         
0100a5c1  Timer_start                        
0100a191  UARTBusy                           
01004ac5  UARTCC32XXDMA_close                
0100790d  UARTCC32XXDMA_control              
0100aa20  UARTCC32XXDMA_fxnTable             
010057c3  UARTCC32XXDMA_init                 
01002179  UARTCC32XXDMA_open                 
01006d91  UARTCC32XXDMA_read                 
010099dd  UARTCC32XXDMA_readCancel           
01006f0d  UARTCC32XXDMA_readPolling          
010067cd  UARTCC32XXDMA_write                
01009a07  UARTCC32XXDMA_writeCancel          
010083c5  UARTCC32XXDMA_writePolling         
0100a1a9  UART_Params_init                   
0100abf8  UART_config                        
0100a5cb  UART_control                       
0100abb9  UART_count                         
0100aa6c  UART_defaultParams                 
01008bed  UART_init                          
01008e45  UART_open                          
0100a5d5  UART_writePolling                  
01009525  UDMACC32XX_close                   
0100ac1c  UDMACC32XX_config                  
01008e85  UDMACC32XX_init                    
01006e91  UDMACC32XX_open                    
0100abaf  US1_ECHO_CONST                     
0100aba8  US1_TRIGGER_CONST                  
0100abad  US2_ECHO_CONST                     
0100aba9  US2_TRIGGER_CONST                  
0100abae  US3_ECHO_CONST                     
0100abaa  US3_TRIGGER_CONST                  
0100abac  US4_ECHO_CONST                     
0100abab  US4_TRIGGER_CONST                  
0100a61d  UtilsDelay                         
20040000  __STACK_END                        
00000400  __STACK_SIZE                       
0100ad68  __TI_CINIT_Base                    
0100ad78  __TI_CINIT_Limit                   
0100ad54  __TI_Handler_Table_Base            
0100ad60  __TI_Handler_Table_Limit           
01008c31  __TI_auto_init_nobinit_nopinit     
01007587  __TI_decompress_lzss               
0100a4dd  __TI_decompress_none               
010081d5  __TI_ltoa                          
ffffffff  __TI_pprof_out_hndl                
01000841  __TI_printfi                       
ffffffff  __TI_prof_data_size                
ffffffff  __TI_prof_data_start               
0100ac60  __TI_static_base__                 
0100a559  __TI_zero_init                     
0100a623  __abort_execution                  
01006a79  __aeabi_cdcmpeq                    
01006a79  __aeabi_cdcmple                    
01006aff  __aeabi_cdrcmple                   
0100796d  __aeabi_cfcmpeq                    
0100796d  __aeabi_cfcmple                    
010079cd  __aeabi_cfrcmple                   
01008a05  __aeabi_d2iz                       
01008cb9  __aeabi_d2uiz                      
01002ac7  __aeabi_dadd                       
01003cc1  __aeabi_ddiv                       
010048cd  __aeabi_dmul                       
01002abd  __aeabi_dsub                       
01008ec5  __aeabi_errno_addr                 
0100658d  __aeabi_fdiv                       
01007001  __aeabi_fmul                       
01009777  __aeabi_i2d                        
0100716f  __aeabi_idiv0                      
0100716f  __aeabi_ldiv0                      
0100a209  __aeabi_lmul                       
0100707b  __aeabi_memclr                     
0100707b  __aeabi_memclr4                    
0100707b  __aeabi_memclr8                    
0100632d  __aeabi_memcpy                     
0100632d  __aeabi_memcpy4                    
0100632d  __aeabi_memcpy8                    
0100707d  __aeabi_memset                     
0100707d  __aeabi_memset4                    
0100707d  __aeabi_memset8                    
01009ed1  __aeabi_ui2d                       
01009d3d  __aeabi_ui2f                       
01006461  __aeabi_uldivmod                   
ffffffff  __binit__                          
ffffffff  __c_args__                         
UNDEFED   __mpu_init                         
2003fc00  __stack                            
20000000  __start___llvm_prf_cnts            
20000000  __stop___llvm_prf_cnts             
0100353d  __vla_alloc                        
01009cf5  _c_int00_noargs                    
0100a630  _ctypes_                           
01009c5f  _pthread_cleanup_pop               
UNDEFED   _system_post_cinit                 
0100a627  _system_pre_init                   
0100a62b  abort                              
0100863d  atoi                               
ffffffff  binit                              
20008c90  blueRaw                            
20008c92  clearRaw                           
0100a54d  copysign                           
0100a54d  copysignl                          
20008c98  currentInt                         
20008c99  currentState                       
01009a31  dbgOutputLoc                       
01007e75  eTaskConfirmSleepModeStatus        
0100a565  echoCallback                       
20008c38  end                                
01008415  errorHalt                          
0100a1d9  free                               
01007b49  frexp                              
01007b49  frexpl                             
01007ecd  fsm                                
20008c9a  gain                               
01001a1d  getTime                            
20009738  gpioCallbackFunctions              
20009760  gpioPinConfigs                     
20008c94  greenRaw                           
0100abdc  i2cCC32XXHWAttrs                   
20008afc  i2cCC32XXObjects                   
01001ca5  i2cCallback                        
0100ac42  inPinTypes                         
01006291  initQueue                          
0100a4eb  initSwitch                         
01008465  initTimerRGB                       
010084b5  initTimerUS                        
01008689  initVectors                        
0100a5f9  init_gpio                          
20008c9b  integrationTime                    
010050fd  ldexp                              
010050fd  ldexpl                             
0100311d  main                               
0100a1f1  mainThread                         
01008d41  malloc                             
0100a019  memccpy                            
0100632d  memcpy                             
01007083  memset                             
0100ac48  outPinStrengths                    
0100ac2c  outPinTypes                        
2000960c  parkInfo                           
0100a035  pthread_attr_init                  
01009ded  pthread_attr_setdetachstate        
01009b25  pthread_attr_setschedparam         
0100a339  pthread_attr_setstacksize          
01003b89  pthread_create                     
01007c01  pthread_exit                       
0100a34d  pthread_self                       
01009001  pthread_setcancelstate             
01002e25  pvPortMalloc                       
01009131  pvTaskGetThreadLocalStoragePointer 
0100a051  pvTaskIncrementMutexHeldCount      
01009749  pvTimerGetTimerID                  
20009704  pxCurrentTCB                       
[...]
01009bc5  xTaskGetApplicationTaskTag         
0100a3b1  xTaskGetCurrentTaskHandle          
01009719  xTaskGetSchedulerState             
0100a3c5  xTaskGetTickCount                  
010033e5  xTaskIncrementTick                 
01004d95  xTaskPriorityDisinherit            
01005029  xTaskPriorityInherit               
010060a1  xTaskRemoveFromEventList           
01004291  xTaskResumeAll                     
010091e5  xTimerCreate                       
01008229  xTimerCreateTimerTask              
01006c8d  xTimerGenericCommand               


GLOBAL SYMBOLS: SORTED BY Symbol Address 

address   name                               
-------   ----                               
00000400  __STACK_SIZE                       
01000800  resetVectors                       
01000841  __TI_printfi                       
0100128f  Board_initHook                     
01001291  PRCMCC3200MCUInit                  
010016bd  rgbTask                            
01001a1d  getTime                            
01001ca5  i2cCallback                        
01002179  UARTCC32XXDMA_open                 
01002385  GPIO_setConfig                     
01002569  xQueueSemaphoreTake                
01002905  xQueueGenericSend                  
01002abd  __aeabi_dsub                       
01002ac7  __aeabi_dadd                       
01002c73  I2CCC32XX_init                     
01002c75  PowerCC32XX_sleepPolicy            
01002e25  pvPortMalloc                       
01002fa1  xQueueReceive                      
0100311d  main                               
010033e5  xTaskIncrementTick                 
0100353d  __vla_alloc                        
010037d1  usTask                             
01003a51  Power_sleep                        
01003b89  pthread_create                     
01003cc1  __aeabi_ddiv                       
01003df9  TimerCC32XX_open                   
0100416f  PowerCC32XX_initPolicy             
01004291  xTaskResumeAll                     
010043ad  I2CCC32XX_transfer                 
010044bd  xQueueGenericSendFromISR           
010045c7  TimerCC32XX_init                   
010045c9  vTaskPriorityDisinheritAfterTimeout
010046cd  I2CCC32XX_open                     
010047cd  vTaskDelete                        
010048cd  __aeabi_dmul                       
010049c9  vTaskSuspend                       
01004ac5  UARTCC32XXDMA_close                
01004bbd  xQueueGiveFromISR                  
01004d95  xTaskPriorityDisinherit            
01004e75  vTaskSwitchContext                 
01004f51  xQueueReceiveFromISR               
01005029  xTaskPriorityInherit               
010050fd  ldexp                              
010050fd  ldexpl                             
010050fd  scalbn                             
010050fd  scalbnl                            
010051cd  GPIO_init                          
01005415  xPortStartScheduler                
01005719  ulPortGetIPSR                      
01005731  xPortPendSVHandler                 
0100577d  vPortSVCHandler                    
010057a1  vPortStartFirstTask                
010057c3  UARTCC32XXDMA_init                 
0100587d  xQueueGenericReset                 
01005b4d  xTaskCheckForTimeOut               
01005d59  IntDisable                         
01005e01  IntEnable                          
01005ea9  PowerCC32XX_configureWakeup        
01005ff9  vPortFree                          
010060a1  xTaskRemoveFromEventList           
01006149  Report                             
010061f1  ClockP_create                      
01006291  initQueue                          
0100632d  __aeabi_memcpy                     
0100632d  __aeabi_memcpy4                    
0100632d  __aeabi_memcpy8                    
0100632d  memcpy                             
01006461  __aeabi_uldivmod                   
010064f9  vTaskStartScheduler                
0100658d  __aeabi_fdiv                       
010067cd  UARTCC32XXDMA_write                
01006859  I2CCC32XX_close                    
010068e1  PinConfigSet                       
01006969  TimerCC32XX_setPeriod              
01006a79  __aeabi_cdcmpeq                    
01006a79  __aeabi_cdcmple                    
01006aff  __aeabi_cdrcmple                   
01006b85  Power_init                         
01006c8d  xTimerGenericCommand               
01006d11  Power_setDependency                
01006d91  UARTCC32XXDMA_read                 
01006e91  UDMACC32XX_open                    
01006f0d  UARTCC32XXDMA_readPolling          
01007001  __aeabi_fmul                       
0100707b  __aeabi_memclr                     
0100707b  __aeabi_memclr4                    
0100707b  __aeabi_memclr8                    
0100707d  __aeabi_memset                     
0100707d  __aeabi_memset4                    
0100707d  __aeabi_memset8                    
01007083  memset                             
010070f5  xTaskCreate                        
0100716f  __aeabi_idiv0                      
0100716f  __aeabi_ldiv0                      
01007171  GPIO_hwiIntFxn                     
010071e9  TimerCC32XX_start                  
010073c5  vPortValidateInterruptPriority     
01007587  __TI_decompress_lzss               
01007655  realloc                            
010076bb  vListInsert                        
01007721  ClockP_stop                        
01007785  PowerCC32XX_setParkState           
0100784d  HwiP_create                        
010078ad  PRCMSysResetCauseGet               
0100790d  UARTCC32XXDMA_control              
0100796d  __aeabi_cfcmpeq                    
0100796d  __aeabi_cfcmple                    
010079cd  __aeabi_cfrcmple                   
01007a2d  xQueueGenericCreate                
01007aed  GPIO_setCallback                   
01007b49  frexp                              
01007b49  frexpl                             
01007c01  pthread_exit                       
01007c5d  vQueueWaitForMessageRestricted     
01007cb9  vTaskDelay                         
01007d15  GPIO_write                         
01007d6d  IntPendClear                       
01007dc5  PRCMPeripheralReset                
01007e1d  Power_releaseDependency            
01007e75  eTaskConfirmSleepModeStatus        
01007ecd  fsm                                
01007f25  vPortSetupTimerInterrupt           
01007f7d  xQueueCreateCountingSemaphore      
01007fd5  SemaphoreP_create                  
0100802b  TimerCC32XX_stop                   
010080d9  ClockP_delete                      
0100812d  InitTerm                           
01008181  IntPrioritySet                     
010081d5  __TI_ltoa                          
01008229  xTimerCreateTimerTask              
0100827d  PowerCC32XX_resumeLPDS             
01008375  TimerCC32XX_allocateTimerResource  
010083c5  UARTCC32XXDMA_writePolling         
01008415  errorHalt                          
01008465  initTimerRGB                       
010084b5  initTimerUS                        
01008505  pxPortInitialiseStack              
010085a5  GPIO_enableInt                     
010085f1  PowerCC32XX_parkPin                
0100863d  atoi                               
01008689  initVectors                        
010087b9  vPortEnterCritical                 
01008805  vTaskSetThreadLocalStoragePointer  
0100889d  FlashDisable                       
010088e5  HwiP_dispatch                      
0100892d  PRCMLPDSEnter                      
01008975  PRCMPeripheralClkEnable            
010089bd  Power_releaseConstraint            
01008a05  __aeabi_d2iz                       
01008a4d  uxListRemove                       
01008add  I2C_init                           
01008b21  PRCMLPDSRestoreInfoSet             
01008b65  PowerCC32XX_enterLPDS              
01008ba9  Timer_init                         
01008bed  UART_init                          
01008c31  __TI_auto_init_nobinit_nopinit     
01008cb9  __aeabi_d2uiz                      
01008cfd  vTaskStepTick                      
01008d41  malloc                             
01008d85  I2C_open                           
01008dc5  PinModeSet                         
01008e05  Timer_open                         
01008e45  UART_open                          
01008e85  UDMACC32XX_init                    
01008ec5  __aeabi_errno_addr                 
01008f05  vTaskPlaceOnEventListRestricted    
01008f45  vsnprintf                          
01008f85  ClockP_callbackFxn                 
01009001  pthread_setcancelstate             
01009041  PRCMSlowClkCtrFastGet              
0100907d  Power_setConstraint                
01009131  pvTaskGetThreadLocalStoragePointer 
0100916d  usleep                             
010091a9  vListInsertEnd                     
010091e5  xTimerCreate                       
0100925b  TimerCC32XX_close                  
01009295  GPIO_read                          
010092cd  PRCMLPDSEnterKeepDebugIf           
0100941d  TimerControlStall                  
01009455  PinModeGet                         
01009489  PowerCC32XX_restoreParkState       
010094bd  SemaphoreP_pend                    
010094f1  TimerCC32XX_freeTimerResource      
01009525  UDMACC32XX_close                   
010095c1  vTaskPlaceOnEventList              
01009629  I2CCC32XX_cancel                   
01009659  PowerCC32XX_restoreParkedPin       
010096b9  vListInitialise                    
010096e9  vPortExitCritical                  
01009719  xTaskGetSchedulerState             
01009749  pvTimerGetTimerID                  
01009777  __aeabi_i2d                        
010097a5  HwiP_disable                       
010097d1  PRCMLPDSIntervalSet                
010097fd  PowerCC32XX_getParkState           
01009829  SemaphoreP_createBinary            
01009855  sendMsgToQueueRGB                  
01009881  sendMsgToQueueSwitch               
010098ad  sendMsgToQueueTriggerRGBSwitch     
010098d9  sendMsgToQueueTriggerUS            
01009905  sendMsgToQueueUS                   
01009931  vTaskSetApplicationTaskTag         
0100995d  xPortSysTickHandler                
01009989  TimerLoadSet                       
010099b3  TimerPrescaleSet                   
010099dd  UARTCC32XXDMA_readCancel           
01009a07  UARTCC32XXDMA_writeCancel          
01009a31  dbgOutputLoc                       
01009a5d  HwiP_inISR                         
01009a85  I2CFIFODataPutNonBlocking          
01009aad  PRCMLPDSWakeupSourceEnable         
01009ad5  PRCMPeripheralClkDisable           
01009afd  Power_registerNotify               
01009b25  pthread_attr_setschedparam         
01009b4d  receiveMsgFromQueueTriggerRGBSwitch
01009b75  receiveMsgFromQueueTriggerUS       
01009b9d  receiveMsgFromQueueUS              
01009bc5  xTaskGetApplicationTaskTag         
01009bed  I2CFIFODataGetNonBlocking          
01009c13  List_put                           
01009c39  List_remove                        
01009c5f  _pthread_cleanup_pop               
01009cad  IntUnregister                      
01009cd1  PowerCC32XX_reset                  
01009cf5  _c_int00_noargs                    
01009d3d  __aeabi_ui2f                       
01009d61  vQueueDelete                       
01009d85  vTaskInternalSetTimeOutState       
01009da9  I2CMasterSlaveAddrSet              
01009dcb  SemaphoreP_post                    
01009ded  pthread_attr_setdetachstate        
01009e11  ClockP_getCpuFreq                  
01009e31  HwiP_restore                       
01009e51  IntRegister                        
01009e71  Power_unregisterNotify             
01009ed1  __aeabi_ui2d                       
01009ef1  ClockP_start                       
01009f0f  HwiP_Params_init                   
01009f2d  I2CMasterIntStatusEx               
01009f4b  TimerDisable                       
01009f69  TimerEnable                        
01009fc3  ClockP_Params_init                 
01009fe1  Message                            
01009ffd  PinToPadGet                        
0100a019  memccpy                            
0100a035  pthread_attr_init                  
0100a051  pvTaskIncrementMutexHeldCount      
0100a06d  PTLS_taskDeleteHook                
0100a0a1  I2CMasterBusBusy                   
0100a0b9  I2CMasterIntDisableEx              
0100a0d1  I2CMasterIntEnableEx               
0100a0e9  I2CRxFIFOFlush                     
0100a101  I2CTxFIFOFlush                     
0100a119  I2C_transfer                       
0100a131  Power_idleFunc                     
0100a149  TimerCC32XX_getCount               
0100a161  TimerIntDisable                    
0100a179  TimerIntEnable                     
0100a191  UARTBusy                           
0100a1a9  UART_Params_init                   
0100a1d9  free                               
0100a1f1  mainThread                         
0100a209  __aeabi_lmul                       
0100a221  ClockP_setTimeout                  
0100a237  I2CMasterBurstLengthSet            
0100a24d  PRCMHIBRegRead                     
0100a263  PRCMHIBRegWrite                    
0100a279  PTLS_getBuf                        
0100a28f  PTLS_setBuf                        
0100a2a5  SemaphoreP_Params_init             
0100a2bd  resetISR                           
0100a2cc  resetVectorAddr                    
0100a2d3  strchr                             
0100a2e9  CPUcpsie                           
0100a2fd  IntVTableBaseSet                   
0100a311  Power_getDependencyCount           
0100a339  pthread_attr_setstacksize          
0100a34d  pthread_self                       
0100a361  strlen                             
0100a375  timerCallback                      
0100a389  timerRGBCallback                   
0100a39d  vPortSuppressTicksAndSleep         
0100a3b1  xTaskGetCurrentTaskHandle          
0100a3c5  xTaskGetTickCount                  
0100a3d9  HwiP_delete                        
0100a3eb  I2CMasterIntClearEx                
0100a3fd  TimerIntClear                      
0100a40f  wcslen                             
0100a421  Board_init                         
0100a431  ClockP_getSystemTickPeriod         
0100a441  I2CFIFOStatus                      
0100a451  I2C_Params_init                    
0100a461  SysTickDisable                     
0100a471  SysTickEnable                      
0100a481  Timer_Params_init                  
0100a4a1  vListInitialiseItem                
0100a4b1  vTaskSuspendAll                    
0100a4cf  Power_getTransitionLatency         
0100a4dd  __TI_decompress_none               
0100a4eb  initSwitch                         
0100a4f9  CPUwfi                             
0100a505  HwiP_clearInterrupt                
0100a511  HwiP_disableInterrupt              
0100a51d  HwiP_enableInterrupt               
0100a535  Power_getConstraintMask            
0100a541  SemaphoreP_delete                  
0100a54d  copysign                           
0100a54d  copysignl                          
0100a559  __TI_zero_init                     
0100a565  echoCallback                       
0100a589  uDMAErrorStatusClear               
0100a595  uDMAErrorStatusGet                 
0100a5a1  vTaskMissedYield                   
0100a5ad  IntMasterEnable                    
0100a5b7  Timer_getCount                     
0100a5c1  Timer_start                        
0100a5cb  UART_control                       
0100a5d5  UART_writePolling                  
0100a5df  vApplicationStackOverflowHook      
0100a5f1  PRCMSleepEnter                     
0100a5f9  init_gpio                          
0100a611  I2CCC32XX_control                  
0100a617  TimerCC32XX_control                
0100a61d  UtilsDelay                         
0100a623  __abort_execution                  
0100a627  _system_pre_init                   
0100a62b  C$$EXIT                            
0100a62b  abort                              
0100a630  _ctypes_                           
0100a9b0  PowerCC32XX_config                 
0100a9f0  timerCC32XXHWAttrs                 
0100aa20  UARTCC32XXDMA_fxnTable             
0100aa48  Timer_config                       
0100aa6c  UART_defaultParams                 
0100aad8  TimerCC32XX_fxnTable               
0100aaf8  I2CCC32XX_fxnTable                 
0100ab58  GPIOCC32XX_config                  
0100aba8  US1_TRIGGER_CONST                  
0100aba9  US2_TRIGGER_CONST                  
0100abaa  US3_TRIGGER_CONST                  
0100abab  US4_TRIGGER_CONST                  
0100abac  US4_ECHO_CONST                     
0100abad  US2_ECHO_CONST                     
0100abae  US3_ECHO_CONST                     
0100abaf  US1_ECHO_CONST                     
0100abb0  LIMIT_SWITCH_CONST                 
0100abb1  CONFIG_GPIO_0_CONST                
0100abb2  CONFIG_I2C_0_CONST                 
0100abb3  I2C_count                          
0100abb4  CONFIG_TIMER_0_CONST               
0100abb5  CONFIG_TIMER_1_CONST               
0100abb6  CONFIG_TIMER_2_CONST               
0100abb7  Timer_count                        
0100abb8  CONFIG_UART_0_CONST                
0100abb9  UART_count                         
0100abbc  I2C_defaultParams                  
0100abdc  i2cCC32XXHWAttrs                   
0100abec  I2C_config                         
0100abf8  UART_config                        
0100ac10  udmaCC3220SHWAttrs                 
0100ac1c  UDMACC32XX_config                  
0100ac24  ulMaxSyscallInterruptPriority      
0100ac2c  outPinTypes                        
0100ac42  inPinTypes                         
0100ac48  outPinStrengths                    
0100ac60  __TI_static_base__                 
0100ad54  __TI_Handler_Table_Base            
0100ad60  __TI_Handler_Table_Limit           
0100ad68  __TI_CINIT_Base                    
0100ad78  __TI_CINIT_Limit                   
20000000  __start___llvm_prf_cnts            
20000000  __stop___llvm_prf_cnts             
20008800  PowerCC32XX_contextSave            
200089f4  timerCC32XXObjects                 
20008a90  uartCC32XXObjects0                 
20008afc  i2cCC32XXObjects                   
20008c38  end                                
20008c40  start                              
20008c48  udmaCC3220SObject                  
20008c50  us1_total                          
20008c58  us2_total                          
20008c60  us3_total                          
20008c68  us4_total                          
20008c7c  timerUS                            
20008c80  us1_count                          
20008c84  us2_count                          
20008c88  us3_count                          
20008c8c  us4_count                          
20008c90  blueRaw                            
20008c92  clearRaw                           
20008c94  greenRaw                           
20008c96  redRaw                             
20008c98  currentInt                         
20008c99  currentState                       
20008c9a  gain                               
20008c9b  integrationTime                    
20008c9c  stateRGB                           
20008ca0  HwiP_dispatchTable                 
200094a0  PowerCC32XX_module                 
2000960c  parkInfo                           
20009704  pxCurrentTCB                       
20009738  gpioCallbackFunctions              
20009760  gpioPinConfigs                     
200097b8  xQueueUS                           
200097bc  xQueueRGB                          
200097c0  xQueueSwitch                       
200097c4  xQueueMQTT                         
200097c8  xQueueTriggerUS                    
200097cc  xQueueTriggerRGBSwitch             
2003fc00  __stack                            
20040000  __STACK_END                        
ffffffff  __TI_pprof_out_hndl                
ffffffff  __TI_prof_data_size                
ffffffff  __TI_prof_data_start               
ffffffff  __binit__                          
ffffffff  __c_args__                         
ffffffff  binit                              
UNDEFED   __mpu_init                         
UNDEFED   _system_post_cinit                 

[419 symbols]
